ARM GAS  /var/folders/5c/srt4fy4j1pd641bjfx75k5000000gn/T//ccR23NuW.s 			page 1


   1              		.cpu cortex-m4
   2              		.arch armv7e-m
   3              		.fpu fpv4-sp-d16
   4              		.eabi_attribute 27, 1
   5              		.eabi_attribute 28, 1
   6              		.eabi_attribute 20, 1
   7              		.eabi_attribute 21, 1
   8              		.eabi_attribute 23, 3
   9              		.eabi_attribute 24, 1
  10              		.eabi_attribute 25, 1
  11              		.eabi_attribute 26, 1
  12              		.eabi_attribute 30, 1
  13              		.eabi_attribute 34, 1
  14              		.eabi_attribute 18, 4
  15              		.file	"tim.c"
  16              		.text
  17              	.Ltext0:
  18              		.cfi_sections	.debug_frame
  19              		.file 1 "Core/Src/tim.c"
  20              		.section	.text.HAL_TIM_PWM_MspInit,"ax",%progbits
  21              		.align	1
  22              		.global	HAL_TIM_PWM_MspInit
  23              		.syntax unified
  24              		.thumb
  25              		.thumb_func
  27              	HAL_TIM_PWM_MspInit:
  28              	.LVL0:
  29              	.LFB125:
   1:Core/Src/tim.c **** /* USER CODE BEGIN Header */
   2:Core/Src/tim.c **** /**
   3:Core/Src/tim.c ****   ******************************************************************************
   4:Core/Src/tim.c ****   * @file    tim.c
   5:Core/Src/tim.c ****   * @brief   This file provides code for the configuration
   6:Core/Src/tim.c ****   *          of the TIM instances.
   7:Core/Src/tim.c ****   ******************************************************************************
   8:Core/Src/tim.c ****   * @attention
   9:Core/Src/tim.c ****   *
  10:Core/Src/tim.c ****   * Copyright (c) 2025 STMicroelectronics.
  11:Core/Src/tim.c ****   * All rights reserved.
  12:Core/Src/tim.c ****   *
  13:Core/Src/tim.c ****   * This software is licensed under terms that can be found in the LICENSE file
  14:Core/Src/tim.c ****   * in the root directory of this software component.
  15:Core/Src/tim.c ****   * If no LICENSE file comes with this software, it is provided AS-IS.
  16:Core/Src/tim.c ****   *
  17:Core/Src/tim.c ****   ******************************************************************************
  18:Core/Src/tim.c ****   */
  19:Core/Src/tim.c **** /* USER CODE END Header */
  20:Core/Src/tim.c **** /* Includes ------------------------------------------------------------------*/
  21:Core/Src/tim.c **** #include "tim.h"
  22:Core/Src/tim.c **** 
  23:Core/Src/tim.c **** /* USER CODE BEGIN 0 */
  24:Core/Src/tim.c **** 
  25:Core/Src/tim.c **** /* USER CODE END 0 */
  26:Core/Src/tim.c **** 
  27:Core/Src/tim.c **** TIM_HandleTypeDef htim2;
  28:Core/Src/tim.c **** TIM_HandleTypeDef htim3;
  29:Core/Src/tim.c **** 
ARM GAS  /var/folders/5c/srt4fy4j1pd641bjfx75k5000000gn/T//ccR23NuW.s 			page 2


  30:Core/Src/tim.c **** /* TIM2 init function */
  31:Core/Src/tim.c **** void MX_TIM2_Init(void)
  32:Core/Src/tim.c **** {
  33:Core/Src/tim.c **** 
  34:Core/Src/tim.c ****   /* USER CODE BEGIN TIM2_Init 0 */
  35:Core/Src/tim.c **** 
  36:Core/Src/tim.c ****   /* USER CODE END TIM2_Init 0 */
  37:Core/Src/tim.c **** 
  38:Core/Src/tim.c ****   TIM_MasterConfigTypeDef sMasterConfig = {0};
  39:Core/Src/tim.c ****   TIM_OC_InitTypeDef sConfigOC = {0};
  40:Core/Src/tim.c **** 
  41:Core/Src/tim.c ****   /* USER CODE BEGIN TIM2_Init 1 */
  42:Core/Src/tim.c **** 
  43:Core/Src/tim.c ****   /* USER CODE END TIM2_Init 1 */
  44:Core/Src/tim.c ****   htim2.Instance = TIM2;
  45:Core/Src/tim.c ****   htim2.Init.Prescaler = 9;
  46:Core/Src/tim.c ****   htim2.Init.CounterMode = TIM_COUNTERMODE_UP;
  47:Core/Src/tim.c ****   htim2.Init.Period = 299;
  48:Core/Src/tim.c ****   htim2.Init.ClockDivision = TIM_CLOCKDIVISION_DIV1;
  49:Core/Src/tim.c ****   htim2.Init.AutoReloadPreload = TIM_AUTORELOAD_PRELOAD_DISABLE;
  50:Core/Src/tim.c ****   if (HAL_TIM_PWM_Init(&htim2) != HAL_OK)
  51:Core/Src/tim.c ****   {
  52:Core/Src/tim.c ****     Error_Handler();
  53:Core/Src/tim.c ****   }
  54:Core/Src/tim.c ****   sMasterConfig.MasterOutputTrigger = TIM_TRGO_RESET;
  55:Core/Src/tim.c ****   sMasterConfig.MasterSlaveMode = TIM_MASTERSLAVEMODE_DISABLE;
  56:Core/Src/tim.c ****   if (HAL_TIMEx_MasterConfigSynchronization(&htim2, &sMasterConfig) != HAL_OK)
  57:Core/Src/tim.c ****   {
  58:Core/Src/tim.c ****     Error_Handler();
  59:Core/Src/tim.c ****   }
  60:Core/Src/tim.c ****   sConfigOC.OCMode = TIM_OCMODE_PWM1;
  61:Core/Src/tim.c ****   sConfigOC.Pulse = 0;
  62:Core/Src/tim.c ****   sConfigOC.OCPolarity = TIM_OCPOLARITY_HIGH;
  63:Core/Src/tim.c ****   sConfigOC.OCFastMode = TIM_OCFAST_DISABLE;
  64:Core/Src/tim.c ****   if (HAL_TIM_PWM_ConfigChannel(&htim2, &sConfigOC, TIM_CHANNEL_1) != HAL_OK)
  65:Core/Src/tim.c ****   {
  66:Core/Src/tim.c ****     Error_Handler();
  67:Core/Src/tim.c ****   }
  68:Core/Src/tim.c ****   if (HAL_TIM_PWM_ConfigChannel(&htim2, &sConfigOC, TIM_CHANNEL_2) != HAL_OK)
  69:Core/Src/tim.c ****   {
  70:Core/Src/tim.c ****     Error_Handler();
  71:Core/Src/tim.c ****   }
  72:Core/Src/tim.c ****   /* USER CODE BEGIN TIM2_Init 2 */
  73:Core/Src/tim.c **** 
  74:Core/Src/tim.c ****   /* USER CODE END TIM2_Init 2 */
  75:Core/Src/tim.c ****   HAL_TIM_MspPostInit(&htim2);
  76:Core/Src/tim.c **** 
  77:Core/Src/tim.c **** }
  78:Core/Src/tim.c **** /* TIM3 init function */
  79:Core/Src/tim.c **** void MX_TIM3_Init(void)
  80:Core/Src/tim.c **** {
  81:Core/Src/tim.c **** 
  82:Core/Src/tim.c ****   /* USER CODE BEGIN TIM3_Init 0 */
  83:Core/Src/tim.c **** 
  84:Core/Src/tim.c ****   /* USER CODE END TIM3_Init 0 */
  85:Core/Src/tim.c **** 
  86:Core/Src/tim.c ****   TIM_ClockConfigTypeDef sClockSourceConfig = {0};
ARM GAS  /var/folders/5c/srt4fy4j1pd641bjfx75k5000000gn/T//ccR23NuW.s 			page 3


  87:Core/Src/tim.c ****   TIM_MasterConfigTypeDef sMasterConfig = {0};
  88:Core/Src/tim.c ****   TIM_OC_InitTypeDef sConfigOC = {0};
  89:Core/Src/tim.c **** 
  90:Core/Src/tim.c ****   /* USER CODE BEGIN TIM3_Init 1 */
  91:Core/Src/tim.c **** 
  92:Core/Src/tim.c ****   /* USER CODE END TIM3_Init 1 */
  93:Core/Src/tim.c ****   htim3.Instance = TIM3;
  94:Core/Src/tim.c ****   htim3.Init.Prescaler = 1;
  95:Core/Src/tim.c ****   htim3.Init.CounterMode = TIM_COUNTERMODE_UP;
  96:Core/Src/tim.c ****   htim3.Init.Period = 299;
  97:Core/Src/tim.c ****   htim3.Init.ClockDivision = TIM_CLOCKDIVISION_DIV1;
  98:Core/Src/tim.c ****   htim3.Init.AutoReloadPreload = TIM_AUTORELOAD_PRELOAD_DISABLE;
  99:Core/Src/tim.c ****   if (HAL_TIM_Base_Init(&htim3) != HAL_OK)
 100:Core/Src/tim.c ****   {
 101:Core/Src/tim.c ****     Error_Handler();
 102:Core/Src/tim.c ****   }
 103:Core/Src/tim.c ****   sClockSourceConfig.ClockSource = TIM_CLOCKSOURCE_INTERNAL;
 104:Core/Src/tim.c ****   if (HAL_TIM_ConfigClockSource(&htim3, &sClockSourceConfig) != HAL_OK)
 105:Core/Src/tim.c ****   {
 106:Core/Src/tim.c ****     Error_Handler();
 107:Core/Src/tim.c ****   }
 108:Core/Src/tim.c ****   if (HAL_TIM_PWM_Init(&htim3) != HAL_OK)
 109:Core/Src/tim.c ****   {
 110:Core/Src/tim.c ****     Error_Handler();
 111:Core/Src/tim.c ****   }
 112:Core/Src/tim.c ****   sMasterConfig.MasterOutputTrigger = TIM_TRGO_RESET;
 113:Core/Src/tim.c ****   sMasterConfig.MasterSlaveMode = TIM_MASTERSLAVEMODE_DISABLE;
 114:Core/Src/tim.c ****   if (HAL_TIMEx_MasterConfigSynchronization(&htim3, &sMasterConfig) != HAL_OK)
 115:Core/Src/tim.c ****   {
 116:Core/Src/tim.c ****     Error_Handler();
 117:Core/Src/tim.c ****   }
 118:Core/Src/tim.c ****   sConfigOC.OCMode = TIM_OCMODE_PWM1;
 119:Core/Src/tim.c ****   sConfigOC.Pulse = 0;
 120:Core/Src/tim.c ****   sConfigOC.OCPolarity = TIM_OCPOLARITY_HIGH;
 121:Core/Src/tim.c ****   sConfigOC.OCFastMode = TIM_OCFAST_DISABLE;
 122:Core/Src/tim.c ****   if (HAL_TIM_PWM_ConfigChannel(&htim3, &sConfigOC, TIM_CHANNEL_1) != HAL_OK)
 123:Core/Src/tim.c ****   {
 124:Core/Src/tim.c ****     Error_Handler();
 125:Core/Src/tim.c ****   }
 126:Core/Src/tim.c ****   if (HAL_TIM_PWM_ConfigChannel(&htim3, &sConfigOC, TIM_CHANNEL_2) != HAL_OK)
 127:Core/Src/tim.c ****   {
 128:Core/Src/tim.c ****     Error_Handler();
 129:Core/Src/tim.c ****   }
 130:Core/Src/tim.c ****   if (HAL_TIM_PWM_ConfigChannel(&htim3, &sConfigOC, TIM_CHANNEL_3) != HAL_OK)
 131:Core/Src/tim.c ****   {
 132:Core/Src/tim.c ****     Error_Handler();
 133:Core/Src/tim.c ****   }
 134:Core/Src/tim.c ****   /* USER CODE BEGIN TIM3_Init 2 */
 135:Core/Src/tim.c **** 
 136:Core/Src/tim.c ****   /* USER CODE END TIM3_Init 2 */
 137:Core/Src/tim.c ****   HAL_TIM_MspPostInit(&htim3);
 138:Core/Src/tim.c **** 
 139:Core/Src/tim.c **** }
 140:Core/Src/tim.c **** 
 141:Core/Src/tim.c **** void HAL_TIM_PWM_MspInit(TIM_HandleTypeDef* tim_pwmHandle)
 142:Core/Src/tim.c **** {
  30              		.loc 1 142 1 view -0
ARM GAS  /var/folders/5c/srt4fy4j1pd641bjfx75k5000000gn/T//ccR23NuW.s 			page 4


  31              		.cfi_startproc
  32              		@ args = 0, pretend = 0, frame = 8
  33              		@ frame_needed = 0, uses_anonymous_args = 0
  34              		@ link register save eliminated.
 143:Core/Src/tim.c **** 
 144:Core/Src/tim.c ****   if(tim_pwmHandle->Instance==TIM2)
  35              		.loc 1 144 3 view .LVU1
  36              		.loc 1 144 19 is_stmt 0 view .LVU2
  37 0000 0368     		ldr	r3, [r0]
  38              		.loc 1 144 5 view .LVU3
  39 0002 B3F1804F 		cmp	r3, #1073741824
  40 0006 00D0     		beq	.L7
  41 0008 7047     		bx	lr
  42              	.L7:
 142:Core/Src/tim.c **** 
  43              		.loc 1 142 1 view .LVU4
  44 000a 82B0     		sub	sp, sp, #8
  45              	.LCFI0:
  46              		.cfi_def_cfa_offset 8
 145:Core/Src/tim.c ****   {
 146:Core/Src/tim.c ****   /* USER CODE BEGIN TIM2_MspInit 0 */
 147:Core/Src/tim.c **** 
 148:Core/Src/tim.c ****   /* USER CODE END TIM2_MspInit 0 */
 149:Core/Src/tim.c ****     /* TIM2 clock enable */
 150:Core/Src/tim.c ****     __HAL_RCC_TIM2_CLK_ENABLE();
  47              		.loc 1 150 5 is_stmt 1 view .LVU5
  48              	.LBB2:
  49              		.loc 1 150 5 view .LVU6
  50              		.loc 1 150 5 view .LVU7
  51 000c 03F50433 		add	r3, r3, #135168
  52 0010 DA69     		ldr	r2, [r3, #28]
  53 0012 42F00102 		orr	r2, r2, #1
  54 0016 DA61     		str	r2, [r3, #28]
  55              		.loc 1 150 5 view .LVU8
  56 0018 DB69     		ldr	r3, [r3, #28]
  57 001a 03F00103 		and	r3, r3, #1
  58 001e 0193     		str	r3, [sp, #4]
  59              		.loc 1 150 5 view .LVU9
  60 0020 019B     		ldr	r3, [sp, #4]
  61              	.LBE2:
  62              		.loc 1 150 5 view .LVU10
 151:Core/Src/tim.c ****   /* USER CODE BEGIN TIM2_MspInit 1 */
 152:Core/Src/tim.c **** 
 153:Core/Src/tim.c ****   /* USER CODE END TIM2_MspInit 1 */
 154:Core/Src/tim.c ****   }
 155:Core/Src/tim.c **** }
  63              		.loc 1 155 1 is_stmt 0 view .LVU11
  64 0022 02B0     		add	sp, sp, #8
  65              	.LCFI1:
  66              		.cfi_def_cfa_offset 0
  67              		@ sp needed
  68 0024 7047     		bx	lr
  69              		.cfi_endproc
  70              	.LFE125:
  72              		.section	.text.HAL_TIM_Base_MspInit,"ax",%progbits
  73              		.align	1
  74              		.global	HAL_TIM_Base_MspInit
ARM GAS  /var/folders/5c/srt4fy4j1pd641bjfx75k5000000gn/T//ccR23NuW.s 			page 5


  75              		.syntax unified
  76              		.thumb
  77              		.thumb_func
  79              	HAL_TIM_Base_MspInit:
  80              	.LVL1:
  81              	.LFB126:
 156:Core/Src/tim.c **** 
 157:Core/Src/tim.c **** void HAL_TIM_Base_MspInit(TIM_HandleTypeDef* tim_baseHandle)
 158:Core/Src/tim.c **** {
  82              		.loc 1 158 1 is_stmt 1 view -0
  83              		.cfi_startproc
  84              		@ args = 0, pretend = 0, frame = 8
  85              		@ frame_needed = 0, uses_anonymous_args = 0
  86              		@ link register save eliminated.
 159:Core/Src/tim.c **** 
 160:Core/Src/tim.c ****   if(tim_baseHandle->Instance==TIM3)
  87              		.loc 1 160 3 view .LVU13
  88              		.loc 1 160 20 is_stmt 0 view .LVU14
  89 0000 0268     		ldr	r2, [r0]
  90              		.loc 1 160 5 view .LVU15
  91 0002 094B     		ldr	r3, .L15
  92 0004 9A42     		cmp	r2, r3
  93 0006 00D0     		beq	.L14
  94 0008 7047     		bx	lr
  95              	.L14:
 158:Core/Src/tim.c **** 
  96              		.loc 1 158 1 view .LVU16
  97 000a 82B0     		sub	sp, sp, #8
  98              	.LCFI2:
  99              		.cfi_def_cfa_offset 8
 161:Core/Src/tim.c ****   {
 162:Core/Src/tim.c ****   /* USER CODE BEGIN TIM3_MspInit 0 */
 163:Core/Src/tim.c **** 
 164:Core/Src/tim.c ****   /* USER CODE END TIM3_MspInit 0 */
 165:Core/Src/tim.c ****     /* TIM3 clock enable */
 166:Core/Src/tim.c ****     __HAL_RCC_TIM3_CLK_ENABLE();
 100              		.loc 1 166 5 is_stmt 1 view .LVU17
 101              	.LBB3:
 102              		.loc 1 166 5 view .LVU18
 103              		.loc 1 166 5 view .LVU19
 104 000c 03F50333 		add	r3, r3, #134144
 105 0010 DA69     		ldr	r2, [r3, #28]
 106 0012 42F00202 		orr	r2, r2, #2
 107 0016 DA61     		str	r2, [r3, #28]
 108              		.loc 1 166 5 view .LVU20
 109 0018 DB69     		ldr	r3, [r3, #28]
 110 001a 03F00203 		and	r3, r3, #2
 111 001e 0193     		str	r3, [sp, #4]
 112              		.loc 1 166 5 view .LVU21
 113 0020 019B     		ldr	r3, [sp, #4]
 114              	.LBE3:
 115              		.loc 1 166 5 view .LVU22
 167:Core/Src/tim.c ****   /* USER CODE BEGIN TIM3_MspInit 1 */
 168:Core/Src/tim.c **** 
 169:Core/Src/tim.c ****   /* USER CODE END TIM3_MspInit 1 */
 170:Core/Src/tim.c ****   }
 171:Core/Src/tim.c **** }
ARM GAS  /var/folders/5c/srt4fy4j1pd641bjfx75k5000000gn/T//ccR23NuW.s 			page 6


 116              		.loc 1 171 1 is_stmt 0 view .LVU23
 117 0022 02B0     		add	sp, sp, #8
 118              	.LCFI3:
 119              		.cfi_def_cfa_offset 0
 120              		@ sp needed
 121 0024 7047     		bx	lr
 122              	.L16:
 123 0026 00BF     		.align	2
 124              	.L15:
 125 0028 00040040 		.word	1073742848
 126              		.cfi_endproc
 127              	.LFE126:
 129              		.section	.text.HAL_TIM_MspPostInit,"ax",%progbits
 130              		.align	1
 131              		.global	HAL_TIM_MspPostInit
 132              		.syntax unified
 133              		.thumb
 134              		.thumb_func
 136              	HAL_TIM_MspPostInit:
 137              	.LVL2:
 138              	.LFB127:
 172:Core/Src/tim.c **** void HAL_TIM_MspPostInit(TIM_HandleTypeDef* timHandle)
 173:Core/Src/tim.c **** {
 139              		.loc 1 173 1 is_stmt 1 view -0
 140              		.cfi_startproc
 141              		@ args = 0, pretend = 0, frame = 40
 142              		@ frame_needed = 0, uses_anonymous_args = 0
 143              		.loc 1 173 1 is_stmt 0 view .LVU25
 144 0000 30B5     		push	{r4, r5, lr}
 145              	.LCFI4:
 146              		.cfi_def_cfa_offset 12
 147              		.cfi_offset 4, -12
 148              		.cfi_offset 5, -8
 149              		.cfi_offset 14, -4
 150 0002 8BB0     		sub	sp, sp, #44
 151              	.LCFI5:
 152              		.cfi_def_cfa_offset 56
 174:Core/Src/tim.c **** 
 175:Core/Src/tim.c ****   GPIO_InitTypeDef GPIO_InitStruct = {0};
 153              		.loc 1 175 3 is_stmt 1 view .LVU26
 154              		.loc 1 175 20 is_stmt 0 view .LVU27
 155 0004 0023     		movs	r3, #0
 156 0006 0593     		str	r3, [sp, #20]
 157 0008 0693     		str	r3, [sp, #24]
 158 000a 0793     		str	r3, [sp, #28]
 159 000c 0893     		str	r3, [sp, #32]
 160 000e 0993     		str	r3, [sp, #36]
 176:Core/Src/tim.c ****   if(timHandle->Instance==TIM2)
 161              		.loc 1 176 3 is_stmt 1 view .LVU28
 162              		.loc 1 176 15 is_stmt 0 view .LVU29
 163 0010 0368     		ldr	r3, [r0]
 164              		.loc 1 176 5 view .LVU30
 165 0012 B3F1804F 		cmp	r3, #1073741824
 166 0016 04D0     		beq	.L21
 177:Core/Src/tim.c ****   {
 178:Core/Src/tim.c ****   /* USER CODE BEGIN TIM2_MspPostInit 0 */
 179:Core/Src/tim.c **** 
ARM GAS  /var/folders/5c/srt4fy4j1pd641bjfx75k5000000gn/T//ccR23NuW.s 			page 7


 180:Core/Src/tim.c ****   /* USER CODE END TIM2_MspPostInit 0 */
 181:Core/Src/tim.c ****     __HAL_RCC_GPIOA_CLK_ENABLE();
 182:Core/Src/tim.c ****     __HAL_RCC_GPIOB_CLK_ENABLE();
 183:Core/Src/tim.c ****     /**TIM2 GPIO Configuration
 184:Core/Src/tim.c ****     PA15     ------> TIM2_CH1
 185:Core/Src/tim.c ****     PB3     ------> TIM2_CH2
 186:Core/Src/tim.c ****     */
 187:Core/Src/tim.c ****     GPIO_InitStruct.Pin = LED1_Pin;
 188:Core/Src/tim.c ****     GPIO_InitStruct.Mode = GPIO_MODE_AF_PP;
 189:Core/Src/tim.c ****     GPIO_InitStruct.Pull = GPIO_NOPULL;
 190:Core/Src/tim.c ****     GPIO_InitStruct.Speed = GPIO_SPEED_FREQ_LOW;
 191:Core/Src/tim.c ****     GPIO_InitStruct.Alternate = GPIO_AF1_TIM2;
 192:Core/Src/tim.c ****     HAL_GPIO_Init(LED1_GPIO_Port, &GPIO_InitStruct);
 193:Core/Src/tim.c **** 
 194:Core/Src/tim.c ****     GPIO_InitStruct.Pin = LED2_Pin;
 195:Core/Src/tim.c ****     GPIO_InitStruct.Mode = GPIO_MODE_AF_PP;
 196:Core/Src/tim.c ****     GPIO_InitStruct.Pull = GPIO_NOPULL;
 197:Core/Src/tim.c ****     GPIO_InitStruct.Speed = GPIO_SPEED_FREQ_LOW;
 198:Core/Src/tim.c ****     GPIO_InitStruct.Alternate = GPIO_AF1_TIM2;
 199:Core/Src/tim.c ****     HAL_GPIO_Init(LED2_GPIO_Port, &GPIO_InitStruct);
 200:Core/Src/tim.c **** 
 201:Core/Src/tim.c ****   /* USER CODE BEGIN TIM2_MspPostInit 1 */
 202:Core/Src/tim.c **** 
 203:Core/Src/tim.c ****   /* USER CODE END TIM2_MspPostInit 1 */
 204:Core/Src/tim.c ****   }
 205:Core/Src/tim.c ****   else if(timHandle->Instance==TIM3)
 167              		.loc 1 205 8 is_stmt 1 view .LVU31
 168              		.loc 1 205 10 is_stmt 0 view .LVU32
 169 0018 2C4A     		ldr	r2, .L23
 170 001a 9342     		cmp	r3, r2
 171 001c 2DD0     		beq	.L22
 172              	.LVL3:
 173              	.L17:
 206:Core/Src/tim.c ****   {
 207:Core/Src/tim.c ****   /* USER CODE BEGIN TIM3_MspPostInit 0 */
 208:Core/Src/tim.c **** 
 209:Core/Src/tim.c ****   /* USER CODE END TIM3_MspPostInit 0 */
 210:Core/Src/tim.c **** 
 211:Core/Src/tim.c ****     __HAL_RCC_GPIOA_CLK_ENABLE();
 212:Core/Src/tim.c ****     __HAL_RCC_GPIOB_CLK_ENABLE();
 213:Core/Src/tim.c ****     /**TIM3 GPIO Configuration
 214:Core/Src/tim.c ****     PA6     ------> TIM3_CH1
 215:Core/Src/tim.c ****     PA7     ------> TIM3_CH2
 216:Core/Src/tim.c ****     PB0     ------> TIM3_CH3
 217:Core/Src/tim.c ****     */
 218:Core/Src/tim.c ****     GPIO_InitStruct.Pin = U_Pin|V_Pin;
 219:Core/Src/tim.c ****     GPIO_InitStruct.Mode = GPIO_MODE_AF_PP;
 220:Core/Src/tim.c ****     GPIO_InitStruct.Pull = GPIO_NOPULL;
 221:Core/Src/tim.c ****     GPIO_InitStruct.Speed = GPIO_SPEED_FREQ_LOW;
 222:Core/Src/tim.c ****     GPIO_InitStruct.Alternate = GPIO_AF2_TIM3;
 223:Core/Src/tim.c ****     HAL_GPIO_Init(GPIOA, &GPIO_InitStruct);
 224:Core/Src/tim.c **** 
 225:Core/Src/tim.c ****     GPIO_InitStruct.Pin = W_Pin;
 226:Core/Src/tim.c ****     GPIO_InitStruct.Mode = GPIO_MODE_AF_PP;
 227:Core/Src/tim.c ****     GPIO_InitStruct.Pull = GPIO_NOPULL;
 228:Core/Src/tim.c ****     GPIO_InitStruct.Speed = GPIO_SPEED_FREQ_LOW;
 229:Core/Src/tim.c ****     GPIO_InitStruct.Alternate = GPIO_AF2_TIM3;
ARM GAS  /var/folders/5c/srt4fy4j1pd641bjfx75k5000000gn/T//ccR23NuW.s 			page 8


 230:Core/Src/tim.c ****     HAL_GPIO_Init(W_GPIO_Port, &GPIO_InitStruct);
 231:Core/Src/tim.c **** 
 232:Core/Src/tim.c ****   /* USER CODE BEGIN TIM3_MspPostInit 1 */
 233:Core/Src/tim.c **** 
 234:Core/Src/tim.c ****   /* USER CODE END TIM3_MspPostInit 1 */
 235:Core/Src/tim.c ****   }
 236:Core/Src/tim.c **** 
 237:Core/Src/tim.c **** }
 174              		.loc 1 237 1 view .LVU33
 175 001e 0BB0     		add	sp, sp, #44
 176              	.LCFI6:
 177              		.cfi_remember_state
 178              		.cfi_def_cfa_offset 12
 179              		@ sp needed
 180 0020 30BD     		pop	{r4, r5, pc}
 181              	.LVL4:
 182              	.L21:
 183              	.LCFI7:
 184              		.cfi_restore_state
 181:Core/Src/tim.c ****     __HAL_RCC_GPIOB_CLK_ENABLE();
 185              		.loc 1 181 5 is_stmt 1 view .LVU34
 186              	.LBB4:
 181:Core/Src/tim.c ****     __HAL_RCC_GPIOB_CLK_ENABLE();
 187              		.loc 1 181 5 view .LVU35
 181:Core/Src/tim.c ****     __HAL_RCC_GPIOB_CLK_ENABLE();
 188              		.loc 1 181 5 view .LVU36
 189 0022 03F50433 		add	r3, r3, #135168
 190 0026 5A69     		ldr	r2, [r3, #20]
 191 0028 42F40032 		orr	r2, r2, #131072
 192 002c 5A61     		str	r2, [r3, #20]
 181:Core/Src/tim.c ****     __HAL_RCC_GPIOB_CLK_ENABLE();
 193              		.loc 1 181 5 view .LVU37
 194 002e 5A69     		ldr	r2, [r3, #20]
 195 0030 02F40032 		and	r2, r2, #131072
 196 0034 0192     		str	r2, [sp, #4]
 181:Core/Src/tim.c ****     __HAL_RCC_GPIOB_CLK_ENABLE();
 197              		.loc 1 181 5 view .LVU38
 198 0036 019A     		ldr	r2, [sp, #4]
 199              	.LBE4:
 181:Core/Src/tim.c ****     __HAL_RCC_GPIOB_CLK_ENABLE();
 200              		.loc 1 181 5 view .LVU39
 182:Core/Src/tim.c ****     /**TIM2 GPIO Configuration
 201              		.loc 1 182 5 view .LVU40
 202              	.LBB5:
 182:Core/Src/tim.c ****     /**TIM2 GPIO Configuration
 203              		.loc 1 182 5 view .LVU41
 182:Core/Src/tim.c ****     /**TIM2 GPIO Configuration
 204              		.loc 1 182 5 view .LVU42
 205 0038 5A69     		ldr	r2, [r3, #20]
 206 003a 42F48022 		orr	r2, r2, #262144
 207 003e 5A61     		str	r2, [r3, #20]
 182:Core/Src/tim.c ****     /**TIM2 GPIO Configuration
 208              		.loc 1 182 5 view .LVU43
 209 0040 5B69     		ldr	r3, [r3, #20]
 210 0042 03F48023 		and	r3, r3, #262144
 211 0046 0293     		str	r3, [sp, #8]
 182:Core/Src/tim.c ****     /**TIM2 GPIO Configuration
ARM GAS  /var/folders/5c/srt4fy4j1pd641bjfx75k5000000gn/T//ccR23NuW.s 			page 9


 212              		.loc 1 182 5 view .LVU44
 213 0048 029B     		ldr	r3, [sp, #8]
 214              	.LBE5:
 182:Core/Src/tim.c ****     /**TIM2 GPIO Configuration
 215              		.loc 1 182 5 view .LVU45
 187:Core/Src/tim.c ****     GPIO_InitStruct.Mode = GPIO_MODE_AF_PP;
 216              		.loc 1 187 5 view .LVU46
 187:Core/Src/tim.c ****     GPIO_InitStruct.Mode = GPIO_MODE_AF_PP;
 217              		.loc 1 187 25 is_stmt 0 view .LVU47
 218 004a 4FF40043 		mov	r3, #32768
 219 004e 0593     		str	r3, [sp, #20]
 188:Core/Src/tim.c ****     GPIO_InitStruct.Pull = GPIO_NOPULL;
 220              		.loc 1 188 5 is_stmt 1 view .LVU48
 188:Core/Src/tim.c ****     GPIO_InitStruct.Pull = GPIO_NOPULL;
 221              		.loc 1 188 26 is_stmt 0 view .LVU49
 222 0050 0225     		movs	r5, #2
 223 0052 0695     		str	r5, [sp, #24]
 189:Core/Src/tim.c ****     GPIO_InitStruct.Speed = GPIO_SPEED_FREQ_LOW;
 224              		.loc 1 189 5 is_stmt 1 view .LVU50
 190:Core/Src/tim.c ****     GPIO_InitStruct.Alternate = GPIO_AF1_TIM2;
 225              		.loc 1 190 5 view .LVU51
 191:Core/Src/tim.c ****     HAL_GPIO_Init(LED1_GPIO_Port, &GPIO_InitStruct);
 226              		.loc 1 191 5 view .LVU52
 191:Core/Src/tim.c ****     HAL_GPIO_Init(LED1_GPIO_Port, &GPIO_InitStruct);
 227              		.loc 1 191 31 is_stmt 0 view .LVU53
 228 0054 0124     		movs	r4, #1
 229 0056 0994     		str	r4, [sp, #36]
 192:Core/Src/tim.c **** 
 230              		.loc 1 192 5 is_stmt 1 view .LVU54
 231 0058 05A9     		add	r1, sp, #20
 232 005a 4FF09040 		mov	r0, #1207959552
 233              	.LVL5:
 192:Core/Src/tim.c **** 
 234              		.loc 1 192 5 is_stmt 0 view .LVU55
 235 005e FFF7FEFF 		bl	HAL_GPIO_Init
 236              	.LVL6:
 194:Core/Src/tim.c ****     GPIO_InitStruct.Mode = GPIO_MODE_AF_PP;
 237              		.loc 1 194 5 is_stmt 1 view .LVU56
 194:Core/Src/tim.c ****     GPIO_InitStruct.Mode = GPIO_MODE_AF_PP;
 238              		.loc 1 194 25 is_stmt 0 view .LVU57
 239 0062 0823     		movs	r3, #8
 240 0064 0593     		str	r3, [sp, #20]
 195:Core/Src/tim.c ****     GPIO_InitStruct.Pull = GPIO_NOPULL;
 241              		.loc 1 195 5 is_stmt 1 view .LVU58
 195:Core/Src/tim.c ****     GPIO_InitStruct.Pull = GPIO_NOPULL;
 242              		.loc 1 195 26 is_stmt 0 view .LVU59
 243 0066 0695     		str	r5, [sp, #24]
 196:Core/Src/tim.c ****     GPIO_InitStruct.Speed = GPIO_SPEED_FREQ_LOW;
 244              		.loc 1 196 5 is_stmt 1 view .LVU60
 196:Core/Src/tim.c ****     GPIO_InitStruct.Speed = GPIO_SPEED_FREQ_LOW;
 245              		.loc 1 196 26 is_stmt 0 view .LVU61
 246 0068 0023     		movs	r3, #0
 247 006a 0793     		str	r3, [sp, #28]
 197:Core/Src/tim.c ****     GPIO_InitStruct.Alternate = GPIO_AF1_TIM2;
 248              		.loc 1 197 5 is_stmt 1 view .LVU62
 197:Core/Src/tim.c ****     GPIO_InitStruct.Alternate = GPIO_AF1_TIM2;
 249              		.loc 1 197 27 is_stmt 0 view .LVU63
ARM GAS  /var/folders/5c/srt4fy4j1pd641bjfx75k5000000gn/T//ccR23NuW.s 			page 10


 250 006c 0893     		str	r3, [sp, #32]
 198:Core/Src/tim.c ****     HAL_GPIO_Init(LED2_GPIO_Port, &GPIO_InitStruct);
 251              		.loc 1 198 5 is_stmt 1 view .LVU64
 198:Core/Src/tim.c ****     HAL_GPIO_Init(LED2_GPIO_Port, &GPIO_InitStruct);
 252              		.loc 1 198 31 is_stmt 0 view .LVU65
 253 006e 0994     		str	r4, [sp, #36]
 199:Core/Src/tim.c **** 
 254              		.loc 1 199 5 is_stmt 1 view .LVU66
 255 0070 05A9     		add	r1, sp, #20
 256 0072 1748     		ldr	r0, .L23+4
 257 0074 FFF7FEFF 		bl	HAL_GPIO_Init
 258              	.LVL7:
 259 0078 D1E7     		b	.L17
 260              	.LVL8:
 261              	.L22:
 211:Core/Src/tim.c ****     __HAL_RCC_GPIOB_CLK_ENABLE();
 262              		.loc 1 211 5 view .LVU67
 263              	.LBB6:
 211:Core/Src/tim.c ****     __HAL_RCC_GPIOB_CLK_ENABLE();
 264              		.loc 1 211 5 view .LVU68
 211:Core/Src/tim.c ****     __HAL_RCC_GPIOB_CLK_ENABLE();
 265              		.loc 1 211 5 view .LVU69
 266 007a 164B     		ldr	r3, .L23+8
 267 007c 5A69     		ldr	r2, [r3, #20]
 268 007e 42F40032 		orr	r2, r2, #131072
 269 0082 5A61     		str	r2, [r3, #20]
 211:Core/Src/tim.c ****     __HAL_RCC_GPIOB_CLK_ENABLE();
 270              		.loc 1 211 5 view .LVU70
 271 0084 5A69     		ldr	r2, [r3, #20]
 272 0086 02F40032 		and	r2, r2, #131072
 273 008a 0392     		str	r2, [sp, #12]
 211:Core/Src/tim.c ****     __HAL_RCC_GPIOB_CLK_ENABLE();
 274              		.loc 1 211 5 view .LVU71
 275 008c 039A     		ldr	r2, [sp, #12]
 276              	.LBE6:
 211:Core/Src/tim.c ****     __HAL_RCC_GPIOB_CLK_ENABLE();
 277              		.loc 1 211 5 view .LVU72
 212:Core/Src/tim.c ****     /**TIM3 GPIO Configuration
 278              		.loc 1 212 5 view .LVU73
 279              	.LBB7:
 212:Core/Src/tim.c ****     /**TIM3 GPIO Configuration
 280              		.loc 1 212 5 view .LVU74
 212:Core/Src/tim.c ****     /**TIM3 GPIO Configuration
 281              		.loc 1 212 5 view .LVU75
 282 008e 5A69     		ldr	r2, [r3, #20]
 283 0090 42F48022 		orr	r2, r2, #262144
 284 0094 5A61     		str	r2, [r3, #20]
 212:Core/Src/tim.c ****     /**TIM3 GPIO Configuration
 285              		.loc 1 212 5 view .LVU76
 286 0096 5B69     		ldr	r3, [r3, #20]
 287 0098 03F48023 		and	r3, r3, #262144
 288 009c 0493     		str	r3, [sp, #16]
 212:Core/Src/tim.c ****     /**TIM3 GPIO Configuration
 289              		.loc 1 212 5 view .LVU77
 290 009e 049B     		ldr	r3, [sp, #16]
 291              	.LBE7:
 212:Core/Src/tim.c ****     /**TIM3 GPIO Configuration
ARM GAS  /var/folders/5c/srt4fy4j1pd641bjfx75k5000000gn/T//ccR23NuW.s 			page 11


 292              		.loc 1 212 5 view .LVU78
 218:Core/Src/tim.c ****     GPIO_InitStruct.Mode = GPIO_MODE_AF_PP;
 293              		.loc 1 218 5 view .LVU79
 218:Core/Src/tim.c ****     GPIO_InitStruct.Mode = GPIO_MODE_AF_PP;
 294              		.loc 1 218 25 is_stmt 0 view .LVU80
 295 00a0 C023     		movs	r3, #192
 296 00a2 0593     		str	r3, [sp, #20]
 219:Core/Src/tim.c ****     GPIO_InitStruct.Pull = GPIO_NOPULL;
 297              		.loc 1 219 5 is_stmt 1 view .LVU81
 219:Core/Src/tim.c ****     GPIO_InitStruct.Pull = GPIO_NOPULL;
 298              		.loc 1 219 26 is_stmt 0 view .LVU82
 299 00a4 0224     		movs	r4, #2
 300 00a6 0694     		str	r4, [sp, #24]
 220:Core/Src/tim.c ****     GPIO_InitStruct.Speed = GPIO_SPEED_FREQ_LOW;
 301              		.loc 1 220 5 is_stmt 1 view .LVU83
 221:Core/Src/tim.c ****     GPIO_InitStruct.Alternate = GPIO_AF2_TIM3;
 302              		.loc 1 221 5 view .LVU84
 222:Core/Src/tim.c ****     HAL_GPIO_Init(GPIOA, &GPIO_InitStruct);
 303              		.loc 1 222 5 view .LVU85
 222:Core/Src/tim.c ****     HAL_GPIO_Init(GPIOA, &GPIO_InitStruct);
 304              		.loc 1 222 31 is_stmt 0 view .LVU86
 305 00a8 0994     		str	r4, [sp, #36]
 223:Core/Src/tim.c **** 
 306              		.loc 1 223 5 is_stmt 1 view .LVU87
 307 00aa 05A9     		add	r1, sp, #20
 308 00ac 4FF09040 		mov	r0, #1207959552
 309              	.LVL9:
 223:Core/Src/tim.c **** 
 310              		.loc 1 223 5 is_stmt 0 view .LVU88
 311 00b0 FFF7FEFF 		bl	HAL_GPIO_Init
 312              	.LVL10:
 225:Core/Src/tim.c ****     GPIO_InitStruct.Mode = GPIO_MODE_AF_PP;
 313              		.loc 1 225 5 is_stmt 1 view .LVU89
 225:Core/Src/tim.c ****     GPIO_InitStruct.Mode = GPIO_MODE_AF_PP;
 314              		.loc 1 225 25 is_stmt 0 view .LVU90
 315 00b4 0123     		movs	r3, #1
 316 00b6 0593     		str	r3, [sp, #20]
 226:Core/Src/tim.c ****     GPIO_InitStruct.Pull = GPIO_NOPULL;
 317              		.loc 1 226 5 is_stmt 1 view .LVU91
 226:Core/Src/tim.c ****     GPIO_InitStruct.Pull = GPIO_NOPULL;
 318              		.loc 1 226 26 is_stmt 0 view .LVU92
 319 00b8 0694     		str	r4, [sp, #24]
 227:Core/Src/tim.c ****     GPIO_InitStruct.Speed = GPIO_SPEED_FREQ_LOW;
 320              		.loc 1 227 5 is_stmt 1 view .LVU93
 227:Core/Src/tim.c ****     GPIO_InitStruct.Speed = GPIO_SPEED_FREQ_LOW;
 321              		.loc 1 227 26 is_stmt 0 view .LVU94
 322 00ba 0023     		movs	r3, #0
 323 00bc 0793     		str	r3, [sp, #28]
 228:Core/Src/tim.c ****     GPIO_InitStruct.Alternate = GPIO_AF2_TIM3;
 324              		.loc 1 228 5 is_stmt 1 view .LVU95
 228:Core/Src/tim.c ****     GPIO_InitStruct.Alternate = GPIO_AF2_TIM3;
 325              		.loc 1 228 27 is_stmt 0 view .LVU96
 326 00be 0893     		str	r3, [sp, #32]
 229:Core/Src/tim.c ****     HAL_GPIO_Init(W_GPIO_Port, &GPIO_InitStruct);
 327              		.loc 1 229 5 is_stmt 1 view .LVU97
 229:Core/Src/tim.c ****     HAL_GPIO_Init(W_GPIO_Port, &GPIO_InitStruct);
 328              		.loc 1 229 31 is_stmt 0 view .LVU98
ARM GAS  /var/folders/5c/srt4fy4j1pd641bjfx75k5000000gn/T//ccR23NuW.s 			page 12


 329 00c0 0994     		str	r4, [sp, #36]
 230:Core/Src/tim.c **** 
 330              		.loc 1 230 5 is_stmt 1 view .LVU99
 331 00c2 05A9     		add	r1, sp, #20
 332 00c4 0248     		ldr	r0, .L23+4
 333 00c6 FFF7FEFF 		bl	HAL_GPIO_Init
 334              	.LVL11:
 335              		.loc 1 237 1 is_stmt 0 view .LVU100
 336 00ca A8E7     		b	.L17
 337              	.L24:
 338              		.align	2
 339              	.L23:
 340 00cc 00040040 		.word	1073742848
 341 00d0 00040048 		.word	1207960576
 342 00d4 00100240 		.word	1073876992
 343              		.cfi_endproc
 344              	.LFE127:
 346              		.section	.text.MX_TIM2_Init,"ax",%progbits
 347              		.align	1
 348              		.global	MX_TIM2_Init
 349              		.syntax unified
 350              		.thumb
 351              		.thumb_func
 353              	MX_TIM2_Init:
 354              	.LFB123:
  32:Core/Src/tim.c **** 
 355              		.loc 1 32 1 is_stmt 1 view -0
 356              		.cfi_startproc
 357              		@ args = 0, pretend = 0, frame = 40
 358              		@ frame_needed = 0, uses_anonymous_args = 0
 359 0000 00B5     		push	{lr}
 360              	.LCFI8:
 361              		.cfi_def_cfa_offset 4
 362              		.cfi_offset 14, -4
 363 0002 8BB0     		sub	sp, sp, #44
 364              	.LCFI9:
 365              		.cfi_def_cfa_offset 48
  38:Core/Src/tim.c ****   TIM_OC_InitTypeDef sConfigOC = {0};
 366              		.loc 1 38 3 view .LVU102
  38:Core/Src/tim.c ****   TIM_OC_InitTypeDef sConfigOC = {0};
 367              		.loc 1 38 27 is_stmt 0 view .LVU103
 368 0004 0023     		movs	r3, #0
 369 0006 0793     		str	r3, [sp, #28]
 370 0008 0893     		str	r3, [sp, #32]
 371 000a 0993     		str	r3, [sp, #36]
  39:Core/Src/tim.c **** 
 372              		.loc 1 39 3 is_stmt 1 view .LVU104
  39:Core/Src/tim.c **** 
 373              		.loc 1 39 22 is_stmt 0 view .LVU105
 374 000c 0093     		str	r3, [sp]
 375 000e 0193     		str	r3, [sp, #4]
 376 0010 0293     		str	r3, [sp, #8]
 377 0012 0393     		str	r3, [sp, #12]
 378 0014 0493     		str	r3, [sp, #16]
 379 0016 0593     		str	r3, [sp, #20]
 380 0018 0693     		str	r3, [sp, #24]
  44:Core/Src/tim.c ****   htim2.Init.Prescaler = 9;
ARM GAS  /var/folders/5c/srt4fy4j1pd641bjfx75k5000000gn/T//ccR23NuW.s 			page 13


 381              		.loc 1 44 3 is_stmt 1 view .LVU106
  44:Core/Src/tim.c ****   htim2.Init.Prescaler = 9;
 382              		.loc 1 44 18 is_stmt 0 view .LVU107
 383 001a 1D48     		ldr	r0, .L35
 384 001c 4FF08042 		mov	r2, #1073741824
 385 0020 0260     		str	r2, [r0]
  45:Core/Src/tim.c ****   htim2.Init.CounterMode = TIM_COUNTERMODE_UP;
 386              		.loc 1 45 3 is_stmt 1 view .LVU108
  45:Core/Src/tim.c ****   htim2.Init.CounterMode = TIM_COUNTERMODE_UP;
 387              		.loc 1 45 24 is_stmt 0 view .LVU109
 388 0022 0922     		movs	r2, #9
 389 0024 4260     		str	r2, [r0, #4]
  46:Core/Src/tim.c ****   htim2.Init.Period = 299;
 390              		.loc 1 46 3 is_stmt 1 view .LVU110
  46:Core/Src/tim.c ****   htim2.Init.Period = 299;
 391              		.loc 1 46 26 is_stmt 0 view .LVU111
 392 0026 8360     		str	r3, [r0, #8]
  47:Core/Src/tim.c ****   htim2.Init.ClockDivision = TIM_CLOCKDIVISION_DIV1;
 393              		.loc 1 47 3 is_stmt 1 view .LVU112
  47:Core/Src/tim.c ****   htim2.Init.ClockDivision = TIM_CLOCKDIVISION_DIV1;
 394              		.loc 1 47 21 is_stmt 0 view .LVU113
 395 0028 40F22B12 		movw	r2, #299
 396 002c C260     		str	r2, [r0, #12]
  48:Core/Src/tim.c ****   htim2.Init.AutoReloadPreload = TIM_AUTORELOAD_PRELOAD_DISABLE;
 397              		.loc 1 48 3 is_stmt 1 view .LVU114
  48:Core/Src/tim.c ****   htim2.Init.AutoReloadPreload = TIM_AUTORELOAD_PRELOAD_DISABLE;
 398              		.loc 1 48 28 is_stmt 0 view .LVU115
 399 002e 0361     		str	r3, [r0, #16]
  49:Core/Src/tim.c ****   if (HAL_TIM_PWM_Init(&htim2) != HAL_OK)
 400              		.loc 1 49 3 is_stmt 1 view .LVU116
  49:Core/Src/tim.c ****   if (HAL_TIM_PWM_Init(&htim2) != HAL_OK)
 401              		.loc 1 49 32 is_stmt 0 view .LVU117
 402 0030 8361     		str	r3, [r0, #24]
  50:Core/Src/tim.c ****   {
 403              		.loc 1 50 3 is_stmt 1 view .LVU118
  50:Core/Src/tim.c ****   {
 404              		.loc 1 50 7 is_stmt 0 view .LVU119
 405 0032 FFF7FEFF 		bl	HAL_TIM_PWM_Init
 406              	.LVL12:
  50:Core/Src/tim.c ****   {
 407              		.loc 1 50 6 view .LVU120
 408 0036 F0B9     		cbnz	r0, .L31
 409              	.L26:
  54:Core/Src/tim.c ****   sMasterConfig.MasterSlaveMode = TIM_MASTERSLAVEMODE_DISABLE;
 410              		.loc 1 54 3 is_stmt 1 view .LVU121
  54:Core/Src/tim.c ****   sMasterConfig.MasterSlaveMode = TIM_MASTERSLAVEMODE_DISABLE;
 411              		.loc 1 54 37 is_stmt 0 view .LVU122
 412 0038 0023     		movs	r3, #0
 413 003a 0793     		str	r3, [sp, #28]
  55:Core/Src/tim.c ****   if (HAL_TIMEx_MasterConfigSynchronization(&htim2, &sMasterConfig) != HAL_OK)
 414              		.loc 1 55 3 is_stmt 1 view .LVU123
  55:Core/Src/tim.c ****   if (HAL_TIMEx_MasterConfigSynchronization(&htim2, &sMasterConfig) != HAL_OK)
 415              		.loc 1 55 33 is_stmt 0 view .LVU124
 416 003c 0993     		str	r3, [sp, #36]
  56:Core/Src/tim.c ****   {
 417              		.loc 1 56 3 is_stmt 1 view .LVU125
  56:Core/Src/tim.c ****   {
ARM GAS  /var/folders/5c/srt4fy4j1pd641bjfx75k5000000gn/T//ccR23NuW.s 			page 14


 418              		.loc 1 56 7 is_stmt 0 view .LVU126
 419 003e 07A9     		add	r1, sp, #28
 420 0040 1348     		ldr	r0, .L35
 421 0042 FFF7FEFF 		bl	HAL_TIMEx_MasterConfigSynchronization
 422              	.LVL13:
  56:Core/Src/tim.c ****   {
 423              		.loc 1 56 6 view .LVU127
 424 0046 C8B9     		cbnz	r0, .L32
 425              	.L27:
  60:Core/Src/tim.c ****   sConfigOC.Pulse = 0;
 426              		.loc 1 60 3 is_stmt 1 view .LVU128
  60:Core/Src/tim.c ****   sConfigOC.Pulse = 0;
 427              		.loc 1 60 20 is_stmt 0 view .LVU129
 428 0048 6023     		movs	r3, #96
 429 004a 0093     		str	r3, [sp]
  61:Core/Src/tim.c ****   sConfigOC.OCPolarity = TIM_OCPOLARITY_HIGH;
 430              		.loc 1 61 3 is_stmt 1 view .LVU130
  61:Core/Src/tim.c ****   sConfigOC.OCPolarity = TIM_OCPOLARITY_HIGH;
 431              		.loc 1 61 19 is_stmt 0 view .LVU131
 432 004c 0022     		movs	r2, #0
 433 004e 0192     		str	r2, [sp, #4]
  62:Core/Src/tim.c ****   sConfigOC.OCFastMode = TIM_OCFAST_DISABLE;
 434              		.loc 1 62 3 is_stmt 1 view .LVU132
  62:Core/Src/tim.c ****   sConfigOC.OCFastMode = TIM_OCFAST_DISABLE;
 435              		.loc 1 62 24 is_stmt 0 view .LVU133
 436 0050 0292     		str	r2, [sp, #8]
  63:Core/Src/tim.c ****   if (HAL_TIM_PWM_ConfigChannel(&htim2, &sConfigOC, TIM_CHANNEL_1) != HAL_OK)
 437              		.loc 1 63 3 is_stmt 1 view .LVU134
  63:Core/Src/tim.c ****   if (HAL_TIM_PWM_ConfigChannel(&htim2, &sConfigOC, TIM_CHANNEL_1) != HAL_OK)
 438              		.loc 1 63 24 is_stmt 0 view .LVU135
 439 0052 0492     		str	r2, [sp, #16]
  64:Core/Src/tim.c ****   {
 440              		.loc 1 64 3 is_stmt 1 view .LVU136
  64:Core/Src/tim.c ****   {
 441              		.loc 1 64 7 is_stmt 0 view .LVU137
 442 0054 6946     		mov	r1, sp
 443 0056 0E48     		ldr	r0, .L35
 444 0058 FFF7FEFF 		bl	HAL_TIM_PWM_ConfigChannel
 445              	.LVL14:
  64:Core/Src/tim.c ****   {
 446              		.loc 1 64 6 view .LVU138
 447 005c 88B9     		cbnz	r0, .L33
 448              	.L28:
  68:Core/Src/tim.c ****   {
 449              		.loc 1 68 3 is_stmt 1 view .LVU139
  68:Core/Src/tim.c ****   {
 450              		.loc 1 68 7 is_stmt 0 view .LVU140
 451 005e 0422     		movs	r2, #4
 452 0060 6946     		mov	r1, sp
 453 0062 0B48     		ldr	r0, .L35
 454 0064 FFF7FEFF 		bl	HAL_TIM_PWM_ConfigChannel
 455              	.LVL15:
  68:Core/Src/tim.c ****   {
 456              		.loc 1 68 6 view .LVU141
 457 0068 70B9     		cbnz	r0, .L34
 458              	.L29:
  75:Core/Src/tim.c **** 
ARM GAS  /var/folders/5c/srt4fy4j1pd641bjfx75k5000000gn/T//ccR23NuW.s 			page 15


 459              		.loc 1 75 3 is_stmt 1 view .LVU142
 460 006a 0948     		ldr	r0, .L35
 461 006c FFF7FEFF 		bl	HAL_TIM_MspPostInit
 462              	.LVL16:
  77:Core/Src/tim.c **** /* TIM3 init function */
 463              		.loc 1 77 1 is_stmt 0 view .LVU143
 464 0070 0BB0     		add	sp, sp, #44
 465              	.LCFI10:
 466              		.cfi_remember_state
 467              		.cfi_def_cfa_offset 4
 468              		@ sp needed
 469 0072 5DF804FB 		ldr	pc, [sp], #4
 470              	.L31:
 471              	.LCFI11:
 472              		.cfi_restore_state
  52:Core/Src/tim.c ****   }
 473              		.loc 1 52 5 is_stmt 1 view .LVU144
 474 0076 FFF7FEFF 		bl	Error_Handler
 475              	.LVL17:
 476 007a DDE7     		b	.L26
 477              	.L32:
  58:Core/Src/tim.c ****   }
 478              		.loc 1 58 5 view .LVU145
 479 007c FFF7FEFF 		bl	Error_Handler
 480              	.LVL18:
 481 0080 E2E7     		b	.L27
 482              	.L33:
  66:Core/Src/tim.c ****   }
 483              		.loc 1 66 5 view .LVU146
 484 0082 FFF7FEFF 		bl	Error_Handler
 485              	.LVL19:
 486 0086 EAE7     		b	.L28
 487              	.L34:
  70:Core/Src/tim.c ****   }
 488              		.loc 1 70 5 view .LVU147
 489 0088 FFF7FEFF 		bl	Error_Handler
 490              	.LVL20:
 491 008c EDE7     		b	.L29
 492              	.L36:
 493 008e 00BF     		.align	2
 494              	.L35:
 495 0090 00000000 		.word	htim2
 496              		.cfi_endproc
 497              	.LFE123:
 499              		.section	.text.MX_TIM3_Init,"ax",%progbits
 500              		.align	1
 501              		.global	MX_TIM3_Init
 502              		.syntax unified
 503              		.thumb
 504              		.thumb_func
 506              	MX_TIM3_Init:
 507              	.LFB124:
  80:Core/Src/tim.c **** 
 508              		.loc 1 80 1 view -0
 509              		.cfi_startproc
 510              		@ args = 0, pretend = 0, frame = 56
 511              		@ frame_needed = 0, uses_anonymous_args = 0
ARM GAS  /var/folders/5c/srt4fy4j1pd641bjfx75k5000000gn/T//ccR23NuW.s 			page 16


 512 0000 00B5     		push	{lr}
 513              	.LCFI12:
 514              		.cfi_def_cfa_offset 4
 515              		.cfi_offset 14, -4
 516 0002 8FB0     		sub	sp, sp, #60
 517              	.LCFI13:
 518              		.cfi_def_cfa_offset 64
  86:Core/Src/tim.c ****   TIM_MasterConfigTypeDef sMasterConfig = {0};
 519              		.loc 1 86 3 view .LVU149
  86:Core/Src/tim.c ****   TIM_MasterConfigTypeDef sMasterConfig = {0};
 520              		.loc 1 86 26 is_stmt 0 view .LVU150
 521 0004 0023     		movs	r3, #0
 522 0006 0A93     		str	r3, [sp, #40]
 523 0008 0B93     		str	r3, [sp, #44]
 524 000a 0C93     		str	r3, [sp, #48]
 525 000c 0D93     		str	r3, [sp, #52]
  87:Core/Src/tim.c ****   TIM_OC_InitTypeDef sConfigOC = {0};
 526              		.loc 1 87 3 is_stmt 1 view .LVU151
  87:Core/Src/tim.c ****   TIM_OC_InitTypeDef sConfigOC = {0};
 527              		.loc 1 87 27 is_stmt 0 view .LVU152
 528 000e 0793     		str	r3, [sp, #28]
 529 0010 0893     		str	r3, [sp, #32]
 530 0012 0993     		str	r3, [sp, #36]
  88:Core/Src/tim.c **** 
 531              		.loc 1 88 3 is_stmt 1 view .LVU153
  88:Core/Src/tim.c **** 
 532              		.loc 1 88 22 is_stmt 0 view .LVU154
 533 0014 0093     		str	r3, [sp]
 534 0016 0193     		str	r3, [sp, #4]
 535 0018 0293     		str	r3, [sp, #8]
 536 001a 0393     		str	r3, [sp, #12]
 537 001c 0493     		str	r3, [sp, #16]
 538 001e 0593     		str	r3, [sp, #20]
 539 0020 0693     		str	r3, [sp, #24]
  93:Core/Src/tim.c ****   htim3.Init.Prescaler = 1;
 540              		.loc 1 93 3 is_stmt 1 view .LVU155
  93:Core/Src/tim.c ****   htim3.Init.Prescaler = 1;
 541              		.loc 1 93 18 is_stmt 0 view .LVU156
 542 0022 2A48     		ldr	r0, .L53
 543 0024 2A4A     		ldr	r2, .L53+4
 544 0026 0260     		str	r2, [r0]
  94:Core/Src/tim.c ****   htim3.Init.CounterMode = TIM_COUNTERMODE_UP;
 545              		.loc 1 94 3 is_stmt 1 view .LVU157
  94:Core/Src/tim.c ****   htim3.Init.CounterMode = TIM_COUNTERMODE_UP;
 546              		.loc 1 94 24 is_stmt 0 view .LVU158
 547 0028 0122     		movs	r2, #1
 548 002a 4260     		str	r2, [r0, #4]
  95:Core/Src/tim.c ****   htim3.Init.Period = 299;
 549              		.loc 1 95 3 is_stmt 1 view .LVU159
  95:Core/Src/tim.c ****   htim3.Init.Period = 299;
 550              		.loc 1 95 26 is_stmt 0 view .LVU160
 551 002c 8360     		str	r3, [r0, #8]
  96:Core/Src/tim.c ****   htim3.Init.ClockDivision = TIM_CLOCKDIVISION_DIV1;
 552              		.loc 1 96 3 is_stmt 1 view .LVU161
  96:Core/Src/tim.c ****   htim3.Init.ClockDivision = TIM_CLOCKDIVISION_DIV1;
 553              		.loc 1 96 21 is_stmt 0 view .LVU162
 554 002e 40F22B12 		movw	r2, #299
ARM GAS  /var/folders/5c/srt4fy4j1pd641bjfx75k5000000gn/T//ccR23NuW.s 			page 17


 555 0032 C260     		str	r2, [r0, #12]
  97:Core/Src/tim.c ****   htim3.Init.AutoReloadPreload = TIM_AUTORELOAD_PRELOAD_DISABLE;
 556              		.loc 1 97 3 is_stmt 1 view .LVU163
  97:Core/Src/tim.c ****   htim3.Init.AutoReloadPreload = TIM_AUTORELOAD_PRELOAD_DISABLE;
 557              		.loc 1 97 28 is_stmt 0 view .LVU164
 558 0034 0361     		str	r3, [r0, #16]
  98:Core/Src/tim.c ****   if (HAL_TIM_Base_Init(&htim3) != HAL_OK)
 559              		.loc 1 98 3 is_stmt 1 view .LVU165
  98:Core/Src/tim.c ****   if (HAL_TIM_Base_Init(&htim3) != HAL_OK)
 560              		.loc 1 98 32 is_stmt 0 view .LVU166
 561 0036 8361     		str	r3, [r0, #24]
  99:Core/Src/tim.c ****   {
 562              		.loc 1 99 3 is_stmt 1 view .LVU167
  99:Core/Src/tim.c ****   {
 563              		.loc 1 99 7 is_stmt 0 view .LVU168
 564 0038 FFF7FEFF 		bl	HAL_TIM_Base_Init
 565              	.LVL21:
  99:Core/Src/tim.c ****   {
 566              		.loc 1 99 6 view .LVU169
 567 003c 0028     		cmp	r0, #0
 568 003e 30D1     		bne	.L46
 569              	.L38:
 103:Core/Src/tim.c ****   if (HAL_TIM_ConfigClockSource(&htim3, &sClockSourceConfig) != HAL_OK)
 570              		.loc 1 103 3 is_stmt 1 view .LVU170
 103:Core/Src/tim.c ****   if (HAL_TIM_ConfigClockSource(&htim3, &sClockSourceConfig) != HAL_OK)
 571              		.loc 1 103 34 is_stmt 0 view .LVU171
 572 0040 4FF48053 		mov	r3, #4096
 573 0044 0A93     		str	r3, [sp, #40]
 104:Core/Src/tim.c ****   {
 574              		.loc 1 104 3 is_stmt 1 view .LVU172
 104:Core/Src/tim.c ****   {
 575              		.loc 1 104 7 is_stmt 0 view .LVU173
 576 0046 0AA9     		add	r1, sp, #40
 577 0048 2048     		ldr	r0, .L53
 578 004a FFF7FEFF 		bl	HAL_TIM_ConfigClockSource
 579              	.LVL22:
 104:Core/Src/tim.c ****   {
 580              		.loc 1 104 6 view .LVU174
 581 004e 58BB     		cbnz	r0, .L47
 582              	.L39:
 108:Core/Src/tim.c ****   {
 583              		.loc 1 108 3 is_stmt 1 view .LVU175
 108:Core/Src/tim.c ****   {
 584              		.loc 1 108 7 is_stmt 0 view .LVU176
 585 0050 1E48     		ldr	r0, .L53
 586 0052 FFF7FEFF 		bl	HAL_TIM_PWM_Init
 587              	.LVL23:
 108:Core/Src/tim.c ****   {
 588              		.loc 1 108 6 view .LVU177
 589 0056 50BB     		cbnz	r0, .L48
 590              	.L40:
 112:Core/Src/tim.c ****   sMasterConfig.MasterSlaveMode = TIM_MASTERSLAVEMODE_DISABLE;
 591              		.loc 1 112 3 is_stmt 1 view .LVU178
 112:Core/Src/tim.c ****   sMasterConfig.MasterSlaveMode = TIM_MASTERSLAVEMODE_DISABLE;
 592              		.loc 1 112 37 is_stmt 0 view .LVU179
 593 0058 0023     		movs	r3, #0
 594 005a 0793     		str	r3, [sp, #28]
ARM GAS  /var/folders/5c/srt4fy4j1pd641bjfx75k5000000gn/T//ccR23NuW.s 			page 18


 113:Core/Src/tim.c ****   if (HAL_TIMEx_MasterConfigSynchronization(&htim3, &sMasterConfig) != HAL_OK)
 595              		.loc 1 113 3 is_stmt 1 view .LVU180
 113:Core/Src/tim.c ****   if (HAL_TIMEx_MasterConfigSynchronization(&htim3, &sMasterConfig) != HAL_OK)
 596              		.loc 1 113 33 is_stmt 0 view .LVU181
 597 005c 0993     		str	r3, [sp, #36]
 114:Core/Src/tim.c ****   {
 598              		.loc 1 114 3 is_stmt 1 view .LVU182
 114:Core/Src/tim.c ****   {
 599              		.loc 1 114 7 is_stmt 0 view .LVU183
 600 005e 07A9     		add	r1, sp, #28
 601 0060 1A48     		ldr	r0, .L53
 602 0062 FFF7FEFF 		bl	HAL_TIMEx_MasterConfigSynchronization
 603              	.LVL24:
 114:Core/Src/tim.c ****   {
 604              		.loc 1 114 6 view .LVU184
 605 0066 28BB     		cbnz	r0, .L49
 606              	.L41:
 118:Core/Src/tim.c ****   sConfigOC.Pulse = 0;
 607              		.loc 1 118 3 is_stmt 1 view .LVU185
 118:Core/Src/tim.c ****   sConfigOC.Pulse = 0;
 608              		.loc 1 118 20 is_stmt 0 view .LVU186
 609 0068 6023     		movs	r3, #96
 610 006a 0093     		str	r3, [sp]
 119:Core/Src/tim.c ****   sConfigOC.OCPolarity = TIM_OCPOLARITY_HIGH;
 611              		.loc 1 119 3 is_stmt 1 view .LVU187
 119:Core/Src/tim.c ****   sConfigOC.OCPolarity = TIM_OCPOLARITY_HIGH;
 612              		.loc 1 119 19 is_stmt 0 view .LVU188
 613 006c 0022     		movs	r2, #0
 614 006e 0192     		str	r2, [sp, #4]
 120:Core/Src/tim.c ****   sConfigOC.OCFastMode = TIM_OCFAST_DISABLE;
 615              		.loc 1 120 3 is_stmt 1 view .LVU189
 120:Core/Src/tim.c ****   sConfigOC.OCFastMode = TIM_OCFAST_DISABLE;
 616              		.loc 1 120 24 is_stmt 0 view .LVU190
 617 0070 0292     		str	r2, [sp, #8]
 121:Core/Src/tim.c ****   if (HAL_TIM_PWM_ConfigChannel(&htim3, &sConfigOC, TIM_CHANNEL_1) != HAL_OK)
 618              		.loc 1 121 3 is_stmt 1 view .LVU191
 121:Core/Src/tim.c ****   if (HAL_TIM_PWM_ConfigChannel(&htim3, &sConfigOC, TIM_CHANNEL_1) != HAL_OK)
 619              		.loc 1 121 24 is_stmt 0 view .LVU192
 620 0072 0492     		str	r2, [sp, #16]
 122:Core/Src/tim.c ****   {
 621              		.loc 1 122 3 is_stmt 1 view .LVU193
 122:Core/Src/tim.c ****   {
 622              		.loc 1 122 7 is_stmt 0 view .LVU194
 623 0074 6946     		mov	r1, sp
 624 0076 1548     		ldr	r0, .L53
 625 0078 FFF7FEFF 		bl	HAL_TIM_PWM_ConfigChannel
 626              	.LVL25:
 122:Core/Src/tim.c ****   {
 627              		.loc 1 122 6 view .LVU195
 628 007c E8B9     		cbnz	r0, .L50
 629              	.L42:
 126:Core/Src/tim.c ****   {
 630              		.loc 1 126 3 is_stmt 1 view .LVU196
 126:Core/Src/tim.c ****   {
 631              		.loc 1 126 7 is_stmt 0 view .LVU197
 632 007e 0422     		movs	r2, #4
 633 0080 6946     		mov	r1, sp
ARM GAS  /var/folders/5c/srt4fy4j1pd641bjfx75k5000000gn/T//ccR23NuW.s 			page 19


 634 0082 1248     		ldr	r0, .L53
 635 0084 FFF7FEFF 		bl	HAL_TIM_PWM_ConfigChannel
 636              	.LVL26:
 126:Core/Src/tim.c ****   {
 637              		.loc 1 126 6 view .LVU198
 638 0088 D0B9     		cbnz	r0, .L51
 639              	.L43:
 130:Core/Src/tim.c ****   {
 640              		.loc 1 130 3 is_stmt 1 view .LVU199
 130:Core/Src/tim.c ****   {
 641              		.loc 1 130 7 is_stmt 0 view .LVU200
 642 008a 0822     		movs	r2, #8
 643 008c 6946     		mov	r1, sp
 644 008e 0F48     		ldr	r0, .L53
 645 0090 FFF7FEFF 		bl	HAL_TIM_PWM_ConfigChannel
 646              	.LVL27:
 130:Core/Src/tim.c ****   {
 647              		.loc 1 130 6 view .LVU201
 648 0094 B8B9     		cbnz	r0, .L52
 649              	.L44:
 137:Core/Src/tim.c **** 
 650              		.loc 1 137 3 is_stmt 1 view .LVU202
 651 0096 0D48     		ldr	r0, .L53
 652 0098 FFF7FEFF 		bl	HAL_TIM_MspPostInit
 653              	.LVL28:
 139:Core/Src/tim.c **** 
 654              		.loc 1 139 1 is_stmt 0 view .LVU203
 655 009c 0FB0     		add	sp, sp, #60
 656              	.LCFI14:
 657              		.cfi_remember_state
 658              		.cfi_def_cfa_offset 4
 659              		@ sp needed
 660 009e 5DF804FB 		ldr	pc, [sp], #4
 661              	.L46:
 662              	.LCFI15:
 663              		.cfi_restore_state
 101:Core/Src/tim.c ****   }
 664              		.loc 1 101 5 is_stmt 1 view .LVU204
 665 00a2 FFF7FEFF 		bl	Error_Handler
 666              	.LVL29:
 667 00a6 CBE7     		b	.L38
 668              	.L47:
 106:Core/Src/tim.c ****   }
 669              		.loc 1 106 5 view .LVU205
 670 00a8 FFF7FEFF 		bl	Error_Handler
 671              	.LVL30:
 672 00ac D0E7     		b	.L39
 673              	.L48:
 110:Core/Src/tim.c ****   }
 674              		.loc 1 110 5 view .LVU206
 675 00ae FFF7FEFF 		bl	Error_Handler
 676              	.LVL31:
 677 00b2 D1E7     		b	.L40
 678              	.L49:
 116:Core/Src/tim.c ****   }
 679              		.loc 1 116 5 view .LVU207
 680 00b4 FFF7FEFF 		bl	Error_Handler
ARM GAS  /var/folders/5c/srt4fy4j1pd641bjfx75k5000000gn/T//ccR23NuW.s 			page 20


 681              	.LVL32:
 682 00b8 D6E7     		b	.L41
 683              	.L50:
 124:Core/Src/tim.c ****   }
 684              		.loc 1 124 5 view .LVU208
 685 00ba FFF7FEFF 		bl	Error_Handler
 686              	.LVL33:
 687 00be DEE7     		b	.L42
 688              	.L51:
 128:Core/Src/tim.c ****   }
 689              		.loc 1 128 5 view .LVU209
 690 00c0 FFF7FEFF 		bl	Error_Handler
 691              	.LVL34:
 692 00c4 E1E7     		b	.L43
 693              	.L52:
 132:Core/Src/tim.c ****   }
 694              		.loc 1 132 5 view .LVU210
 695 00c6 FFF7FEFF 		bl	Error_Handler
 696              	.LVL35:
 697 00ca E4E7     		b	.L44
 698              	.L54:
 699              		.align	2
 700              	.L53:
 701 00cc 00000000 		.word	htim3
 702 00d0 00040040 		.word	1073742848
 703              		.cfi_endproc
 704              	.LFE124:
 706              		.section	.text.HAL_TIM_PWM_MspDeInit,"ax",%progbits
 707              		.align	1
 708              		.global	HAL_TIM_PWM_MspDeInit
 709              		.syntax unified
 710              		.thumb
 711              		.thumb_func
 713              	HAL_TIM_PWM_MspDeInit:
 714              	.LVL36:
 715              	.LFB128:
 238:Core/Src/tim.c **** 
 239:Core/Src/tim.c **** void HAL_TIM_PWM_MspDeInit(TIM_HandleTypeDef* tim_pwmHandle)
 240:Core/Src/tim.c **** {
 716              		.loc 1 240 1 view -0
 717              		.cfi_startproc
 718              		@ args = 0, pretend = 0, frame = 0
 719              		@ frame_needed = 0, uses_anonymous_args = 0
 720              		@ link register save eliminated.
 241:Core/Src/tim.c **** 
 242:Core/Src/tim.c ****   if(tim_pwmHandle->Instance==TIM2)
 721              		.loc 1 242 3 view .LVU212
 722              		.loc 1 242 19 is_stmt 0 view .LVU213
 723 0000 0368     		ldr	r3, [r0]
 724              		.loc 1 242 5 view .LVU214
 725 0002 B3F1804F 		cmp	r3, #1073741824
 726 0006 00D0     		beq	.L57
 727              	.L55:
 243:Core/Src/tim.c ****   {
 244:Core/Src/tim.c ****   /* USER CODE BEGIN TIM2_MspDeInit 0 */
 245:Core/Src/tim.c **** 
 246:Core/Src/tim.c ****   /* USER CODE END TIM2_MspDeInit 0 */
ARM GAS  /var/folders/5c/srt4fy4j1pd641bjfx75k5000000gn/T//ccR23NuW.s 			page 21


 247:Core/Src/tim.c ****     /* Peripheral clock disable */
 248:Core/Src/tim.c ****     __HAL_RCC_TIM2_CLK_DISABLE();
 249:Core/Src/tim.c ****   /* USER CODE BEGIN TIM2_MspDeInit 1 */
 250:Core/Src/tim.c **** 
 251:Core/Src/tim.c ****   /* USER CODE END TIM2_MspDeInit 1 */
 252:Core/Src/tim.c ****   }
 253:Core/Src/tim.c **** }
 728              		.loc 1 253 1 view .LVU215
 729 0008 7047     		bx	lr
 730              	.L57:
 248:Core/Src/tim.c ****   /* USER CODE BEGIN TIM2_MspDeInit 1 */
 731              		.loc 1 248 5 is_stmt 1 view .LVU216
 732 000a 034A     		ldr	r2, .L58
 733 000c D369     		ldr	r3, [r2, #28]
 734 000e 23F00103 		bic	r3, r3, #1
 735 0012 D361     		str	r3, [r2, #28]
 736              		.loc 1 253 1 is_stmt 0 view .LVU217
 737 0014 F8E7     		b	.L55
 738              	.L59:
 739 0016 00BF     		.align	2
 740              	.L58:
 741 0018 00100240 		.word	1073876992
 742              		.cfi_endproc
 743              	.LFE128:
 745              		.section	.text.HAL_TIM_Base_MspDeInit,"ax",%progbits
 746              		.align	1
 747              		.global	HAL_TIM_Base_MspDeInit
 748              		.syntax unified
 749              		.thumb
 750              		.thumb_func
 752              	HAL_TIM_Base_MspDeInit:
 753              	.LVL37:
 754              	.LFB129:
 254:Core/Src/tim.c **** 
 255:Core/Src/tim.c **** void HAL_TIM_Base_MspDeInit(TIM_HandleTypeDef* tim_baseHandle)
 256:Core/Src/tim.c **** {
 755              		.loc 1 256 1 is_stmt 1 view -0
 756              		.cfi_startproc
 757              		@ args = 0, pretend = 0, frame = 0
 758              		@ frame_needed = 0, uses_anonymous_args = 0
 759              		@ link register save eliminated.
 257:Core/Src/tim.c **** 
 258:Core/Src/tim.c ****   if(tim_baseHandle->Instance==TIM3)
 760              		.loc 1 258 3 view .LVU219
 761              		.loc 1 258 20 is_stmt 0 view .LVU220
 762 0000 0268     		ldr	r2, [r0]
 763              		.loc 1 258 5 view .LVU221
 764 0002 054B     		ldr	r3, .L63
 765 0004 9A42     		cmp	r2, r3
 766 0006 00D0     		beq	.L62
 767              	.L60:
 259:Core/Src/tim.c ****   {
 260:Core/Src/tim.c ****   /* USER CODE BEGIN TIM3_MspDeInit 0 */
 261:Core/Src/tim.c **** 
 262:Core/Src/tim.c ****   /* USER CODE END TIM3_MspDeInit 0 */
 263:Core/Src/tim.c ****     /* Peripheral clock disable */
 264:Core/Src/tim.c ****     __HAL_RCC_TIM3_CLK_DISABLE();
ARM GAS  /var/folders/5c/srt4fy4j1pd641bjfx75k5000000gn/T//ccR23NuW.s 			page 22


 265:Core/Src/tim.c ****   /* USER CODE BEGIN TIM3_MspDeInit 1 */
 266:Core/Src/tim.c **** 
 267:Core/Src/tim.c ****   /* USER CODE END TIM3_MspDeInit 1 */
 268:Core/Src/tim.c ****   }
 269:Core/Src/tim.c **** }
 768              		.loc 1 269 1 view .LVU222
 769 0008 7047     		bx	lr
 770              	.L62:
 264:Core/Src/tim.c ****   /* USER CODE BEGIN TIM3_MspDeInit 1 */
 771              		.loc 1 264 5 is_stmt 1 view .LVU223
 772 000a 044A     		ldr	r2, .L63+4
 773 000c D369     		ldr	r3, [r2, #28]
 774 000e 23F00203 		bic	r3, r3, #2
 775 0012 D361     		str	r3, [r2, #28]
 776              		.loc 1 269 1 is_stmt 0 view .LVU224
 777 0014 F8E7     		b	.L60
 778              	.L64:
 779 0016 00BF     		.align	2
 780              	.L63:
 781 0018 00040040 		.word	1073742848
 782 001c 00100240 		.word	1073876992
 783              		.cfi_endproc
 784              	.LFE129:
 786              		.global	htim3
 787              		.section	.bss.htim3,"aw",%nobits
 788              		.align	2
 791              	htim3:
 792 0000 00000000 		.space	76
 792      00000000 
 792      00000000 
 792      00000000 
 792      00000000 
 793              		.global	htim2
 794              		.section	.bss.htim2,"aw",%nobits
 795              		.align	2
 798              	htim2:
 799 0000 00000000 		.space	76
 799      00000000 
 799      00000000 
 799      00000000 
 799      00000000 
 800              		.text
 801              	.Letext0:
 802              		.file 2 "/opt/ST/STM32CubeCLT_1.16.0/GNU-tools-for-STM32/arm-none-eabi/include/machine/_default_ty
 803              		.file 3 "/opt/ST/STM32CubeCLT_1.16.0/GNU-tools-for-STM32/arm-none-eabi/include/sys/_stdint.h"
 804              		.file 4 "Drivers/CMSIS/Device/ST/STM32F3xx/Include/stm32f303x8.h"
 805              		.file 5 "Drivers/STM32F3xx_HAL_Driver/Inc/stm32f3xx_hal_def.h"
 806              		.file 6 "Drivers/STM32F3xx_HAL_Driver/Inc/stm32f3xx_hal_gpio.h"
 807              		.file 7 "Drivers/STM32F3xx_HAL_Driver/Inc/stm32f3xx_hal_dma.h"
 808              		.file 8 "Drivers/STM32F3xx_HAL_Driver/Inc/stm32f3xx_hal_tim.h"
 809              		.file 9 "Core/Inc/tim.h"
 810              		.file 10 "Drivers/STM32F3xx_HAL_Driver/Inc/stm32f3xx_hal_tim_ex.h"
 811              		.file 11 "Core/Inc/main.h"
ARM GAS  /var/folders/5c/srt4fy4j1pd641bjfx75k5000000gn/T//ccR23NuW.s 			page 23


DEFINED SYMBOLS
                            *ABS*:00000000 tim.c
/var/folders/5c/srt4fy4j1pd641bjfx75k5000000gn/T//ccR23NuW.s:21     .text.HAL_TIM_PWM_MspInit:00000000 $t
/var/folders/5c/srt4fy4j1pd641bjfx75k5000000gn/T//ccR23NuW.s:27     .text.HAL_TIM_PWM_MspInit:00000000 HAL_TIM_PWM_MspInit
/var/folders/5c/srt4fy4j1pd641bjfx75k5000000gn/T//ccR23NuW.s:73     .text.HAL_TIM_Base_MspInit:00000000 $t
/var/folders/5c/srt4fy4j1pd641bjfx75k5000000gn/T//ccR23NuW.s:79     .text.HAL_TIM_Base_MspInit:00000000 HAL_TIM_Base_MspInit
/var/folders/5c/srt4fy4j1pd641bjfx75k5000000gn/T//ccR23NuW.s:125    .text.HAL_TIM_Base_MspInit:00000028 $d
/var/folders/5c/srt4fy4j1pd641bjfx75k5000000gn/T//ccR23NuW.s:130    .text.HAL_TIM_MspPostInit:00000000 $t
/var/folders/5c/srt4fy4j1pd641bjfx75k5000000gn/T//ccR23NuW.s:136    .text.HAL_TIM_MspPostInit:00000000 HAL_TIM_MspPostInit
/var/folders/5c/srt4fy4j1pd641bjfx75k5000000gn/T//ccR23NuW.s:340    .text.HAL_TIM_MspPostInit:000000cc $d
/var/folders/5c/srt4fy4j1pd641bjfx75k5000000gn/T//ccR23NuW.s:347    .text.MX_TIM2_Init:00000000 $t
/var/folders/5c/srt4fy4j1pd641bjfx75k5000000gn/T//ccR23NuW.s:353    .text.MX_TIM2_Init:00000000 MX_TIM2_Init
/var/folders/5c/srt4fy4j1pd641bjfx75k5000000gn/T//ccR23NuW.s:495    .text.MX_TIM2_Init:00000090 $d
/var/folders/5c/srt4fy4j1pd641bjfx75k5000000gn/T//ccR23NuW.s:798    .bss.htim2:00000000 htim2
/var/folders/5c/srt4fy4j1pd641bjfx75k5000000gn/T//ccR23NuW.s:500    .text.MX_TIM3_Init:00000000 $t
/var/folders/5c/srt4fy4j1pd641bjfx75k5000000gn/T//ccR23NuW.s:506    .text.MX_TIM3_Init:00000000 MX_TIM3_Init
/var/folders/5c/srt4fy4j1pd641bjfx75k5000000gn/T//ccR23NuW.s:701    .text.MX_TIM3_Init:000000cc $d
/var/folders/5c/srt4fy4j1pd641bjfx75k5000000gn/T//ccR23NuW.s:791    .bss.htim3:00000000 htim3
/var/folders/5c/srt4fy4j1pd641bjfx75k5000000gn/T//ccR23NuW.s:707    .text.HAL_TIM_PWM_MspDeInit:00000000 $t
/var/folders/5c/srt4fy4j1pd641bjfx75k5000000gn/T//ccR23NuW.s:713    .text.HAL_TIM_PWM_MspDeInit:00000000 HAL_TIM_PWM_MspDeInit
/var/folders/5c/srt4fy4j1pd641bjfx75k5000000gn/T//ccR23NuW.s:741    .text.HAL_TIM_PWM_MspDeInit:00000018 $d
/var/folders/5c/srt4fy4j1pd641bjfx75k5000000gn/T//ccR23NuW.s:746    .text.HAL_TIM_Base_MspDeInit:00000000 $t
/var/folders/5c/srt4fy4j1pd641bjfx75k5000000gn/T//ccR23NuW.s:752    .text.HAL_TIM_Base_MspDeInit:00000000 HAL_TIM_Base_MspDeInit
/var/folders/5c/srt4fy4j1pd641bjfx75k5000000gn/T//ccR23NuW.s:781    .text.HAL_TIM_Base_MspDeInit:00000018 $d
/var/folders/5c/srt4fy4j1pd641bjfx75k5000000gn/T//ccR23NuW.s:788    .bss.htim3:00000000 $d
/var/folders/5c/srt4fy4j1pd641bjfx75k5000000gn/T//ccR23NuW.s:795    .bss.htim2:00000000 $d

UNDEFINED SYMBOLS
HAL_GPIO_Init
HAL_TIM_PWM_Init
HAL_TIMEx_MasterConfigSynchronization
HAL_TIM_PWM_ConfigChannel
Error_Handler
HAL_TIM_Base_Init
HAL_TIM_ConfigClockSource
