ARM GAS  /var/folders/5c/srt4fy4j1pd641bjfx75k5000000gn/T//ccFsTfGh.s 			page 1


   1              		.cpu cortex-m4
   2              		.arch armv7e-m
   3              		.fpu fpv4-sp-d16
   4              		.eabi_attribute 27, 1
   5              		.eabi_attribute 28, 1
   6              		.eabi_attribute 20, 1
   7              		.eabi_attribute 21, 1
   8              		.eabi_attribute 23, 3
   9              		.eabi_attribute 24, 1
  10              		.eabi_attribute 25, 1
  11              		.eabi_attribute 26, 1
  12              		.eabi_attribute 30, 1
  13              		.eabi_attribute 34, 1
  14              		.eabi_attribute 18, 4
  15              		.file	"gpio.c"
  16              		.text
  17              	.Ltext0:
  18              		.cfi_sections	.debug_frame
  19              		.file 1 "Core/Src/gpio.c"
  20              		.section	.text.MX_GPIO_Init,"ax",%progbits
  21              		.align	1
  22              		.global	MX_GPIO_Init
  23              		.syntax unified
  24              		.thumb
  25              		.thumb_func
  27              	MX_GPIO_Init:
  28              	.LFB123:
   1:Core/Src/gpio.c **** /* USER CODE BEGIN Header */
   2:Core/Src/gpio.c **** /**
   3:Core/Src/gpio.c ****   ******************************************************************************
   4:Core/Src/gpio.c ****   * @file    gpio.c
   5:Core/Src/gpio.c ****   * @brief   This file provides code for the configuration
   6:Core/Src/gpio.c ****   *          of all used GPIO pins.
   7:Core/Src/gpio.c ****   ******************************************************************************
   8:Core/Src/gpio.c ****   * @attention
   9:Core/Src/gpio.c ****   *
  10:Core/Src/gpio.c ****   * Copyright (c) 2025 STMicroelectronics.
  11:Core/Src/gpio.c ****   * All rights reserved.
  12:Core/Src/gpio.c ****   *
  13:Core/Src/gpio.c ****   * This software is licensed under terms that can be found in the LICENSE file
  14:Core/Src/gpio.c ****   * in the root directory of this software component.
  15:Core/Src/gpio.c ****   * If no LICENSE file comes with this software, it is provided AS-IS.
  16:Core/Src/gpio.c ****   *
  17:Core/Src/gpio.c ****   ******************************************************************************
  18:Core/Src/gpio.c ****   */
  19:Core/Src/gpio.c **** /* USER CODE END Header */
  20:Core/Src/gpio.c **** 
  21:Core/Src/gpio.c **** /* Includes ------------------------------------------------------------------*/
  22:Core/Src/gpio.c **** #include "gpio.h"
  23:Core/Src/gpio.c **** 
  24:Core/Src/gpio.c **** /* USER CODE BEGIN 0 */
  25:Core/Src/gpio.c **** 
  26:Core/Src/gpio.c **** /* USER CODE END 0 */
  27:Core/Src/gpio.c **** 
  28:Core/Src/gpio.c **** /*----------------------------------------------------------------------------*/
  29:Core/Src/gpio.c **** /* Configure GPIO                                                             */
  30:Core/Src/gpio.c **** /*----------------------------------------------------------------------------*/
ARM GAS  /var/folders/5c/srt4fy4j1pd641bjfx75k5000000gn/T//ccFsTfGh.s 			page 2


  31:Core/Src/gpio.c **** /* USER CODE BEGIN 1 */
  32:Core/Src/gpio.c **** 
  33:Core/Src/gpio.c **** /* USER CODE END 1 */
  34:Core/Src/gpio.c **** 
  35:Core/Src/gpio.c **** /** Configure pins as
  36:Core/Src/gpio.c ****         * Analog
  37:Core/Src/gpio.c ****         * Input
  38:Core/Src/gpio.c ****         * Output
  39:Core/Src/gpio.c ****         * EVENT_OUT
  40:Core/Src/gpio.c ****         * EXTI
  41:Core/Src/gpio.c **** */
  42:Core/Src/gpio.c **** void MX_GPIO_Init(void)
  43:Core/Src/gpio.c **** {
  29              		.loc 1 43 1 view -0
  30              		.cfi_startproc
  31              		@ args = 0, pretend = 0, frame = 32
  32              		@ frame_needed = 0, uses_anonymous_args = 0
  33 0000 00B5     		push	{lr}
  34              	.LCFI0:
  35              		.cfi_def_cfa_offset 4
  36              		.cfi_offset 14, -4
  37 0002 89B0     		sub	sp, sp, #36
  38              	.LCFI1:
  39              		.cfi_def_cfa_offset 40
  44:Core/Src/gpio.c **** 
  45:Core/Src/gpio.c ****   GPIO_InitTypeDef GPIO_InitStruct = {0};
  40              		.loc 1 45 3 view .LVU1
  41              		.loc 1 45 20 is_stmt 0 view .LVU2
  42 0004 0023     		movs	r3, #0
  43 0006 0393     		str	r3, [sp, #12]
  44 0008 0493     		str	r3, [sp, #16]
  45 000a 0593     		str	r3, [sp, #20]
  46 000c 0693     		str	r3, [sp, #24]
  47 000e 0793     		str	r3, [sp, #28]
  46:Core/Src/gpio.c **** 
  47:Core/Src/gpio.c ****   /* GPIO Ports Clock Enable */
  48:Core/Src/gpio.c ****   __HAL_RCC_GPIOF_CLK_ENABLE();
  48              		.loc 1 48 3 is_stmt 1 view .LVU3
  49              	.LBB2:
  50              		.loc 1 48 3 view .LVU4
  51              		.loc 1 48 3 view .LVU5
  52 0010 03F18043 		add	r3, r3, #1073741824
  53 0014 03F50433 		add	r3, r3, #135168
  54 0018 5A69     		ldr	r2, [r3, #20]
  55 001a 42F48002 		orr	r2, r2, #4194304
  56 001e 5A61     		str	r2, [r3, #20]
  57              		.loc 1 48 3 view .LVU6
  58 0020 5A69     		ldr	r2, [r3, #20]
  59 0022 02F48002 		and	r2, r2, #4194304
  60 0026 0092     		str	r2, [sp]
  61              		.loc 1 48 3 view .LVU7
  62 0028 009A     		ldr	r2, [sp]
  63              	.LBE2:
  64              		.loc 1 48 3 view .LVU8
  49:Core/Src/gpio.c ****   __HAL_RCC_GPIOA_CLK_ENABLE();
  65              		.loc 1 49 3 view .LVU9
  66              	.LBB3:
ARM GAS  /var/folders/5c/srt4fy4j1pd641bjfx75k5000000gn/T//ccFsTfGh.s 			page 3


  67              		.loc 1 49 3 view .LVU10
  68              		.loc 1 49 3 view .LVU11
  69 002a 5A69     		ldr	r2, [r3, #20]
  70 002c 42F40032 		orr	r2, r2, #131072
  71 0030 5A61     		str	r2, [r3, #20]
  72              		.loc 1 49 3 view .LVU12
  73 0032 5A69     		ldr	r2, [r3, #20]
  74 0034 02F40032 		and	r2, r2, #131072
  75 0038 0192     		str	r2, [sp, #4]
  76              		.loc 1 49 3 view .LVU13
  77 003a 019A     		ldr	r2, [sp, #4]
  78              	.LBE3:
  79              		.loc 1 49 3 view .LVU14
  50:Core/Src/gpio.c ****   __HAL_RCC_GPIOB_CLK_ENABLE();
  80              		.loc 1 50 3 view .LVU15
  81              	.LBB4:
  82              		.loc 1 50 3 view .LVU16
  83              		.loc 1 50 3 view .LVU17
  84 003c 5A69     		ldr	r2, [r3, #20]
  85 003e 42F48022 		orr	r2, r2, #262144
  86 0042 5A61     		str	r2, [r3, #20]
  87              		.loc 1 50 3 view .LVU18
  88 0044 5B69     		ldr	r3, [r3, #20]
  89 0046 03F48023 		and	r3, r3, #262144
  90 004a 0293     		str	r3, [sp, #8]
  91              		.loc 1 50 3 view .LVU19
  92 004c 029B     		ldr	r3, [sp, #8]
  93              	.LBE4:
  94              		.loc 1 50 3 view .LVU20
  51:Core/Src/gpio.c **** 
  52:Core/Src/gpio.c ****   /*Configure GPIO pin : PA0 */
  53:Core/Src/gpio.c ****   GPIO_InitStruct.Pin = GPIO_PIN_0;
  95              		.loc 1 53 3 view .LVU21
  96              		.loc 1 53 23 is_stmt 0 view .LVU22
  97 004e 0123     		movs	r3, #1
  98 0050 0393     		str	r3, [sp, #12]
  54:Core/Src/gpio.c ****   GPIO_InitStruct.Mode = GPIO_MODE_INPUT;
  99              		.loc 1 54 3 is_stmt 1 view .LVU23
  55:Core/Src/gpio.c ****   GPIO_InitStruct.Pull = GPIO_NOPULL;
 100              		.loc 1 55 3 view .LVU24
  56:Core/Src/gpio.c ****   HAL_GPIO_Init(GPIOA, &GPIO_InitStruct);
 101              		.loc 1 56 3 view .LVU25
 102 0052 03A9     		add	r1, sp, #12
 103 0054 4FF09040 		mov	r0, #1207959552
 104 0058 FFF7FEFF 		bl	HAL_GPIO_Init
 105              	.LVL0:
  57:Core/Src/gpio.c **** 
  58:Core/Src/gpio.c **** }
 106              		.loc 1 58 1 is_stmt 0 view .LVU26
 107 005c 09B0     		add	sp, sp, #36
 108              	.LCFI2:
 109              		.cfi_def_cfa_offset 4
 110              		@ sp needed
 111 005e 5DF804FB 		ldr	pc, [sp], #4
 112              		.cfi_endproc
 113              	.LFE123:
 115              		.text
ARM GAS  /var/folders/5c/srt4fy4j1pd641bjfx75k5000000gn/T//ccFsTfGh.s 			page 4


 116              	.Letext0:
 117              		.file 2 "/opt/ST/STM32CubeCLT_1.16.0/GNU-tools-for-STM32/arm-none-eabi/include/machine/_default_ty
 118              		.file 3 "/opt/ST/STM32CubeCLT_1.16.0/GNU-tools-for-STM32/arm-none-eabi/include/sys/_stdint.h"
 119              		.file 4 "Drivers/CMSIS/Device/ST/STM32F3xx/Include/stm32f303x8.h"
 120              		.file 5 "Drivers/STM32F3xx_HAL_Driver/Inc/stm32f3xx_hal_gpio.h"
ARM GAS  /var/folders/5c/srt4fy4j1pd641bjfx75k5000000gn/T//ccFsTfGh.s 			page 5


DEFINED SYMBOLS
                            *ABS*:00000000 gpio.c
/var/folders/5c/srt4fy4j1pd641bjfx75k5000000gn/T//ccFsTfGh.s:21     .text.MX_GPIO_Init:00000000 $t
/var/folders/5c/srt4fy4j1pd641bjfx75k5000000gn/T//ccFsTfGh.s:27     .text.MX_GPIO_Init:00000000 MX_GPIO_Init

UNDEFINED SYMBOLS
HAL_GPIO_Init
