Archive member included to satisfy reference by file (symbol)

/opt/ST/STM32CubeCLT_1.16.0/GNU-tools-for-STM32/bin/../lib/gcc/arm-none-eabi/12.3.1/../../../../arm-none-eabi/lib/thumb/v7e-m+fp/hard/libc_nano.a(libc_a-abs.o)
                              build/bldc.o (abs)
/opt/ST/STM32CubeCLT_1.16.0/GNU-tools-for-STM32/bin/../lib/gcc/arm-none-eabi/12.3.1/../../../../arm-none-eabi/lib/thumb/v7e-m+fp/hard/libc_nano.a(libc_a-exit.o)
                              /opt/ST/STM32CubeCLT_1.16.0/GNU-tools-for-STM32/bin/../lib/gcc/arm-none-eabi/12.3.1/../../../../arm-none-eabi/lib/thumb/v7e-m+fp/hard/crt0.o (exit)
/opt/ST/STM32CubeCLT_1.16.0/GNU-tools-for-STM32/bin/../lib/gcc/arm-none-eabi/12.3.1/../../../../arm-none-eabi/lib/thumb/v7e-m+fp/hard/libc_nano.a(libc_a-setbuf.o)
                              build/main.o (setbuf)
/opt/ST/STM32CubeCLT_1.16.0/GNU-tools-for-STM32/bin/../lib/gcc/arm-none-eabi/12.3.1/../../../../arm-none-eabi/lib/thumb/v7e-m+fp/hard/libc_nano.a(libc_a-setvbuf.o)
                              /opt/ST/STM32CubeCLT_1.16.0/GNU-tools-for-STM32/bin/../lib/gcc/arm-none-eabi/12.3.1/../../../../arm-none-eabi/lib/thumb/v7e-m+fp/hard/libc_nano.a(libc_a-setbuf.o) (setvbuf)
/opt/ST/STM32CubeCLT_1.16.0/GNU-tools-for-STM32/bin/../lib/gcc/arm-none-eabi/12.3.1/../../../../arm-none-eabi/lib/thumb/v7e-m+fp/hard/libc_nano.a(libc_a-findfp.o)
                              /opt/ST/STM32CubeCLT_1.16.0/GNU-tools-for-STM32/bin/../lib/gcc/arm-none-eabi/12.3.1/../../../../arm-none-eabi/lib/thumb/v7e-m+fp/hard/libc_nano.a(libc_a-exit.o) (__stdio_exit_handler)
/opt/ST/STM32CubeCLT_1.16.0/GNU-tools-for-STM32/bin/../lib/gcc/arm-none-eabi/12.3.1/../../../../arm-none-eabi/lib/thumb/v7e-m+fp/hard/libc_nano.a(libc_a-fwalk.o)
                              /opt/ST/STM32CubeCLT_1.16.0/GNU-tools-for-STM32/bin/../lib/gcc/arm-none-eabi/12.3.1/../../../../arm-none-eabi/lib/thumb/v7e-m+fp/hard/libc_nano.a(libc_a-findfp.o) (_fwalk_sglue)
/opt/ST/STM32CubeCLT_1.16.0/GNU-tools-for-STM32/bin/../lib/gcc/arm-none-eabi/12.3.1/../../../../arm-none-eabi/lib/thumb/v7e-m+fp/hard/libc_nano.a(libc_a-makebuf.o)
                              /opt/ST/STM32CubeCLT_1.16.0/GNU-tools-for-STM32/bin/../lib/gcc/arm-none-eabi/12.3.1/../../../../arm-none-eabi/lib/thumb/v7e-m+fp/hard/libc_nano.a(libc_a-setvbuf.o) (__swhatbuf_r)
/opt/ST/STM32CubeCLT_1.16.0/GNU-tools-for-STM32/bin/../lib/gcc/arm-none-eabi/12.3.1/../../../../arm-none-eabi/lib/thumb/v7e-m+fp/hard/libc_nano.a(libc_a-printf.o)
                              build/app.o (printf)
/opt/ST/STM32CubeCLT_1.16.0/GNU-tools-for-STM32/bin/../lib/gcc/arm-none-eabi/12.3.1/../../../../arm-none-eabi/lib/thumb/v7e-m+fp/hard/libc_nano.a(libc_a-puts.o)
                              build/app.o (puts)
/opt/ST/STM32CubeCLT_1.16.0/GNU-tools-for-STM32/bin/../lib/gcc/arm-none-eabi/12.3.1/../../../../arm-none-eabi/lib/thumb/v7e-m+fp/hard/libc_nano.a(libc_a-memset.o)
                              /opt/ST/STM32CubeCLT_1.16.0/GNU-tools-for-STM32/bin/../lib/gcc/arm-none-eabi/12.3.1/../../../../arm-none-eabi/lib/thumb/v7e-m+fp/hard/crt0.o (memset)
/opt/ST/STM32CubeCLT_1.16.0/GNU-tools-for-STM32/bin/../lib/gcc/arm-none-eabi/12.3.1/../../../../arm-none-eabi/lib/thumb/v7e-m+fp/hard/libc_nano.a(libc_a-impure.o)
                              build/main.o (_impure_ptr)
/opt/ST/STM32CubeCLT_1.16.0/GNU-tools-for-STM32/bin/../lib/gcc/arm-none-eabi/12.3.1/../../../../arm-none-eabi/lib/thumb/v7e-m+fp/hard/libc_nano.a(libc_a-fstatr.o)
                              /opt/ST/STM32CubeCLT_1.16.0/GNU-tools-for-STM32/bin/../lib/gcc/arm-none-eabi/12.3.1/../../../../arm-none-eabi/lib/thumb/v7e-m+fp/hard/libc_nano.a(libc_a-makebuf.o) (_fstat_r)
/opt/ST/STM32CubeCLT_1.16.0/GNU-tools-for-STM32/bin/../lib/gcc/arm-none-eabi/12.3.1/../../../../arm-none-eabi/lib/thumb/v7e-m+fp/hard/libc_nano.a(libc_a-isattyr.o)
                              /opt/ST/STM32CubeCLT_1.16.0/GNU-tools-for-STM32/bin/../lib/gcc/arm-none-eabi/12.3.1/../../../../arm-none-eabi/lib/thumb/v7e-m+fp/hard/libc_nano.a(libc_a-makebuf.o) (_isatty_r)
/opt/ST/STM32CubeCLT_1.16.0/GNU-tools-for-STM32/bin/../lib/gcc/arm-none-eabi/12.3.1/../../../../arm-none-eabi/lib/thumb/v7e-m+fp/hard/libc_nano.a(libc_a-errno.o)
                              build/sysmem.o (__errno)
/opt/ST/STM32CubeCLT_1.16.0/GNU-tools-for-STM32/bin/../lib/gcc/arm-none-eabi/12.3.1/../../../../arm-none-eabi/lib/thumb/v7e-m+fp/hard/libc_nano.a(libc_a-init.o)
                              /opt/ST/STM32CubeCLT_1.16.0/GNU-tools-for-STM32/bin/../lib/gcc/arm-none-eabi/12.3.1/../../../../arm-none-eabi/lib/thumb/v7e-m+fp/hard/crt0.o (__libc_init_array)
/opt/ST/STM32CubeCLT_1.16.0/GNU-tools-for-STM32/bin/../lib/gcc/arm-none-eabi/12.3.1/../../../../arm-none-eabi/lib/thumb/v7e-m+fp/hard/libc_nano.a(libc_a-lock.o)
                              /opt/ST/STM32CubeCLT_1.16.0/GNU-tools-for-STM32/bin/../lib/gcc/arm-none-eabi/12.3.1/../../../../arm-none-eabi/lib/thumb/v7e-m+fp/hard/libc_nano.a(libc_a-findfp.o) (__retarget_lock_init_recursive)
[...]
Memory Configuration

Name             Origin             Length             Attributes
RAM              0x20000000         0x00003000         xrw
CCMRAM           0x10000000         0x00001000         xrw
FLASH            0x08000000         0x00010000         xr
*default*        0x00000000         0xffffffff

Linker script and memory map

LOAD /opt/ST/STM32CubeCLT_1.16.0/GNU-tools-for-STM32/bin/../lib/gcc/arm-none-eabi/12.3.1/thumb/v7e-m+fp/hard/crti.o
LOAD /opt/ST/STM32CubeCLT_1.16.0/GNU-tools-for-STM32/bin/../lib/gcc/arm-none-eabi/12.3.1/thumb/v7e-m+fp/hard/crtbegin.o
LOAD /opt/ST/STM32CubeCLT_1.16.0/GNU-tools-for-STM32/bin/../lib/gcc/arm-none-eabi/12.3.1/../../../../arm-none-eabi/lib/thumb/v7e-m+fp/hard/crt0.o
LOAD build/main.o
LOAD build/gpio.o
LOAD build/tim.o
LOAD build/stm32f3xx_it.o
LOAD build/stm32f3xx_hal_msp.o
LOAD build/stm32f3xx_hal_tim.o
LOAD build/stm32f3xx_hal_tim_ex.o
LOAD build/stm32f3xx_hal.o
LOAD build/stm32f3xx_hal_rcc.o
LOAD build/stm32f3xx_hal_rcc_ex.o
LOAD build/stm32f3xx_hal_gpio.o
LOAD build/stm32f3xx_hal_dma.o
LOAD build/stm32f3xx_hal_cortex.o
LOAD build/stm32f3xx_hal_pwr.o
LOAD build/stm32f3xx_hal_pwr_ex.o
LOAD build/stm32f3xx_hal_flash.o
LOAD build/stm32f3xx_hal_flash_ex.o
LOAD build/stm32f3xx_hal_i2c.o
LOAD build/stm32f3xx_hal_i2c_ex.o
LOAD build/stm32f3xx_hal_exti.o
LOAD build/system_stm32f3xx.o
LOAD build/sysmem.o
LOAD build/syscalls.o
LOAD build/adc.o
LOAD build/usart.o
LOAD build/stm32f3xx_hal_adc.o
LOAD build/stm32f3xx_hal_adc_ex.o
LOAD build/stm32f3xx_hal_uart.o
LOAD build/stm32f3xx_hal_uart_ex.o
LOAD build/app.o
LOAD build/bldc.o
LOAD build/dma.o
LOAD build/startup_stm32f303x8.o
LOAD /opt/ST/STM32CubeCLT_1.16.0/GNU-tools-for-STM32/bin/../lib/gcc/arm-none-eabi/12.3.1/../../../../arm-none-eabi/lib/thumb/v7e-m+fp/hard/libc_nano.a
LOAD /opt/ST/STM32CubeCLT_1.16.0/GNU-tools-for-STM32/bin/../lib/gcc/arm-none-eabi/12.3.1/../../../../arm-none-eabi/lib/thumb/v7e-m+fp/hard/libm.a
LOAD /opt/ST/STM32CubeCLT_1.16.0/GNU-tools-for-STM32/bin/../lib/gcc/arm-none-eabi/12.3.1/../../../../arm-none-eabi/lib/thumb/v7e-m+fp/hard/libnosys.a
START GROUP
LOAD /opt/ST/STM32CubeCLT_1.16.0/GNU-tools-for-STM32/bin/../lib/gcc/arm-none-eabi/12.3.1/thumb/v7e-m+fp/hard/libgcc.a
LOAD /opt/ST/STM32CubeCLT_1.16.0/GNU-tools-for-STM32/bin/../lib/gcc/arm-none-eabi/12.3.1/../../../../arm-none-eabi/lib/thumb/v7e-m+fp/hard/libc_nano.a
END GROUP
START GROUP
LOAD /opt/ST/STM32CubeCLT_1.16.0/GNU-tools-for-STM32/bin/../lib/gcc/arm-none-eabi/12.3.1/thumb/v7e-m+fp/hard/libgcc.a
LOAD /opt/ST/STM32CubeCLT_1.16.0/GNU-tools-for-STM32/bin/../lib/gcc/arm-none-eabi/12.3.1/../../../../arm-none-eabi/lib/thumb/v7e-m+fp/hard/libc_nano.a
END GROUP
LOAD /opt/ST/STM32CubeCLT_1.16.0/GNU-tools-for-STM32/bin/../lib/gcc/arm-none-eabi/12.3.1/thumb/v7e-m+fp/hard/crtend.o
LOAD /opt/ST/STM32CubeCLT_1.16.0/GNU-tools-for-STM32/bin/../lib/gcc/arm-none-eabi/12.3.1/thumb/v7e-m+fp/hard/crtn.o
                0x20003000                        _estack = (ORIGIN (RAM) + LENGTH (RAM))
                0x00000200                        _Min_Heap_Size = 0x200
                0x00000400                        _Min_Stack_Size = 0x400

.isr_vector     0x08000000      0x188
                0x08000000                        . = ALIGN (0x4)
 *(.isr_vector)
 .isr_vector    0x08000000      0x188 build/startup_stm32f303x8.o
                0x08000000                g_pfnVectors
                0x08000188                        . = ALIGN (0x4)

.text           0x08000190     0x5f78
                0x08000190                        . = ALIGN (0x4)
 *(.text)
 .text          0x08000190       0x40 /opt/ST/STM32CubeCLT_1.16.0/GNU-tools-for-STM32/bin/../lib/gcc/arm-none-eabi/12.3.1/thumb/v7e-m+fp/hard/crtbegin.o
 .text          0x080001d0       0xa0 /opt/ST/STM32CubeCLT_1.16.0/GNU-tools-for-STM32/bin/../lib/gcc/arm-none-eabi/12.3.1/../../../../arm-none-eabi/lib/thumb/v7e-m+fp/hard/libc_nano.a(libc_a-memchr.o)
                0x080001d0                memchr
 .text          0x08000270      0x254 /opt/ST/STM32CubeCLT_1.16.0/GNU-tools-for-STM32/bin/../lib/gcc/arm-none-eabi/12.3.1/thumb/v7e-m+fp/hard/libgcc.a(_arm_muldf3.o)
                0x08000270                __aeabi_dmul
                0x08000270                __muldf3
 .text          0x080004c4      0x378 /opt/ST/STM32CubeCLT_1.16.0/GNU-tools-for-STM32/bin/../lib/gcc/arm-none-eabi/12.3.1/thumb/v7e-m+fp/hard/libgcc.a(_arm_addsubdf3.o)
                0x080004c4                __aeabi_drsub
                0x080004cc                __subdf3
                0x080004cc                __aeabi_dsub
                0x080004d0                __aeabi_dadd
                0x080004d0                __adddf3
                0x08000748                __aeabi_ui2d
                0x08000748                __floatunsidf
                0x08000768                __floatsidf
                0x08000768                __aeabi_i2d
                0x0800078c                __extendsfdf2
                0x0800078c                __aeabi_f2d
                0x080007d0                __aeabi_ul2d
                0x080007d0                __floatundidf
                0x080007e0                __aeabi_l2d
                0x080007e0                __floatdidf
 .text          0x0800083c      0x110 /opt/ST/STM32CubeCLT_1.16.0/GNU-tools-for-STM32/bin/../lib/gcc/arm-none-eabi/12.3.1/thumb/v7e-m+fp/hard/libgcc.a(_arm_cmpdf2.o)
                0x0800083c                __gedf2
                0x0800083c                __gtdf2
                0x08000844                __ledf2
                0x08000844                __ltdf2
                0x0800084c                __cmpdf2
                0x0800084c                __eqdf2
                0x0800084c                __nedf2
                0x080008c8                __aeabi_cdrcmple
                0x080008d8                __aeabi_cdcmple
                0x080008d8                __aeabi_cdcmpeq
                0x080008e8                __aeabi_dcmpeq
                0x080008fc                __aeabi_dcmplt
                0x08000910                __aeabi_dcmple
                0x08000924                __aeabi_dcmpge
                0x08000938                __aeabi_dcmpgt
 .text          0x0800094c       0x50 /opt/ST/STM32CubeCLT_1.16.0/GNU-tools-for-STM32/bin/../lib/gcc/arm-none-eabi/12.3.1/thumb/v7e-m+fp/hard/libgcc.a(_arm_fixdfsi.o)
                0x0800094c                __fixdfsi
                0x0800094c                __aeabi_d2iz
 .text          0x0800099c       0xa0 /opt/ST/STM32CubeCLT_1.16.0/GNU-tools-for-STM32/bin/../lib/gcc/arm-none-eabi/12.3.1/thumb/v7e-m+fp/hard/libgcc.a(_arm_truncdfsf2.o)
                0x0800099c                __aeabi_d2f
                0x0800099c                __truncdfsf2
 *(.text*)
 .text._write   0x08000a3c       0x18 build/main.o
                0x08000a3c                _write
 .text.Error_Handler
                0x08000a54        0x4 build/main.o
                0x08000a54                Error_Handler
 .text.SystemClock_Config
                0x08000a58       0x8a build/main.o
                0x08000a58                SystemClock_Config
 *fill*         0x08000ae2        0x2 
 .text.main     0x08000ae4       0x44 build/main.o
                0x08000ae4                main
 .text.MX_GPIO_Init
                0x08000b28       0x62 build/gpio.o
                0x08000b28                MX_GPIO_Init
 *fill*         0x08000b8a        0x2 
 .text.HAL_TIM_Base_MspInit
                0x08000b8c       0x2c build/tim.o
                0x08000b8c                HAL_TIM_Base_MspInit
 .text.HAL_TIM_PWM_MspInit
                0x08000bb8       0x4c build/tim.o
                0x08000bb8                HAL_TIM_PWM_MspInit
 .text.HAL_TIM_MspPostInit
                0x08000c04      0x110 build/tim.o
                0x08000c04                HAL_TIM_MspPostInit
 .text.MX_TIM1_Init
                0x08000d14      0x124 build/tim.o
                0x08000d14                MX_TIM1_Init
 .text.MX_TIM2_Init
                0x08000e38       0x94 build/tim.o
                0x08000e38                MX_TIM2_Init
 .text.MX_TIM3_Init
                0x08000ecc       0x94 build/tim.o
                0x08000ecc                MX_TIM3_Init
 .text.NMI_Handler
                0x08000f60        0x2 build/stm32f3xx_it.o
                0x08000f60                NMI_Handler
 .text.HardFault_Handler
                0x08000f62        0x2 build/stm32f3xx_it.o
                0x08000f62                HardFault_Handler
 .text.MemManage_Handler
                0x08000f64        0x2 build/stm32f3xx_it.o
                0x08000f64                MemManage_Handler
 .text.BusFault_Handler
                0x08000f66        0x2 build/stm32f3xx_it.o
                0x08000f66                BusFault_Handler
 .text.UsageFault_Handler
                0x08000f68        0x2 build/stm32f3xx_it.o
                0x08000f68                UsageFault_Handler
 .text.SVC_Handler
                0x08000f6a        0x2 build/stm32f3xx_it.o
                0x08000f6a                SVC_Handler
 .text.DebugMon_Handler
                0x08000f6c        0x2 build/stm32f3xx_it.o
                0x08000f6c                DebugMon_Handler
 .text.PendSV_Handler
                0x08000f6e        0x2 build/stm32f3xx_it.o
                0x08000f6e                PendSV_Handler
 .text.SysTick_Handler
                0x08000f70        0x8 build/stm32f3xx_it.o
                0x08000f70                SysTick_Handler
 .text.DMA1_Channel4_IRQHandler
                0x08000f78       0x10 build/stm32f3xx_it.o
                0x08000f78                DMA1_Channel4_IRQHandler
 .text.HAL_MspInit
                0x08000f88       0x30 build/stm32f3xx_hal_msp.o
                0x08000f88                HAL_MspInit
 .text.TIM_OC1_SetConfig
                0x08000fb8       0x8c build/stm32f3xx_hal_tim.o
 .text.TIM_OC3_SetConfig
                0x08001044       0x7c build/stm32f3xx_hal_tim.o
 .text.TIM_OC4_SetConfig
                0x080010c0       0x64 build/stm32f3xx_hal_tim.o
 .text.TIM_OC5_SetConfig
                0x08001124       0x60 build/stm32f3xx_hal_tim.o
 .text.TIM_OC6_SetConfig
                0x08001184       0x64 build/stm32f3xx_hal_tim.o
 .text.TIM_TI1_ConfigInputStage
                0x080011e8       0x26 build/stm32f3xx_hal_tim.o
 .text.TIM_TI2_ConfigInputStage
                0x0800120e       0x28 build/stm32f3xx_hal_tim.o
 .text.TIM_ITRx_SetConfig
                0x08001236       0x10 build/stm32f3xx_hal_tim.o
 *fill*         0x08001246        0x2 
 .text.TIM_Base_SetConfig
                0x08001248       0xa0 build/stm32f3xx_hal_tim.o
                0x08001248                TIM_Base_SetConfig
 .text.HAL_TIM_Base_Init
                0x080012e8       0x60 build/stm32f3xx_hal_tim.o
                0x080012e8                HAL_TIM_Base_Init
 .text.HAL_TIM_PWM_Init
                0x08001348       0x60 build/stm32f3xx_hal_tim.o
                0x08001348                HAL_TIM_PWM_Init
 .text.TIM_OC2_SetConfig
                0x080013a8       0x7c build/stm32f3xx_hal_tim.o
                0x080013a8                TIM_OC2_SetConfig
 .text.HAL_TIM_PWM_ConfigChannel
                0x08001424      0x13a build/stm32f3xx_hal_tim.o
                0x08001424                HAL_TIM_PWM_ConfigChannel
 .text.TIM_ETR_SetConfig
                0x0800155e       0x1a build/stm32f3xx_hal_tim.o
                0x0800155e                TIM_ETR_SetConfig
 .text.HAL_TIM_ConfigClockSource
                0x08001578      0x100 build/stm32f3xx_hal_tim.o
                0x08001578                HAL_TIM_ConfigClockSource
 .text.TIM_CCxChannelCmd
                0x08001678       0x1e build/stm32f3xx_hal_tim.o
                0x08001678                TIM_CCxChannelCmd
 *fill*         0x08001696        0x2 
 .text.HAL_TIM_PWM_Start
                0x08001698      0x148 build/stm32f3xx_hal_tim.o
                0x08001698                HAL_TIM_PWM_Start
 .text.TIM_CCxNChannelCmd
                0x080017e0       0x1e build/stm32f3xx_hal_tim_ex.o
 *fill*         0x080017fe        0x2 
 .text.HAL_TIMEx_PWMN_Start
                0x08001800       0xe4 build/stm32f3xx_hal_tim_ex.o
                0x08001800                HAL_TIMEx_PWMN_Start
 .text.HAL_TIMEx_MasterConfigSynchronization
                0x080018e4       0x78 build/stm32f3xx_hal_tim_ex.o
                0x080018e4                HAL_TIMEx_MasterConfigSynchronization
 .text.HAL_TIMEx_ConfigBreakDeadTime
                0x0800195c       0x88 build/stm32f3xx_hal_tim_ex.o
                0x0800195c                HAL_TIMEx_ConfigBreakDeadTime
 .text.HAL_InitTick
                0x080019e4       0x4c build/stm32f3xx_hal.o
                0x080019e4                HAL_InitTick
 .text.HAL_Init
                0x08001a30       0x24 build/stm32f3xx_hal.o
                0x08001a30                HAL_Init
 .text.HAL_IncTick
                0x08001a54       0x18 build/stm32f3xx_hal.o
                0x08001a54                HAL_IncTick
 .text.HAL_GetTick
                0x08001a6c        0xc build/stm32f3xx_hal.o
                0x08001a6c                HAL_GetTick
 .text.HAL_RCC_OscConfig
                0x08001a78      0x630 build/stm32f3xx_hal_rcc.o
                0x08001a78                HAL_RCC_OscConfig
 .text.HAL_RCC_GetSysClockFreq
                0x080020a8       0x54 build/stm32f3xx_hal_rcc.o
                0x080020a8                HAL_RCC_GetSysClockFreq
 .text.HAL_RCC_ClockConfig
                0x080020fc      0x1a8 build/stm32f3xx_hal_rcc.o
                0x080020fc                HAL_RCC_ClockConfig
 .text.HAL_RCC_GetHCLKFreq
                0x080022a4        0xc build/stm32f3xx_hal_rcc.o
                0x080022a4                HAL_RCC_GetHCLKFreq
 .text.HAL_RCC_GetPCLK1Freq
                0x080022b0       0x2c build/stm32f3xx_hal_rcc.o
                0x080022b0                HAL_RCC_GetPCLK1Freq
 .text.HAL_RCC_GetPCLK2Freq
                0x080022dc       0x2c build/stm32f3xx_hal_rcc.o
                0x080022dc                HAL_RCC_GetPCLK2Freq
 .text.HAL_RCCEx_PeriphCLKConfig
                0x08002308      0x18c build/stm32f3xx_hal_rcc_ex.o
                0x08002308                HAL_RCCEx_PeriphCLKConfig
 .text.HAL_GPIO_Init
                0x08002494      0x1bc build/stm32f3xx_hal_gpio.o
                0x08002494                HAL_GPIO_Init
 .text.DMA_SetConfig
                0x08002650       0x2c build/stm32f3xx_hal_dma.o
 .text.DMA_CalcBaseAndBitshift
                0x0800267c       0x24 build/stm32f3xx_hal_dma.o
 .text.HAL_DMA_Init
                0x080026a0       0x50 build/stm32f3xx_hal_dma.o
                0x080026a0                HAL_DMA_Init
 .text.HAL_DMA_Start_IT
                0x080026f0       0x74 build/stm32f3xx_hal_dma.o
                0x080026f0                HAL_DMA_Start_IT
 .text.HAL_DMA_IRQHandler
                0x08002764       0xb2 build/stm32f3xx_hal_dma.o
                0x08002764                HAL_DMA_IRQHandler
 *fill*         0x08002816        0x2 
 .text.__NVIC_SetPriority
                0x08002818       0x28 build/stm32f3xx_hal_cortex.o
 .text.NVIC_EncodePriority
                0x08002840       0x3e build/stm32f3xx_hal_cortex.o
 *fill*         0x0800287e        0x2 
 .text.HAL_NVIC_SetPriorityGrouping
                0x08002880       0x24 build/stm32f3xx_hal_cortex.o
                0x08002880                HAL_NVIC_SetPriorityGrouping
 .text.HAL_NVIC_SetPriority
                0x080028a4       0x20 build/stm32f3xx_hal_cortex.o
                0x080028a4                HAL_NVIC_SetPriority
 .text.HAL_NVIC_EnableIRQ
                0x080028c4       0x1c build/stm32f3xx_hal_cortex.o
                0x080028c4                HAL_NVIC_EnableIRQ
 .text.HAL_SYSTICK_Config
                0x080028e0       0x28 build/stm32f3xx_hal_cortex.o
                0x080028e0                HAL_SYSTICK_Config
 .text.SystemInit
                0x08002908       0x14 build/system_stm32f3xx.o
                0x08002908                SystemInit
 .text._sbrk    0x0800291c       0x48 build/sysmem.o
                0x0800291c                _sbrk
 .text._read    0x08002964       0x20 build/syscalls.o
                0x08002964                _read
 .text._close   0x08002984        0x6 build/syscalls.o
                0x08002984                _close
 .text._fstat   0x0800298a        0xa build/syscalls.o
                0x0800298a                _fstat
 .text._isatty  0x08002994        0x4 build/syscalls.o
                0x08002994                _isatty
 .text._lseek   0x08002998        0x4 build/syscalls.o
                0x08002998                _lseek
 .text.MX_ADC2_Init
                0x0800299c       0xac build/adc.o
                0x0800299c                MX_ADC2_Init
 .text.HAL_ADC_MspInit
                0x08002a48       0xac build/adc.o
                0x08002a48                HAL_ADC_MspInit
 .text.MX_USART1_UART_Init
                0x08002af4       0x38 build/usart.o
                0x08002af4                MX_USART1_UART_Init
 .text.MX_USART2_UART_Init
                0x08002b2c       0x38 build/usart.o
                0x08002b2c                MX_USART2_UART_Init
 .text.HAL_UART_MspInit
                0x08002b64       0xb8 build/usart.o
                0x08002b64                HAL_UART_MspInit
 .text.HAL_ADC_ConvCpltCallback
                0x08002c1c        0x2 build/stm32f3xx_hal_adc.o
                0x08002c1c                HAL_ADC_ConvCpltCallback
 .text.HAL_ADC_ConvHalfCpltCallback
                0x08002c1e        0x2 build/stm32f3xx_hal_adc.o
                0x08002c1e                HAL_ADC_ConvHalfCpltCallback
 .text.HAL_ADC_ErrorCallback
                0x08002c20        0x2 build/stm32f3xx_hal_adc.o
                0x08002c20                HAL_ADC_ErrorCallback
 .text.ADC_Disable
                0x08002c22       0x88 build/stm32f3xx_hal_adc_ex.o
 *fill*         0x08002caa        0x2 
 .text.ADC_Enable
                0x08002cac       0x80 build/stm32f3xx_hal_adc_ex.o
 .text.ADC_DMAError
                0x08002d2c       0x1a build/stm32f3xx_hal_adc_ex.o
 .text.ADC_DMAHalfConvCplt
                0x08002d46        0xa build/stm32f3xx_hal_adc_ex.o
 .text.ADC_DMAConvCplt
                0x08002d50       0x4a build/stm32f3xx_hal_adc_ex.o
 *fill*         0x08002d9a        0x2 
 .text.HAL_ADC_Init
                0x08002d9c      0x214 build/stm32f3xx_hal_adc_ex.o
                0x08002d9c                HAL_ADC_Init
 .text.HAL_ADC_Start_DMA
                0x08002fb0      0x134 build/stm32f3xx_hal_adc_ex.o
                0x08002fb0                HAL_ADC_Start_DMA
 .text.HAL_ADC_ConfigChannel
                0x080030e4      0x370 build/stm32f3xx_hal_adc_ex.o
                0x080030e4                HAL_ADC_ConfigChannel
 .text.UART_EndRxTransfer
                0x08003454       0x52 build/stm32f3xx_hal_uart.o
 *fill*         0x080034a6        0x2 
 .text.UART_SetConfig
                0x080034a8      0x164 build/stm32f3xx_hal_uart.o
                0x080034a8                UART_SetConfig
 .text.UART_AdvFeatureConfig
                0x0800360c       0xca build/stm32f3xx_hal_uart.o
                0x0800360c                UART_AdvFeatureConfig
 .text.UART_WaitOnFlagUntilTimeout
                0x080036d6       0x9e build/stm32f3xx_hal_uart.o
                0x080036d6                UART_WaitOnFlagUntilTimeout
 .text.HAL_UART_Transmit
                0x08003774       0xc8 build/stm32f3xx_hal_uart.o
                0x08003774                HAL_UART_Transmit
 .text.UART_CheckIdleState
                0x0800383c       0xc6 build/stm32f3xx_hal_uart.o
                0x0800383c                UART_CheckIdleState
 .text.HAL_UART_Init
                0x08003902       0x62 build/stm32f3xx_hal_uart.o
                0x08003902                HAL_UART_Init
 .text.PwmOut_Init
                0x08003964       0x24 build/app.o
 .text.setup    0x08003988       0xa8 build/app.o
                0x08003988                setup
 .text.main_app
                0x08003a30       0x1c build/app.o
                0x08003a30                main_app
 .text.BLDC_PIDInit
                0x08003a4c       0x18 build/bldc.o
 .text.PwmOut_Init
                0x08003a64       0x24 build/bldc.o
 .text.BLDC_Init
                0x08003a88       0x54 build/bldc.o
                0x08003a88                BLDC_Init
 .text.BLDC_VectorControlInit
                0x08003adc       0x48 build/bldc.o
                0x08003adc                BLDC_VectorControlInit
 *fill*         0x08003b24        0x4 
 .text.BLDC_SensorlessVectorControlDrive
                0x08003b28      0x430 build/bldc.o
                0x08003b28                BLDC_SensorlessVectorControlDrive
 .text.MX_DMA_Init
                0x08003f58       0x34 build/dma.o
                0x08003f58                MX_DMA_Init
 .text.Reset_Handler
                0x08003f8c       0x50 build/startup_stm32f303x8.o
                0x08003f8c                Reset_Handler
 .text.Default_Handler
                0x08003fdc        0x2 build/startup_stm32f303x8.o
                0x08003fdc                TIM1_BRK_TIM15_IRQHandler
                0x08003fdc                TIM1_CC_IRQHandler
                0x08003fdc                PVD_IRQHandler
                0x08003fdc                TAMP_STAMP_IRQHandler
                0x08003fdc                EXTI3_IRQHandler
                0x08003fdc                EXTI0_IRQHandler
                0x08003fdc                FPU_IRQHandler
                0x08003fdc                CAN_TX_IRQHandler
                0x08003fdc                TIM1_UP_TIM16_IRQHandler
                0x08003fdc                ADC1_2_IRQHandler
                0x08003fdc                SPI1_IRQHandler
                0x08003fdc                CAN_SCE_IRQHandler
                0x08003fdc                USART3_IRQHandler
                0x08003fdc                DMA1_Channel7_IRQHandler
                0x08003fdc                TIM7_DAC2_IRQHandler
                0x08003fdc                CAN_RX1_IRQHandler
                0x08003fdc                I2C1_EV_IRQHandler
                0x08003fdc                DMA1_Channel6_IRQHandler
                0x08003fdc                TIM3_IRQHandler
                0x08003fdc                RCC_IRQHandler
                0x08003fdc                DMA1_Channel1_IRQHandler
                0x08003fdc                Default_Handler
                0x08003fdc                EXTI15_10_IRQHandler
                0x08003fdc                COMP2_IRQHandler
                0x08003fdc                TIM6_DAC1_IRQHandler
                0x08003fdc                EXTI9_5_IRQHandler
                0x08003fdc                RTC_WKUP_IRQHandler
                0x08003fdc                DMA1_Channel5_IRQHandler
                0x08003fdc                EXTI4_IRQHandler
                0x08003fdc                TIM1_TRG_COM_TIM17_IRQHandler
                0x08003fdc                DMA1_Channel3_IRQHandler
                0x08003fdc                WWDG_IRQHandler
                0x08003fdc                TIM2_IRQHandler
                0x08003fdc                EXTI1_IRQHandler
                0x08003fdc                COMP4_6_IRQHandler
                0x08003fdc                USART2_IRQHandler
                0x08003fdc                DMA1_Channel2_IRQHandler
                0x08003fdc                FLASH_IRQHandler
                0x08003fdc                USART1_IRQHandler
                0x08003fdc                CAN_RX0_IRQHandler
                0x08003fdc                I2C1_ER_IRQHandler
                0x08003fdc                EXTI2_TSC_IRQHandler
                0x08003fdc                RTC_Alarm_IRQHandler
 .text.abs      0x08003fde        0x8 /opt/ST/STM32CubeCLT_1.16.0/GNU-tools-for-STM32/bin/../lib/gcc/arm-none-eabi/12.3.1/../../../../arm-none-eabi/lib/thumb/v7e-m+fp/hard/libc_nano.a(libc_a-abs.o)
                0x08003fde                abs
 .text.setbuf   0x08003fe6       0x10 /opt/ST/STM32CubeCLT_1.16.0/GNU-tools-for-STM32/bin/../lib/gcc/arm-none-eabi/12.3.1/../../../../arm-none-eabi/lib/thumb/v7e-m+fp/hard/libc_nano.a(libc_a-setbuf.o)
                0x08003fe6                setbuf
 *fill*         0x08003ff6        0x2 
 .text.setvbuf  0x08003ff8      0x168 /opt/ST/STM32CubeCLT_1.16.0/GNU-tools-for-STM32/bin/../lib/gcc/arm-none-eabi/12.3.1/../../../../arm-none-eabi/lib/thumb/v7e-m+fp/hard/libc_nano.a(libc_a-setvbuf.o)
                0x08003ff8                setvbuf
 .text.std      0x08004160       0x6c /opt/ST/STM32CubeCLT_1.16.0/GNU-tools-for-STM32/bin/../lib/gcc/arm-none-eabi/12.3.1/../../../../arm-none-eabi/lib/thumb/v7e-m+fp/hard/libc_nano.a(libc_a-findfp.o)
 .text.stdio_exit_handler
                0x080041cc       0x18 /opt/ST/STM32CubeCLT_1.16.0/GNU-tools-for-STM32/bin/../lib/gcc/arm-none-eabi/12.3.1/../../../../arm-none-eabi/lib/thumb/v7e-m+fp/hard/libc_nano.a(libc_a-findfp.o)
 .text.cleanup_stdio
                0x080041e4       0x40 /opt/ST/STM32CubeCLT_1.16.0/GNU-tools-for-STM32/bin/../lib/gcc/arm-none-eabi/12.3.1/../../../../arm-none-eabi/lib/thumb/v7e-m+fp/hard/libc_nano.a(libc_a-findfp.o)
 .text.global_stdio_init.part.0
                0x08004224       0x3c /opt/ST/STM32CubeCLT_1.16.0/GNU-tools-for-STM32/bin/../lib/gcc/arm-none-eabi/12.3.1/../../../../arm-none-eabi/lib/thumb/v7e-m+fp/hard/libc_nano.a(libc_a-findfp.o)
 .text.__sfp_lock_acquire
                0x08004260        0xc /opt/ST/STM32CubeCLT_1.16.0/GNU-tools-for-STM32/bin/../lib/gcc/arm-none-eabi/12.3.1/../../../../arm-none-eabi/lib/thumb/v7e-m+fp/hard/libc_nano.a(libc_a-findfp.o)
                0x08004260                __sfp_lock_acquire
 .text.__sfp_lock_release
                0x0800426c        0xc /opt/ST/STM32CubeCLT_1.16.0/GNU-tools-for-STM32/bin/../lib/gcc/arm-none-eabi/12.3.1/../../../../arm-none-eabi/lib/thumb/v7e-m+fp/hard/libc_nano.a(libc_a-findfp.o)
                0x0800426c                __sfp_lock_release
 .text.__sinit  0x08004278       0x30 /opt/ST/STM32CubeCLT_1.16.0/GNU-tools-for-STM32/bin/../lib/gcc/arm-none-eabi/12.3.1/../../../../arm-none-eabi/lib/thumb/v7e-m+fp/hard/libc_nano.a(libc_a-findfp.o)
                0x08004278                __sinit
 .text._fwalk_sglue
                0x080042a8       0x3c /opt/ST/STM32CubeCLT_1.16.0/GNU-tools-for-STM32/bin/../lib/gcc/arm-none-eabi/12.3.1/../../../../arm-none-eabi/lib/thumb/v7e-m+fp/hard/libc_nano.a(libc_a-fwalk.o)
                0x080042a8                _fwalk_sglue
 .text.__swhatbuf_r
                0x080042e4       0x4c /opt/ST/STM32CubeCLT_1.16.0/GNU-tools-for-STM32/bin/../lib/gcc/arm-none-eabi/12.3.1/../../../../arm-none-eabi/lib/thumb/v7e-m+fp/hard/libc_nano.a(libc_a-makebuf.o)
                0x080042e4                __swhatbuf_r
 .text.__smakebuf_r
                0x08004330       0x78 /opt/ST/STM32CubeCLT_1.16.0/GNU-tools-for-STM32/bin/../lib/gcc/arm-none-eabi/12.3.1/../../../../arm-none-eabi/lib/thumb/v7e-m+fp/hard/libc_nano.a(libc_a-makebuf.o)
                0x08004330                __smakebuf_r
 .text.printf   0x080043a8       0x24 /opt/ST/STM32CubeCLT_1.16.0/GNU-tools-for-STM32/bin/../lib/gcc/arm-none-eabi/12.3.1/../../../../arm-none-eabi/lib/thumb/v7e-m+fp/hard/libc_nano.a(libc_a-printf.o)
                0x080043a8                printf
                0x080043a8                iprintf
 .text._puts_r  0x080043cc       0xaa /opt/ST/STM32CubeCLT_1.16.0/GNU-tools-for-STM32/bin/../lib/gcc/arm-none-eabi/12.3.1/../../../../arm-none-eabi/lib/thumb/v7e-m+fp/hard/libc_nano.a(libc_a-puts.o)
                0x080043cc                _puts_r
 *fill*         0x08004476        0x2 
 .text.puts     0x08004478       0x10 /opt/ST/STM32CubeCLT_1.16.0/GNU-tools-for-STM32/bin/../lib/gcc/arm-none-eabi/12.3.1/../../../../arm-none-eabi/lib/thumb/v7e-m+fp/hard/libc_nano.a(libc_a-puts.o)
                0x08004478                puts
 .text.memset   0x08004488       0x10 /opt/ST/STM32CubeCLT_1.16.0/GNU-tools-for-STM32/bin/../lib/gcc/arm-none-eabi/12.3.1/../../../../arm-none-eabi/lib/thumb/v7e-m+fp/hard/libc_nano.a(libc_a-memset.o)
                0x08004488                memset
 .text._fstat_r
                0x08004498       0x24 /opt/ST/STM32CubeCLT_1.16.0/GNU-tools-for-STM32/bin/../lib/gcc/arm-none-eabi/12.3.1/../../../../arm-none-eabi/lib/thumb/v7e-m+fp/hard/libc_nano.a(libc_a-fstatr.o)
                0x08004498                _fstat_r
 .text._isatty_r
                0x080044bc       0x20 /opt/ST/STM32CubeCLT_1.16.0/GNU-tools-for-STM32/bin/../lib/gcc/arm-none-eabi/12.3.1/../../../../arm-none-eabi/lib/thumb/v7e-m+fp/hard/libc_nano.a(libc_a-isattyr.o)
                0x080044bc                _isatty_r
 .text.__errno  0x080044dc        0xc /opt/ST/STM32CubeCLT_1.16.0/GNU-tools-for-STM32/bin/../lib/gcc/arm-none-eabi/12.3.1/../../../../arm-none-eabi/lib/thumb/v7e-m+fp/hard/libc_nano.a(libc_a-errno.o)
                0x080044dc                __errno
 .text.__libc_init_array
                0x080044e8       0x48 /opt/ST/STM32CubeCLT_1.16.0/GNU-tools-for-STM32/bin/../lib/gcc/arm-none-eabi/12.3.1/../../../../arm-none-eabi/lib/thumb/v7e-m+fp/hard/libc_nano.a(libc_a-init.o)
                0x080044e8                __libc_init_array
 .text.__retarget_lock_init_recursive
                0x08004530        0x2 /opt/ST/STM32CubeCLT_1.16.0/GNU-tools-for-STM32/bin/../lib/gcc/arm-none-eabi/12.3.1/../../../../arm-none-eabi/lib/thumb/v7e-m+fp/hard/libc_nano.a(libc_a-lock.o)
                0x08004530                __retarget_lock_init_recursive
 .text.__retarget_lock_acquire_recursive
                0x08004532        0x2 /opt/ST/STM32CubeCLT_1.16.0/GNU-tools-for-STM32/bin/../lib/gcc/arm-none-eabi/12.3.1/../../../../arm-none-eabi/lib/thumb/v7e-m+fp/hard/libc_nano.a(libc_a-lock.o)
                0x08004532                __retarget_lock_acquire_recursive
 .text.__retarget_lock_release_recursive
                0x08004534        0x2 /opt/ST/STM32CubeCLT_1.16.0/GNU-tools-for-STM32/bin/../lib/gcc/arm-none-eabi/12.3.1/../../../../arm-none-eabi/lib/thumb/v7e-m+fp/hard/libc_nano.a(libc_a-lock.o)
                0x08004534                __retarget_lock_release_recursive
 *fill*         0x08004536        0x2 
 .text._free_r  0x08004538       0x94 /opt/ST/STM32CubeCLT_1.16.0/GNU-tools-for-STM32/bin/../lib/gcc/arm-none-eabi/12.3.1/../../../../arm-none-eabi/lib/thumb/v7e-m+fp/hard/libc_nano.a(libc_a-freer.o)
                0x08004538                _free_r
 .text.__sfputc_r
                0x080045cc       0x2e /opt/ST/STM32CubeCLT_1.16.0/GNU-tools-for-STM32/bin/../lib/gcc/arm-none-eabi/12.3.1/../../../../arm-none-eabi/lib/thumb/v7e-m+fp/hard/libc_nano.a(libc_a-nano-vfprintf.o)
 .text.__sfputs_r
                0x080045fa       0x24 /opt/ST/STM32CubeCLT_1.16.0/GNU-tools-for-STM32/bin/../lib/gcc/arm-none-eabi/12.3.1/../../../../arm-none-eabi/lib/thumb/v7e-m+fp/hard/libc_nano.a(libc_a-nano-vfprintf.o)
                0x080045fa                __sfputs_r
 *fill*         0x0800461e        0x2 
 .text._vfprintf_r
                0x08004620      0x230 /opt/ST/STM32CubeCLT_1.16.0/GNU-tools-for-STM32/bin/../lib/gcc/arm-none-eabi/12.3.1/../../../../arm-none-eabi/lib/thumb/v7e-m+fp/hard/libc_nano.a(libc_a-nano-vfprintf.o)
                0x08004620                _vfiprintf_r
                0x08004620                _vfprintf_r
 .text.malloc   0x08004850       0x10 /opt/ST/STM32CubeCLT_1.16.0/GNU-tools-for-STM32/bin/../lib/gcc/arm-none-eabi/12.3.1/../../../../arm-none-eabi/lib/thumb/v7e-m+fp/hard/libc_nano.a(libc_a-malloc.o)
                0x08004850                malloc
 .text.sbrk_aligned
                0x08004860       0x44 /opt/ST/STM32CubeCLT_1.16.0/GNU-tools-for-STM32/bin/../lib/gcc/arm-none-eabi/12.3.1/../../../../arm-none-eabi/lib/thumb/v7e-m+fp/hard/libc_nano.a(libc_a-mallocr.o)
 .text._malloc_r
                0x080048a4      0x100 /opt/ST/STM32CubeCLT_1.16.0/GNU-tools-for-STM32/bin/../lib/gcc/arm-none-eabi/12.3.1/../../../../arm-none-eabi/lib/thumb/v7e-m+fp/hard/libc_nano.a(libc_a-mallocr.o)
                0x080048a4                _malloc_r
 .text._printf_common
                0x080049a4       0xda /opt/ST/STM32CubeCLT_1.16.0/GNU-tools-for-STM32/bin/../lib/gcc/arm-none-eabi/12.3.1/../../../../arm-none-eabi/lib/thumb/v7e-m+fp/hard/libc_nano.a(libc_a-nano-vfprintf_i.o)
                0x080049a4                _printf_common
 *fill*         0x08004a7e        0x2 
 .text._printf_i
                0x08004a80      0x240 /opt/ST/STM32CubeCLT_1.16.0/GNU-tools-for-STM32/bin/../lib/gcc/arm-none-eabi/12.3.1/../../../../arm-none-eabi/lib/thumb/v7e-m+fp/hard/libc_nano.a(libc_a-nano-vfprintf_i.o)
                0x08004a80                _printf_i
 .text.__sflush_r
                0x08004cc0      0x108 /opt/ST/STM32CubeCLT_1.16.0/GNU-tools-for-STM32/bin/../lib/gcc/arm-none-eabi/12.3.1/../../../../arm-none-eabi/lib/thumb/v7e-m+fp/hard/libc_nano.a(libc_a-fflush.o)
                0x08004cc0                __sflush_r
 .text._fflush_r
                0x08004dc8       0x50 /opt/ST/STM32CubeCLT_1.16.0/GNU-tools-for-STM32/bin/../lib/gcc/arm-none-eabi/12.3.1/../../../../arm-none-eabi/lib/thumb/v7e-m+fp/hard/libc_nano.a(libc_a-fflush.o)
                0x08004dc8                _fflush_r
 .text.__malloc_lock
                0x08004e18        0xc /opt/ST/STM32CubeCLT_1.16.0/GNU-tools-for-STM32/bin/../lib/gcc/arm-none-eabi/12.3.1/../../../../arm-none-eabi/lib/thumb/v7e-m+fp/hard/libc_nano.a(libc_a-mlock.o)
                0x08004e18                __malloc_lock
 .text.__malloc_unlock
                0x08004e24        0xc /opt/ST/STM32CubeCLT_1.16.0/GNU-tools-for-STM32/bin/../lib/gcc/arm-none-eabi/12.3.1/../../../../arm-none-eabi/lib/thumb/v7e-m+fp/hard/libc_nano.a(libc_a-mlock.o)
                0x08004e24                __malloc_unlock
 .text.__sread  0x08004e30       0x22 /opt/ST/STM32CubeCLT_1.16.0/GNU-tools-for-STM32/bin/../lib/gcc/arm-none-eabi/12.3.1/../../../../arm-none-eabi/lib/thumb/v7e-m+fp/hard/libc_nano.a(libc_a-stdio.o)
                0x08004e30                __sread
 .text.__swrite
                0x08004e52       0x38 /opt/ST/STM32CubeCLT_1.16.0/GNU-tools-for-STM32/bin/../lib/gcc/arm-none-eabi/12.3.1/../../../../arm-none-eabi/lib/thumb/v7e-m+fp/hard/libc_nano.a(libc_a-stdio.o)
                0x08004e52                __swrite
 .text.__sseek  0x08004e8a       0x24 /opt/ST/STM32CubeCLT_1.16.0/GNU-tools-for-STM32/bin/../lib/gcc/arm-none-eabi/12.3.1/../../../../arm-none-eabi/lib/thumb/v7e-m+fp/hard/libc_nano.a(libc_a-stdio.o)
                0x08004e8a                __sseek
 .text.__sclose
                0x08004eae        0x8 /opt/ST/STM32CubeCLT_1.16.0/GNU-tools-for-STM32/bin/../lib/gcc/arm-none-eabi/12.3.1/../../../../arm-none-eabi/lib/thumb/v7e-m+fp/hard/libc_nano.a(libc_a-stdio.o)
                0x08004eae                __sclose
 .text.__swbuf_r
                0x08004eb6       0x7c /opt/ST/STM32CubeCLT_1.16.0/GNU-tools-for-STM32/bin/../lib/gcc/arm-none-eabi/12.3.1/../../../../arm-none-eabi/lib/thumb/v7e-m+fp/hard/libc_nano.a(libc_a-wbuf.o)
                0x08004eb6                __swbuf_r
 *fill*         0x08004f32        0x2 
 .text.__swsetup_r
                0x08004f34       0xac /opt/ST/STM32CubeCLT_1.16.0/GNU-tools-for-STM32/bin/../lib/gcc/arm-none-eabi/12.3.1/../../../../arm-none-eabi/lib/thumb/v7e-m+fp/hard/libc_nano.a(libc_a-wsetup.o)
                0x08004f34                __swsetup_r
 .text._close_r
                0x08004fe0       0x20 /opt/ST/STM32CubeCLT_1.16.0/GNU-tools-for-STM32/bin/../lib/gcc/arm-none-eabi/12.3.1/../../../../arm-none-eabi/lib/thumb/v7e-m+fp/hard/libc_nano.a(libc_a-closer.o)
                0x08004fe0                _close_r
 .text._lseek_r
                0x08005000       0x24 /opt/ST/STM32CubeCLT_1.16.0/GNU-tools-for-STM32/bin/../lib/gcc/arm-none-eabi/12.3.1/../../../../arm-none-eabi/lib/thumb/v7e-m+fp/hard/libc_nano.a(libc_a-lseekr.o)
                0x08005000                _lseek_r
 .text._read_r  0x08005024       0x24 /opt/ST/STM32CubeCLT_1.16.0/GNU-tools-for-STM32/bin/../lib/gcc/arm-none-eabi/12.3.1/../../../../arm-none-eabi/lib/thumb/v7e-m+fp/hard/libc_nano.a(libc_a-readr.o)
                0x08005024                _read_r
 .text._sbrk_r  0x08005048       0x20 /opt/ST/STM32CubeCLT_1.16.0/GNU-tools-for-STM32/bin/../lib/gcc/arm-none-eabi/12.3.1/../../../../arm-none-eabi/lib/thumb/v7e-m+fp/hard/libc_nano.a(libc_a-sbrkr.o)
                0x08005048                _sbrk_r
 .text._write_r
                0x08005068       0x24 /opt/ST/STM32CubeCLT_1.16.0/GNU-tools-for-STM32/bin/../lib/gcc/arm-none-eabi/12.3.1/../../../../arm-none-eabi/lib/thumb/v7e-m+fp/hard/libc_nano.a(libc_a-writer.o)
                0x08005068                _write_r
 *fill*         0x0800508c        0x4 
 .text.sin      0x08005090       0xa8 /opt/ST/STM32CubeCLT_1.16.0/GNU-tools-for-STM32/bin/../lib/gcc/arm-none-eabi/12.3.1/../../../../arm-none-eabi/lib/thumb/v7e-m+fp/hard/libm.a(libm_a-s_sin.o)
                0x08005090                sin
 .text.__ieee754_rem_pio2
                0x08005138      0x3f8 /opt/ST/STM32CubeCLT_1.16.0/GNU-tools-for-STM32/bin/../lib/gcc/arm-none-eabi/12.3.1/../../../../arm-none-eabi/lib/thumb/v7e-m+fp/hard/libm.a(libm_a-e_rem_pio2.o)
                0x08005138                __ieee754_rem_pio2
 .text.__kernel_rem_pio2
                0x08005530      0x6b0 /opt/ST/STM32CubeCLT_1.16.0/GNU-tools-for-STM32/bin/../lib/gcc/arm-none-eabi/12.3.1/../../../../arm-none-eabi/lib/thumb/v7e-m+fp/hard/libm.a(libm_a-k_rem_pio2.o)
                0x08005530                __kernel_rem_pio2
 .text.__kernel_cos
                0x08005be0      0x18c /opt/ST/STM32CubeCLT_1.16.0/GNU-tools-for-STM32/bin/../lib/gcc/arm-none-eabi/12.3.1/../../../../arm-none-eabi/lib/thumb/v7e-m+fp/hard/libm.a(libm_a-k_cos.o)
                0x08005be0                __kernel_cos
 *fill*         0x08005d6c        0x4 
 .text.__kernel_sin
                0x08005d70      0x174 /opt/ST/STM32CubeCLT_1.16.0/GNU-tools-for-STM32/bin/../lib/gcc/arm-none-eabi/12.3.1/../../../../arm-none-eabi/lib/thumb/v7e-m+fp/hard/libm.a(libm_a-k_sin.o)
                0x08005d70                __kernel_sin
 .text.fabs     0x08005ee4       0x10 /opt/ST/STM32CubeCLT_1.16.0/GNU-tools-for-STM32/bin/../lib/gcc/arm-none-eabi/12.3.1/../../../../arm-none-eabi/lib/thumb/v7e-m+fp/hard/libm.a(libm_a-s_fabs.o)
                0x08005ee4                fabs
 *fill*         0x08005ef4        0x4 
 .text.scalbn   0x08005ef8       0xfc /opt/ST/STM32CubeCLT_1.16.0/GNU-tools-for-STM32/bin/../lib/gcc/arm-none-eabi/12.3.1/../../../../arm-none-eabi/lib/thumb/v7e-m+fp/hard/libm.a(libm_a-s_scalbn.o)
                0x08005ef8                scalbn
 *fill*         0x08005ff4        0x4 
 .text.floor    0x08005ff8       0xf8 /opt/ST/STM32CubeCLT_1.16.0/GNU-tools-for-STM32/bin/../lib/gcc/arm-none-eabi/12.3.1/../../../../arm-none-eabi/lib/thumb/v7e-m+fp/hard/libm.a(libm_a-s_floor.o)
                0x08005ff8                floor
 *(.glue_7)
 .glue_7        0x080060f0        0x0 linker stubs
 *(.glue_7t)
 .glue_7t       0x080060f0        0x0 linker stubs
 *(.eh_frame)
 .eh_frame      0x080060f0        0x0 /opt/ST/STM32CubeCLT_1.16.0/GNU-tools-for-STM32/bin/../lib/gcc/arm-none-eabi/12.3.1/thumb/v7e-m+fp/hard/crtbegin.o
 *(.init)
 .init          0x080060f0        0x4 /opt/ST/STM32CubeCLT_1.16.0/GNU-tools-for-STM32/bin/../lib/gcc/arm-none-eabi/12.3.1/thumb/v7e-m+fp/hard/crti.o
                0x080060f0                _init
 .init          0x080060f4        0x8 /opt/ST/STM32CubeCLT_1.16.0/GNU-tools-for-STM32/bin/../lib/gcc/arm-none-eabi/12.3.1/thumb/v7e-m+fp/hard/crtn.o
 *(.fini)
 .fini          0x080060fc        0x4 /opt/ST/STM32CubeCLT_1.16.0/GNU-tools-for-STM32/bin/../lib/gcc/arm-none-eabi/12.3.1/thumb/v7e-m+fp/hard/crti.o
                0x080060fc                _fini
 .fini          0x08006100        0x8 /opt/ST/STM32CubeCLT_1.16.0/GNU-tools-for-STM32/bin/../lib/gcc/arm-none-eabi/12.3.1/thumb/v7e-m+fp/hard/crtn.o
                0x08006108                        . = ALIGN (0x4)
                0x08006108                        _etext = .

.vfp11_veneer   0x08006108        0x0
 .vfp11_veneer  0x08006108        0x0 linker stubs

.v4_bx          0x08006108        0x0
 .v4_bx         0x08006108        0x0 linker stubs

.iplt           0x08006108        0x0
 .iplt          0x08006108        0x0 /opt/ST/STM32CubeCLT_1.16.0/GNU-tools-for-STM32/bin/../lib/gcc/arm-none-eabi/12.3.1/thumb/v7e-m+fp/hard/crtbegin.o

.rodata         0x08006108      0x278
                0x08006108                        . = ALIGN (0x4)
 *(.rodata)
 *(.rodata*)
 .rodata.aPredivFactorTable
                0x08006108       0x10 build/stm32f3xx_hal_rcc.o
 .rodata.aPLLMULFactorTable
                0x08006118       0x10 build/stm32f3xx_hal_rcc.o
 .rodata.APBPrescTable
                0x08006128        0x8 build/system_stm32f3xx.o
                0x08006128                APBPrescTable
 .rodata.AHBPrescTable
                0x08006130       0x10 build/system_stm32f3xx.o
                0x08006130                AHBPrescTable
 .rodata.setup.str1.4
                0x08006140       0x32 build/app.o
 .rodata._vfprintf_r.str1.1
                0x08006172       0x11 /opt/ST/STM32CubeCLT_1.16.0/GNU-tools-for-STM32/bin/../lib/gcc/arm-none-eabi/12.3.1/../../../../arm-none-eabi/lib/thumb/v7e-m+fp/hard/libc_nano.a(libc_a-nano-vfprintf.o)
 .rodata._printf_i.str1.1
                0x08006183       0x22 /opt/ST/STM32CubeCLT_1.16.0/GNU-tools-for-STM32/bin/../lib/gcc/arm-none-eabi/12.3.1/../../../../arm-none-eabi/lib/thumb/v7e-m+fp/hard/libc_nano.a(libc_a-nano-vfprintf_i.o)
 *fill*         0x080061a5        0x3 
 .rodata.npio2_hw
                0x080061a8       0x80 /opt/ST/STM32CubeCLT_1.16.0/GNU-tools-for-STM32/bin/../lib/gcc/arm-none-eabi/12.3.1/../../../../arm-none-eabi/lib/thumb/v7e-m+fp/hard/libm.a(libm_a-e_rem_pio2.o)
 .rodata.two_over_pi
                0x08006228      0x108 /opt/ST/STM32CubeCLT_1.16.0/GNU-tools-for-STM32/bin/../lib/gcc/arm-none-eabi/12.3.1/../../../../arm-none-eabi/lib/thumb/v7e-m+fp/hard/libm.a(libm_a-e_rem_pio2.o)
 .rodata.PIo2   0x08006330       0x40 /opt/ST/STM32CubeCLT_1.16.0/GNU-tools-for-STM32/bin/../lib/gcc/arm-none-eabi/12.3.1/../../../../arm-none-eabi/lib/thumb/v7e-m+fp/hard/libm.a(libm_a-k_rem_pio2.o)
 .rodata.init_jk
                0x08006370       0x10 /opt/ST/STM32CubeCLT_1.16.0/GNU-tools-for-STM32/bin/../lib/gcc/arm-none-eabi/12.3.1/../../../../arm-none-eabi/lib/thumb/v7e-m+fp/hard/libm.a(libm_a-k_rem_pio2.o)
                0x08006380                        . = ALIGN (0x4)

.ARM.extab
 *(.ARM.extab* .gnu.linkonce.armextab.*)

.ARM            0x08006380        0x8
                0x08006380                        __exidx_start = .
 *(.ARM.exidx*)
 .ARM.exidx     0x08006380        0x8 /opt/ST/STM32CubeCLT_1.16.0/GNU-tools-for-STM32/bin/../lib/gcc/arm-none-eabi/12.3.1/../../../../arm-none-eabi/lib/thumb/v7e-m+fp/hard/libc_nano.a(libc_a-memchr.o)
                0x08006388                        __exidx_end = .

.rel.dyn        0x08006388        0x0
 .rel.iplt      0x08006388        0x0 /opt/ST/STM32CubeCLT_1.16.0/GNU-tools-for-STM32/bin/../lib/gcc/arm-none-eabi/12.3.1/thumb/v7e-m+fp/hard/crtbegin.o

.preinit_array  0x08006388        0x0
                0x08006388                        PROVIDE (__preinit_array_start = .)
 *(.preinit_array*)
                0x08006388                        PROVIDE (__preinit_array_end = .)

.init_array     0x08006388        0x4
                0x08006388                        PROVIDE (__init_array_start = .)
 *(SORT_BY_NAME(.init_array.*))
 *(.init_array*)
 .init_array    0x08006388        0x4 /opt/ST/STM32CubeCLT_1.16.0/GNU-tools-for-STM32/bin/../lib/gcc/arm-none-eabi/12.3.1/thumb/v7e-m+fp/hard/crtbegin.o
                0x0800638c                        PROVIDE (__init_array_end = .)

.fini_array     0x0800638c        0x4
                [!provide]                        PROVIDE (__fini_array_start = .)
 *(SORT_BY_NAME(.fini_array.*))
 *(.fini_array*)
 .fini_array    0x0800638c        0x4 /opt/ST/STM32CubeCLT_1.16.0/GNU-tools-for-STM32/bin/../lib/gcc/arm-none-eabi/12.3.1/thumb/v7e-m+fp/hard/crtbegin.o
                [!provide]                        PROVIDE (__fini_array_end = .)
                0x08006390                        _sidata = LOADADDR (.data)

.data           0x20000000       0x68 load address 0x08006390
                0x20000000                        . = ALIGN (0x4)
                0x20000000                        _sdata = .
 *(.data)
 *(.data*)
 .data.uwTickFreq
                0x20000000        0x1 build/stm32f3xx_hal.o
                0x20000000                uwTickFreq
 *fill*         0x20000001        0x3 
 .data.uwTickPrio
                0x20000004        0x4 build/stm32f3xx_hal.o
                0x20000004                uwTickPrio
 .data.SystemCoreClock
                0x20000008        0x4 build/system_stm32f3xx.o
                0x20000008                SystemCoreClock
 .data.__sglue  0x2000000c        0xc /opt/ST/STM32CubeCLT_1.16.0/GNU-tools-for-STM32/bin/../lib/gcc/arm-none-eabi/12.3.1/../../../../arm-none-eabi/lib/thumb/v7e-m+fp/hard/libc_nano.a(libc_a-findfp.o)
                0x2000000c                __sglue
 .data._impure_ptr
                0x20000018        0x4 /opt/ST/STM32CubeCLT_1.16.0/GNU-tools-for-STM32/bin/../lib/gcc/arm-none-eabi/12.3.1/../../../../arm-none-eabi/lib/thumb/v7e-m+fp/hard/libc_nano.a(libc_a-impure.o)
                0x20000018                _impure_ptr
 .data._impure_data
                0x2000001c       0x4c /opt/ST/STM32CubeCLT_1.16.0/GNU-tools-for-STM32/bin/../lib/gcc/arm-none-eabi/12.3.1/../../../../arm-none-eabi/lib/thumb/v7e-m+fp/hard/libc_nano.a(libc_a-impure.o)
                0x2000001c                _impure_data
                0x20000068                        . = ALIGN (0x4)
                0x20000068                        _edata = .
                0x080063f8                        _siccmram = LOADADDR (.ccmram)

.igot.plt       0x20000068        0x0 load address 0x080063f8
 .igot.plt      0x20000068        0x0 /opt/ST/STM32CubeCLT_1.16.0/GNU-tools-for-STM32/bin/../lib/gcc/arm-none-eabi/12.3.1/thumb/v7e-m+fp/hard/crtbegin.o

.ccmram         0x10000000        0x0 load address 0x080063f8
                0x10000000                        . = ALIGN (0x4)
                0x10000000                        _sccmram = .
 *(.ccmram)
 *(.ccmram*)
                0x10000000                        . = ALIGN (0x4)
                0x10000000                        _eccmram = .
                0x10000000                        . = ALIGN (0x4)

.bss            0x20000068      0x4cc
                0x20000068                        _sbss = .
                0x20000068                        __bss_start__ = _sbss
 *(.bss)
 .bss           0x20000068       0x1c /opt/ST/STM32CubeCLT_1.16.0/GNU-tools-for-STM32/bin/../lib/gcc/arm-none-eabi/12.3.1/thumb/v7e-m+fp/hard/crtbegin.o
 *(.bss*)
 .bss.htim3     0x20000084       0x4c build/tim.o
                0x20000084                htim3
 .bss.htim2     0x200000d0       0x4c build/tim.o
                0x200000d0                htim2
 .bss.htim1     0x2000011c       0x4c build/tim.o
                0x2000011c                htim1
 .bss.uwTick    0x20000168        0x4 build/stm32f3xx_hal.o
                0x20000168                uwTick
 .bss.__sbrk_heap_end
                0x2000016c        0x4 build/sysmem.o
 .bss.hdma_adc2
                0x20000170       0x44 build/adc.o
                0x20000170                hdma_adc2
 .bss.hadc2     0x200001b4       0x50 build/adc.o
                0x200001b4                hadc2
 .bss.huart2    0x20000204       0x88 build/usart.o
                0x20000204                huart2
 .bss.huart1    0x2000028c       0x88 build/usart.o
                0x2000028c                huart1
 .bss.svc       0x20000314       0x2c build/app.o
                0x20000314                svc
 .bss.adc_val   0x20000340        0x6 build/app.o
                0x20000340                adc_val
 *fill*         0x20000346        0x2 
 .bss.LED4      0x20000348       0x10 build/app.o
                0x20000348                LED4
 .bss.LED3      0x20000358       0x10 build/app.o
                0x20000358                LED3
 .bss.LED2      0x20000368       0x10 build/app.o
                0x20000368                LED2
 .bss.LED1      0x20000378       0x10 build/app.o
                0x20000378                LED1
 .bss.Uc.0      0x20000388        0x4 build/bldc.o
 .bss.Ub.1      0x2000038c        0x4 build/bldc.o
 .bss.Ua.2      0x20000390        0x4 build/bldc.o
 .bss.Tc.3      0x20000394        0x4 build/bldc.o
 .bss.Tb.4      0x20000398        0x4 build/bldc.o
 .bss.Ta.5      0x2000039c        0x4 build/bldc.o
 .bss.T0.6      0x200003a0        0x4 build/bldc.o
 .bss.T2.7      0x200003a4        0x4 build/bldc.o
 .bss.T1.8      0x200003a8        0x4 build/bldc.o
 .bss.sector.9  0x200003ac        0x1 build/bldc.o
 *fill*         0x200003ad        0x3 
 .bss.Uout.10   0x200003b0        0x4 build/bldc.o
 .bss.Uq.12     0x200003b4        0x4 build/bldc.o
 .bss.w_pwm     0x200003b8       0x10 build/bldc.o
                0x200003b8                w_pwm
 .bss.v_pwm     0x200003c8       0x10 build/bldc.o
                0x200003c8                v_pwm
 .bss.u_pwm     0x200003d8       0x10 build/bldc.o
                0x200003d8                u_pwm
 .bss.__sf      0x200003e8      0x138 /opt/ST/STM32CubeCLT_1.16.0/GNU-tools-for-STM32/bin/../lib/gcc/arm-none-eabi/12.3.1/../../../../arm-none-eabi/lib/thumb/v7e-m+fp/hard/libc_nano.a(libc_a-findfp.o)
                0x200003e8                __sf
 .bss.__stdio_exit_handler
                0x20000520        0x4 /opt/ST/STM32CubeCLT_1.16.0/GNU-tools-for-STM32/bin/../lib/gcc/arm-none-eabi/12.3.1/../../../../arm-none-eabi/lib/thumb/v7e-m+fp/hard/libc_nano.a(libc_a-findfp.o)
                0x20000520                __stdio_exit_handler
 .bss.__lock___malloc_recursive_mutex
                0x20000524        0x1 /opt/ST/STM32CubeCLT_1.16.0/GNU-tools-for-STM32/bin/../lib/gcc/arm-none-eabi/12.3.1/../../../../arm-none-eabi/lib/thumb/v7e-m+fp/hard/libc_nano.a(libc_a-lock.o)
                0x20000524                __lock___malloc_recursive_mutex
 .bss.__lock___sfp_recursive_mutex
                0x20000525        0x1 /opt/ST/STM32CubeCLT_1.16.0/GNU-tools-for-STM32/bin/../lib/gcc/arm-none-eabi/12.3.1/../../../../arm-none-eabi/lib/thumb/v7e-m+fp/hard/libc_nano.a(libc_a-lock.o)
                0x20000525                __lock___sfp_recursive_mutex
 *fill*         0x20000526        0x2 
 .bss.__malloc_sbrk_start
                0x20000528        0x4 /opt/ST/STM32CubeCLT_1.16.0/GNU-tools-for-STM32/bin/../lib/gcc/arm-none-eabi/12.3.1/../../../../arm-none-eabi/lib/thumb/v7e-m+fp/hard/libc_nano.a(libc_a-mallocr.o)
                0x20000528                __malloc_sbrk_start
 .bss.__malloc_free_list
                0x2000052c        0x4 /opt/ST/STM32CubeCLT_1.16.0/GNU-tools-for-STM32/bin/../lib/gcc/arm-none-eabi/12.3.1/../../../../arm-none-eabi/lib/thumb/v7e-m+fp/hard/libc_nano.a(libc_a-mallocr.o)
                0x2000052c                __malloc_free_list
 .bss.errno     0x20000530        0x4 /opt/ST/STM32CubeCLT_1.16.0/GNU-tools-for-STM32/bin/../lib/gcc/arm-none-eabi/12.3.1/../../../../arm-none-eabi/lib/thumb/v7e-m+fp/hard/libc_nano.a(libc_a-reent.o)
                0x20000530                errno
 *(COMMON)
                0x20000534                        . = ALIGN (0x4)
                0x20000534                        _ebss = .
                0x20000534                        __bss_end__ = _ebss

._user_heap_stack
                0x20000534      0x604
                0x20000538                        . = ALIGN (0x8)
 *fill*         0x20000534        0x4 
                [!provide]                        PROVIDE (end = .)
                0x20000538                        PROVIDE (_end = .)
                0x20000738                        . = (. + _Min_Heap_Size)
 *fill*         0x20000538      0x200 
                0x20000b38                        . = (. + _Min_Stack_Size)
 *fill*         0x20000738      0x400 
                0x20000b38                        . = ALIGN (0x8)

/DISCARD/
 libc.a(*)
 libm.a(*)
 libgcc.a(*)

.ARM.attributes
                0x00000000       0x30
 *(.ARM.attributes)
 .ARM.attributes
                0x00000000       0x22 /opt/ST/STM32CubeCLT_1.16.0/GNU-tools-for-STM32/bin/../lib/gcc/arm-none-eabi/12.3.1/thumb/v7e-m+fp/hard/crti.o
 .ARM.attributes
                0x00000022       0x34 /opt/ST/STM32CubeCLT_1.16.0/GNU-tools-for-STM32/bin/../lib/gcc/arm-none-eabi/12.3.1/thumb/v7e-m+fp/hard/crtbegin.o
 .ARM.attributes
                0x00000056       0x34 build/main.o
 .ARM.attributes
                0x0000008a       0x34 build/gpio.o
 .ARM.attributes
                0x000000be       0x34 build/tim.o
 .ARM.attributes
                0x000000f2       0x34 build/stm32f3xx_it.o
 .ARM.attributes
                0x00000126       0x34 build/stm32f3xx_hal_msp.o
 .ARM.attributes
                0x0000015a       0x34 build/stm32f3xx_hal_tim.o
 .ARM.attributes
                0x0000018e       0x34 build/stm32f3xx_hal_tim_ex.o
 .ARM.attributes
                0x000001c2       0x34 build/stm32f3xx_hal.o
 .ARM.attributes
                0x000001f6       0x34 build/stm32f3xx_hal_rcc.o
 .ARM.attributes
                0x0000022a       0x34 build/stm32f3xx_hal_rcc_ex.o
 .ARM.attributes
                0x0000025e       0x34 build/stm32f3xx_hal_gpio.o
 .ARM.attributes
                0x00000292       0x34 build/stm32f3xx_hal_dma.o
 .ARM.attributes
                0x000002c6       0x34 build/stm32f3xx_hal_cortex.o
 .ARM.attributes
                0x000002fa       0x34 build/system_stm32f3xx.o
 .ARM.attributes
                0x0000032e       0x34 build/sysmem.o
 .ARM.attributes
                0x00000362       0x34 build/syscalls.o
 .ARM.attributes
                0x00000396       0x34 build/adc.o
 .ARM.attributes
                0x000003ca       0x34 build/usart.o
 .ARM.attributes
                0x000003fe       0x34 build/stm32f3xx_hal_adc.o
 .ARM.attributes
                0x00000432       0x34 build/stm32f3xx_hal_adc_ex.o
 .ARM.attributes
                0x00000466       0x34 build/stm32f3xx_hal_uart.o
 .ARM.attributes
                0x0000049a       0x34 build/app.o
 .ARM.attributes
                0x000004ce       0x34 build/bldc.o
 .ARM.attributes
                0x00000502       0x34 build/dma.o
 .ARM.attributes
                0x00000536       0x21 build/startup_stm32f303x8.o
 .ARM.attributes
                0x00000557       0x34 /opt/ST/STM32CubeCLT_1.16.0/GNU-tools-for-STM32/bin/../lib/gcc/arm-none-eabi/12.3.1/../../../../arm-none-eabi/lib/thumb/v7e-m+fp/hard/libc_nano.a(libc_a-abs.o)
 .ARM.attributes
                0x0000058b       0x34 /opt/ST/STM32CubeCLT_1.16.0/GNU-tools-for-STM32/bin/../lib/gcc/arm-none-eabi/12.3.1/../../../../arm-none-eabi/lib/thumb/v7e-m+fp/hard/libc_nano.a(libc_a-setbuf.o)
 .ARM.attributes
                0x000005bf       0x34 /opt/ST/STM32CubeCLT_1.16.0/GNU-tools-for-STM32/bin/../lib/gcc/arm-none-eabi/12.3.1/../../../../arm-none-eabi/lib/thumb/v7e-m+fp/hard/libc_nano.a(libc_a-setvbuf.o)
 .ARM.attributes
                0x000005f3       0x34 /opt/ST/STM32CubeCLT_1.16.0/GNU-tools-for-STM32/bin/../lib/gcc/arm-none-eabi/12.3.1/../../../../arm-none-eabi/lib/thumb/v7e-m+fp/hard/libc_nano.a(libc_a-findfp.o)
 .ARM.attributes
                0x00000627       0x34 /opt/ST/STM32CubeCLT_1.16.0/GNU-tools-for-STM32/bin/../lib/gcc/arm-none-eabi/12.3.1/../../../../arm-none-eabi/lib/thumb/v7e-m+fp/hard/libc_nano.a(libc_a-fwalk.o)
 .ARM.attributes
                0x0000065b       0x34 /opt/ST/STM32CubeCLT_1.16.0/GNU-tools-for-STM32/bin/../lib/gcc/arm-none-eabi/12.3.1/../../../../arm-none-eabi/lib/thumb/v7e-m+fp/hard/libc_nano.a(libc_a-makebuf.o)
 .ARM.attributes
                0x0000068f       0x34 /opt/ST/STM32CubeCLT_1.16.0/GNU-tools-for-STM32/bin/../lib/gcc/arm-none-eabi/12.3.1/../../../../arm-none-eabi/lib/thumb/v7e-m+fp/hard/libc_nano.a(libc_a-printf.o)
 .ARM.attributes
                0x000006c3       0x34 /opt/ST/STM32CubeCLT_1.16.0/GNU-tools-for-STM32/bin/../lib/gcc/arm-none-eabi/12.3.1/../../../../arm-none-eabi/lib/thumb/v7e-m+fp/hard/libc_nano.a(libc_a-puts.o)
 .ARM.attributes
                0x000006f7       0x34 /opt/ST/STM32CubeCLT_1.16.0/GNU-tools-for-STM32/bin/../lib/gcc/arm-none-eabi/12.3.1/../../../../arm-none-eabi/lib/thumb/v7e-m+fp/hard/libc_nano.a(libc_a-memset.o)
 .ARM.attributes
                0x0000072b       0x34 /opt/ST/STM32CubeCLT_1.16.0/GNU-tools-for-STM32/bin/../lib/gcc/arm-none-eabi/12.3.1/../../../../arm-none-eabi/lib/thumb/v7e-m+fp/hard/libc_nano.a(libc_a-impure.o)
 .ARM.attributes
                0x0000075f       0x34 /opt/ST/STM32CubeCLT_1.16.0/GNU-tools-for-STM32/bin/../lib/gcc/arm-none-eabi/12.3.1/../../../../arm-none-eabi/lib/thumb/v7e-m+fp/hard/libc_nano.a(libc_a-fstatr.o)
 .ARM.attributes
                0x00000793       0x34 /opt/ST/STM32CubeCLT_1.16.0/GNU-tools-for-STM32/bin/../lib/gcc/arm-none-eabi/12.3.1/../../../../arm-none-eabi/lib/thumb/v7e-m+fp/hard/libc_nano.a(libc_a-isattyr.o)
 .ARM.attributes
                0x000007c7       0x34 /opt/ST/STM32CubeCLT_1.16.0/GNU-tools-for-STM32/bin/../lib/gcc/arm-none-eabi/12.3.1/../../../../arm-none-eabi/lib/thumb/v7e-m+fp/hard/libc_nano.a(libc_a-errno.o)
 .ARM.attributes
                0x000007fb       0x34 /opt/ST/STM32CubeCLT_1.16.0/GNU-tools-for-STM32/bin/../lib/gcc/arm-none-eabi/12.3.1/../../../../arm-none-eabi/lib/thumb/v7e-m+fp/hard/libc_nano.a(libc_a-init.o)
 .ARM.attributes
                0x0000082f       0x34 /opt/ST/STM32CubeCLT_1.16.0/GNU-tools-for-STM32/bin/../lib/gcc/arm-none-eabi/12.3.1/../../../../arm-none-eabi/lib/thumb/v7e-m+fp/hard/libc_nano.a(libc_a-lock.o)
 .ARM.attributes
                0x00000863       0x34 /opt/ST/STM32CubeCLT_1.16.0/GNU-tools-for-STM32/bin/../lib/gcc/arm-none-eabi/12.3.1/../../../../arm-none-eabi/lib/thumb/v7e-m+fp/hard/libc_nano.a(libc_a-freer.o)
 .ARM.attributes
                0x00000897       0x34 /opt/ST/STM32CubeCLT_1.16.0/GNU-tools-for-STM32/bin/../lib/gcc/arm-none-eabi/12.3.1/../../../../arm-none-eabi/lib/thumb/v7e-m+fp/hard/libc_nano.a(libc_a-nano-vfprintf.o)
 .ARM.attributes
                0x000008cb       0x34 /opt/ST/STM32CubeCLT_1.16.0/GNU-tools-for-STM32/bin/../lib/gcc/arm-none-eabi/12.3.1/../../../../arm-none-eabi/lib/thumb/v7e-m+fp/hard/libc_nano.a(libc_a-malloc.o)
 .ARM.attributes
                0x000008ff       0x34 /opt/ST/STM32CubeCLT_1.16.0/GNU-tools-for-STM32/bin/../lib/gcc/arm-none-eabi/12.3.1/../../../../arm-none-eabi/lib/thumb/v7e-m+fp/hard/libc_nano.a(libc_a-mallocr.o)
 .ARM.attributes
                0x00000933       0x34 /opt/ST/STM32CubeCLT_1.16.0/GNU-tools-for-STM32/bin/../lib/gcc/arm-none-eabi/12.3.1/../../../../arm-none-eabi/lib/thumb/v7e-m+fp/hard/libc_nano.a(libc_a-nano-vfprintf_i.o)
 .ARM.attributes
                0x00000967       0x34 /opt/ST/STM32CubeCLT_1.16.0/GNU-tools-for-STM32/bin/../lib/gcc/arm-none-eabi/12.3.1/../../../../arm-none-eabi/lib/thumb/v7e-m+fp/hard/libc_nano.a(libc_a-fflush.o)
 .ARM.attributes
                0x0000099b       0x34 /opt/ST/STM32CubeCLT_1.16.0/GNU-tools-for-STM32/bin/../lib/gcc/arm-none-eabi/12.3.1/../../../../arm-none-eabi/lib/thumb/v7e-m+fp/hard/libc_nano.a(libc_a-mlock.o)
 .ARM.attributes
                0x000009cf       0x34 /opt/ST/STM32CubeCLT_1.16.0/GNU-tools-for-STM32/bin/../lib/gcc/arm-none-eabi/12.3.1/../../../../arm-none-eabi/lib/thumb/v7e-m+fp/hard/libc_nano.a(libc_a-stdio.o)
 .ARM.attributes
                0x00000a03       0x34 /opt/ST/STM32CubeCLT_1.16.0/GNU-tools-for-STM32/bin/../lib/gcc/arm-none-eabi/12.3.1/../../../../arm-none-eabi/lib/thumb/v7e-m+fp/hard/libc_nano.a(libc_a-wbuf.o)
 .ARM.attributes
                0x00000a37       0x34 /opt/ST/STM32CubeCLT_1.16.0/GNU-tools-for-STM32/bin/../lib/gcc/arm-none-eabi/12.3.1/../../../../arm-none-eabi/lib/thumb/v7e-m+fp/hard/libc_nano.a(libc_a-wsetup.o)
 .ARM.attributes
                0x00000a6b       0x34 /opt/ST/STM32CubeCLT_1.16.0/GNU-tools-for-STM32/bin/../lib/gcc/arm-none-eabi/12.3.1/../../../../arm-none-eabi/lib/thumb/v7e-m+fp/hard/libc_nano.a(libc_a-closer.o)
 .ARM.attributes
                0x00000a9f       0x34 /opt/ST/STM32CubeCLT_1.16.0/GNU-tools-for-STM32/bin/../lib/gcc/arm-none-eabi/12.3.1/../../../../arm-none-eabi/lib/thumb/v7e-m+fp/hard/libc_nano.a(libc_a-reent.o)
 .ARM.attributes
                0x00000ad3       0x34 /opt/ST/STM32CubeCLT_1.16.0/GNU-tools-for-STM32/bin/../lib/gcc/arm-none-eabi/12.3.1/../../../../arm-none-eabi/lib/thumb/v7e-m+fp/hard/libc_nano.a(libc_a-lseekr.o)
 .ARM.attributes
                0x00000b07       0x34 /opt/ST/STM32CubeCLT_1.16.0/GNU-tools-for-STM32/bin/../lib/gcc/arm-none-eabi/12.3.1/../../../../arm-none-eabi/lib/thumb/v7e-m+fp/hard/libc_nano.a(libc_a-readr.o)
 .ARM.attributes
                0x00000b3b       0x34 /opt/ST/STM32CubeCLT_1.16.0/GNU-tools-for-STM32/bin/../lib/gcc/arm-none-eabi/12.3.1/../../../../arm-none-eabi/lib/thumb/v7e-m+fp/hard/libc_nano.a(libc_a-sbrkr.o)
 .ARM.attributes
                0x00000b6f       0x34 /opt/ST/STM32CubeCLT_1.16.0/GNU-tools-for-STM32/bin/../lib/gcc/arm-none-eabi/12.3.1/../../../../arm-none-eabi/lib/thumb/v7e-m+fp/hard/libc_nano.a(libc_a-writer.o)
 .ARM.attributes
                0x00000ba3       0x1c /opt/ST/STM32CubeCLT_1.16.0/GNU-tools-for-STM32/bin/../lib/gcc/arm-none-eabi/12.3.1/../../../../arm-none-eabi/lib/thumb/v7e-m+fp/hard/libc_nano.a(libc_a-memchr.o)
 .ARM.attributes
                0x00000bbf       0x34 /opt/ST/STM32CubeCLT_1.16.0/GNU-tools-for-STM32/bin/../lib/gcc/arm-none-eabi/12.3.1/../../../../arm-none-eabi/lib/thumb/v7e-m+fp/hard/libm.a(libm_a-s_sin.o)
 .ARM.attributes
                0x00000bf3       0x34 /opt/ST/STM32CubeCLT_1.16.0/GNU-tools-for-STM32/bin/../lib/gcc/arm-none-eabi/12.3.1/../../../../arm-none-eabi/lib/thumb/v7e-m+fp/hard/libm.a(libm_a-e_rem_pio2.o)
 .ARM.attributes
                0x00000c27       0x34 /opt/ST/STM32CubeCLT_1.16.0/GNU-tools-for-STM32/bin/../lib/gcc/arm-none-eabi/12.3.1/../../../../arm-none-eabi/lib/thumb/v7e-m+fp/hard/libm.a(libm_a-k_rem_pio2.o)
 .ARM.attributes
                0x00000c5b       0x34 /opt/ST/STM32CubeCLT_1.16.0/GNU-tools-for-STM32/bin/../lib/gcc/arm-none-eabi/12.3.1/../../../../arm-none-eabi/lib/thumb/v7e-m+fp/hard/libm.a(libm_a-k_cos.o)
 .ARM.attributes
                0x00000c8f       0x34 /opt/ST/STM32CubeCLT_1.16.0/GNU-tools-for-STM32/bin/../lib/gcc/arm-none-eabi/12.3.1/../../../../arm-none-eabi/lib/thumb/v7e-m+fp/hard/libm.a(libm_a-k_sin.o)
 .ARM.attributes
                0x00000cc3       0x34 /opt/ST/STM32CubeCLT_1.16.0/GNU-tools-for-STM32/bin/../lib/gcc/arm-none-eabi/12.3.1/../../../../arm-none-eabi/lib/thumb/v7e-m+fp/hard/libm.a(libm_a-s_fabs.o)
 .ARM.attributes
                0x00000cf7       0x34 /opt/ST/STM32CubeCLT_1.16.0/GNU-tools-for-STM32/bin/../lib/gcc/arm-none-eabi/12.3.1/../../../../arm-none-eabi/lib/thumb/v7e-m+fp/hard/libm.a(libm_a-s_scalbn.o)
 .ARM.attributes
                0x00000d2b       0x34 /opt/ST/STM32CubeCLT_1.16.0/GNU-tools-for-STM32/bin/../lib/gcc/arm-none-eabi/12.3.1/../../../../arm-none-eabi/lib/thumb/v7e-m+fp/hard/libm.a(libm_a-s_floor.o)
 .ARM.attributes
                0x00000d5f       0x22 /opt/ST/STM32CubeCLT_1.16.0/GNU-tools-for-STM32/bin/../lib/gcc/arm-none-eabi/12.3.1/thumb/v7e-m+fp/hard/libgcc.a(_arm_muldf3.o)
 .ARM.attributes
                0x00000d81       0x22 /opt/ST/STM32CubeCLT_1.16.0/GNU-tools-for-STM32/bin/../lib/gcc/arm-none-eabi/12.3.1/thumb/v7e-m+fp/hard/libgcc.a(_arm_addsubdf3.o)
 .ARM.attributes
                0x00000da3       0x22 /opt/ST/STM32CubeCLT_1.16.0/GNU-tools-for-STM32/bin/../lib/gcc/arm-none-eabi/12.3.1/thumb/v7e-m+fp/hard/libgcc.a(_arm_cmpdf2.o)
 .ARM.attributes
                0x00000dc5       0x22 /opt/ST/STM32CubeCLT_1.16.0/GNU-tools-for-STM32/bin/../lib/gcc/arm-none-eabi/12.3.1/thumb/v7e-m+fp/hard/libgcc.a(_arm_fixdfsi.o)
 .ARM.attributes
                0x00000de7       0x22 /opt/ST/STM32CubeCLT_1.16.0/GNU-tools-for-STM32/bin/../lib/gcc/arm-none-eabi/12.3.1/thumb/v7e-m+fp/hard/libgcc.a(_arm_truncdfsf2.o)
 .ARM.attributes
                0x00000e09       0x22 /opt/ST/STM32CubeCLT_1.16.0/GNU-tools-for-STM32/bin/../lib/gcc/arm-none-eabi/12.3.1/thumb/v7e-m+fp/hard/crtn.o
OUTPUT(build/ProgramV2.elf elf32-littlearm)
LOAD linker stubs
LOAD /opt/ST/STM32CubeCLT_1.16.0/GNU-tools-for-STM32/bin/../lib/gcc/arm-none-eabi/12.3.1/../../../../arm-none-eabi/lib/thumb/v7e-m+fp/hard/libc.a
LOAD /opt/ST/STM32CubeCLT_1.16.0/GNU-tools-for-STM32/bin/../lib/gcc/arm-none-eabi/12.3.1/../../../../arm-none-eabi/lib/thumb/v7e-m+fp/hard/libm.a
LOAD /opt/ST/STM32CubeCLT_1.16.0/GNU-tools-for-STM32/bin/../lib/gcc/arm-none-eabi/12.3.1/thumb/v7e-m+fp/hard/libgcc.a

.debug_info     0x00000000    0x1aa0f
 .debug_info    0x00000000     0x1589 build/main.o
 .debug_info    0x00001589      0x37d build/gpio.o
 .debug_info    0x00001906     0x129a build/tim.o
 .debug_info    0x00002ba0      0x421 build/stm32f3xx_it.o
 .debug_info    0x00002fc1      0x1c9 build/stm32f3xx_hal_msp.o
 .debug_info    0x0000318a     0x41ec build/stm32f3xx_hal_tim.o
 .debug_info    0x00007376     0x1e27 build/stm32f3xx_hal_tim_ex.o
 .debug_info    0x0000919d      0x8d3 build/stm32f3xx_hal.o
 .debug_info    0x00009a70     0x1661 build/stm32f3xx_hal_rcc.o
 .debug_info    0x0000b0d1      0x66e build/stm32f3xx_hal_rcc_ex.o
 .debug_info    0x0000b73f      0x824 build/stm32f3xx_hal_gpio.o
 .debug_info    0x0000bf63      0x8f4 build/stm32f3xx_hal_dma.o
 .debug_info    0x0000c857      0xe14 build/stm32f3xx_hal_cortex.o
 .debug_info    0x0000d66b      0x47d build/system_stm32f3xx.o
 .debug_info    0x0000dae8      0x18c build/sysmem.o
 .debug_info    0x0000dc74      0x842 build/syscalls.o
 .debug_info    0x0000e4b6      0xdf2 build/adc.o
 .debug_info    0x0000f2a8      0xba4 build/usart.o
 .debug_info    0x0000fe4c      0xd01 build/stm32f3xx_hal_adc.o
 .debug_info    0x00010b4d     0x200e build/stm32f3xx_hal_adc_ex.o
 .debug_info    0x00012b5b     0x52f1 build/stm32f3xx_hal_uart.o
 .debug_info    0x00017e4c     0x1246 build/app.o
 .debug_info    0x00019092     0x15e8 build/bldc.o
 .debug_info    0x0001a67a      0x365 build/dma.o
 .debug_info    0x0001a9df       0x30 build/startup_stm32f303x8.o

.debug_abbrev   0x00000000     0x371b
 .debug_abbrev  0x00000000      0x325 build/main.o
 .debug_abbrev  0x00000325      0x137 build/gpio.o
 .debug_abbrev  0x0000045c      0x272 build/tim.o
 .debug_abbrev  0x000006ce      0x16b build/stm32f3xx_it.o
 .debug_abbrev  0x00000839       0xc1 build/stm32f3xx_hal_msp.o
 .debug_abbrev  0x000008fa      0x2bd build/stm32f3xx_hal_tim.o
 .debug_abbrev  0x00000bb7      0x2b7 build/stm32f3xx_hal_tim_ex.o
 .debug_abbrev  0x00000e6e      0x245 build/stm32f3xx_hal.o
 .debug_abbrev  0x000010b3      0x353 build/stm32f3xx_hal_rcc.o
 .debug_abbrev  0x00001406      0x266 build/stm32f3xx_hal_rcc_ex.o
 .debug_abbrev  0x0000166c      0x222 build/stm32f3xx_hal_gpio.o
 .debug_abbrev  0x0000188e      0x26a build/stm32f3xx_hal_dma.o
 .debug_abbrev  0x00001af8      0x3aa build/stm32f3xx_hal_cortex.o
 .debug_abbrev  0x00001ea2      0x11b build/system_stm32f3xx.o
 .debug_abbrev  0x00001fbd       0xeb build/sysmem.o
 .debug_abbrev  0x000020a8      0x1e3 build/syscalls.o
 .debug_abbrev  0x0000228b      0x227 build/adc.o
 .debug_abbrev  0x000024b2      0x20f build/usart.o
 .debug_abbrev  0x000026c1      0x18d build/stm32f3xx_hal_adc.o
 .debug_abbrev  0x0000284e      0x337 build/stm32f3xx_hal_adc_ex.o
 .debug_abbrev  0x00002b85      0x334 build/stm32f3xx_hal_uart.o
 .debug_abbrev  0x00002eb9      0x2bc build/app.o
 .debug_abbrev  0x00003175      0x46c build/bldc.o
 .debug_abbrev  0x000035e1      0x11d build/dma.o
 .debug_abbrev  0x000036fe       0x1d build/startup_stm32f303x8.o

.debug_loc      0x00000000    0x13fb6
 .debug_loc     0x00000000       0xff build/main.o
 .debug_loc     0x000000ff       0x38 build/gpio.o
 .debug_loc     0x00000137      0x1f2 build/tim.o
 .debug_loc     0x00000329       0x40 build/stm32f3xx_it.o
 .debug_loc     0x00000369       0x2c build/stm32f3xx_hal_msp.o
 .debug_loc     0x00000395     0x60ef build/stm32f3xx_hal_tim.o
 .debug_loc     0x00006484     0x2561 build/stm32f3xx_hal_tim_ex.o
 .debug_loc     0x000089e5      0x1e1 build/stm32f3xx_hal.o
 .debug_loc     0x00008bc6      0xed5 build/stm32f3xx_hal_rcc.o
 .debug_loc     0x00009a9b      0x795 build/stm32f3xx_hal_rcc_ex.o
 .debug_loc     0x0000a230      0x46f build/stm32f3xx_hal_gpio.o
 .debug_loc     0x0000a69f      0x93c build/stm32f3xx_hal_dma.o
 .debug_loc     0x0000afdb      0x782 build/stm32f3xx_hal_cortex.o
 .debug_loc     0x0000b75d      0x123 build/system_stm32f3xx.o
 .debug_loc     0x0000b880       0x84 build/sysmem.o
 .debug_loc     0x0000b904      0x511 build/syscalls.o
 .debug_loc     0x0000be15      0x119 build/adc.o
 .debug_loc     0x0000bf2e      0x162 build/usart.o
 .debug_loc     0x0000c090      0x22b build/stm32f3xx_hal_adc.o
 .debug_loc     0x0000c2bb     0x24b7 build/stm32f3xx_hal_adc_ex.o
 .debug_loc     0x0000e772     0x500a build/stm32f3xx_hal_uart.o
 .debug_loc     0x0001377c      0x109 build/app.o
 .debug_loc     0x00013885      0x6f9 build/bldc.o
 .debug_loc     0x00013f7e       0x38 build/dma.o

.debug_aranges  0x00000000     0x1068
 .debug_aranges
                0x00000000       0x38 build/main.o
 .debug_aranges
                0x00000038       0x20 build/gpio.o
 .debug_aranges
                0x00000058       0x58 build/tim.o
 .debug_aranges
                0x000000b0       0x68 build/stm32f3xx_it.o
 .debug_aranges
                0x00000118       0x20 build/stm32f3xx_hal_msp.o
 .debug_aranges
                0x00000138      0x3e0 build/stm32f3xx_hal_tim.o
 .debug_aranges
                0x00000518      0x178 build/stm32f3xx_hal_tim_ex.o
 .debug_aranges
                0x00000690       0xe0 build/stm32f3xx_hal.o
 .debug_aranges
                0x00000770       0x88 build/stm32f3xx_hal_rcc.o
 .debug_aranges
                0x000007f8       0x38 build/stm32f3xx_hal_rcc_ex.o
 .debug_aranges
                0x00000830       0x58 build/stm32f3xx_hal_gpio.o
 .debug_aranges
                0x00000888       0x88 build/stm32f3xx_hal_dma.o
 .debug_aranges
                0x00000910       0xc0 build/stm32f3xx_hal_cortex.o
 .debug_aranges
                0x000009d0       0x28 build/system_stm32f3xx.o
 .debug_aranges
                0x000009f8       0x20 build/sysmem.o
 .debug_aranges
                0x00000a18       0xa8 build/syscalls.o
 .debug_aranges
                0x00000ac0       0x30 build/adc.o
 .debug_aranges
                0x00000af0       0x38 build/usart.o
 .debug_aranges
                0x00000b28       0xc8 build/stm32f3xx_hal_adc.o
 .debug_aranges
                0x00000bf0      0x168 build/stm32f3xx_hal_adc_ex.o
 .debug_aranges
                0x00000d58      0x228 build/stm32f3xx_hal_uart.o
 .debug_aranges
                0x00000f80       0x30 build/app.o
 .debug_aranges
                0x00000fb0       0x70 build/bldc.o
 .debug_aranges
                0x00001020       0x20 build/dma.o
 .debug_aranges
                0x00001040       0x28 build/startup_stm32f303x8.o

.debug_ranges   0x00000000      0xf18
 .debug_ranges  0x00000000       0x28 build/main.o
 .debug_ranges  0x00000028       0x10 build/gpio.o
 .debug_ranges  0x00000038       0x48 build/tim.o
 .debug_ranges  0x00000080       0x58 build/stm32f3xx_it.o
 .debug_ranges  0x000000d8       0x10 build/stm32f3xx_hal_msp.o
 .debug_ranges  0x000000e8      0x3d0 build/stm32f3xx_hal_tim.o
 .debug_ranges  0x000004b8      0x168 build/stm32f3xx_hal_tim_ex.o
 .debug_ranges  0x00000620       0xd0 build/stm32f3xx_hal.o
 .debug_ranges  0x000006f0       0x98 build/stm32f3xx_hal_rcc.o
 .debug_ranges  0x00000788       0x28 build/stm32f3xx_hal_rcc_ex.o
 .debug_ranges  0x000007b0       0x48 build/stm32f3xx_hal_gpio.o
 .debug_ranges  0x000007f8       0x78 build/stm32f3xx_hal_dma.o
 .debug_ranges  0x00000870       0xb0 build/stm32f3xx_hal_cortex.o
 .debug_ranges  0x00000920       0x18 build/system_stm32f3xx.o
 .debug_ranges  0x00000938       0x10 build/sysmem.o
 .debug_ranges  0x00000948       0x98 build/syscalls.o
 .debug_ranges  0x000009e0       0x20 build/adc.o
 .debug_ranges  0x00000a00       0x28 build/usart.o
 .debug_ranges  0x00000a28       0xb8 build/stm32f3xx_hal_adc.o
 .debug_ranges  0x00000ae0      0x158 build/stm32f3xx_hal_adc_ex.o
 .debug_ranges  0x00000c38      0x230 build/stm32f3xx_hal_uart.o
 .debug_ranges  0x00000e68       0x20 build/app.o
 .debug_ranges  0x00000e88       0x60 build/bldc.o
 .debug_ranges  0x00000ee8       0x10 build/dma.o
 .debug_ranges  0x00000ef8       0x20 build/startup_stm32f303x8.o

.debug_line     0x00000000    0x14638
 .debug_line    0x00000000      0x48f build/main.o
 .debug_line    0x0000048f      0x199 build/gpio.o
 .debug_line    0x00000628      0x6d4 build/tim.o
 .debug_line    0x00000cfc      0x2b4 build/stm32f3xx_it.o
 .debug_line    0x00000fb0      0x155 build/stm32f3xx_hal_msp.o
 .debug_line    0x00001105     0x4dd7 build/stm32f3xx_hal_tim.o
 .debug_line    0x00005edc     0x1d74 build/stm32f3xx_hal_tim_ex.o
 .debug_line    0x00007c50      0x518 build/stm32f3xx_hal.o
 .debug_line    0x00008168     0x114f build/stm32f3xx_hal_rcc.o
 .debug_line    0x000092b7      0x69f build/stm32f3xx_hal_rcc_ex.o
 .debug_line    0x00009956      0x66e build/stm32f3xx_hal_gpio.o
 .debug_line    0x00009fc4      0x9ec build/stm32f3xx_hal_dma.o
 .debug_line    0x0000a9b0      0x6ab build/stm32f3xx_hal_cortex.o
 .debug_line    0x0000b05b      0x238 build/system_stm32f3xx.o
 .debug_line    0x0000b293      0x1b9 build/sysmem.o
 .debug_line    0x0000b44c      0x3de build/syscalls.o
 .debug_line    0x0000b82a      0x3dd build/adc.o
 .debug_line    0x0000bc07      0x398 build/usart.o
 .debug_line    0x0000bf9f      0x42a build/stm32f3xx_hal_adc.o
 .debug_line    0x0000c3c9     0x23f8 build/stm32f3xx_hal_adc_ex.o
 .debug_line    0x0000e7c1     0x505a build/stm32f3xx_hal_uart.o
 .debug_line    0x0001381b      0x33d build/app.o
 .debug_line    0x00013b58      0x8ed build/bldc.o
 .debug_line    0x00014445      0x17d build/dma.o
 .debug_line    0x000145c2       0x76 build/startup_stm32f303x8.o

.debug_str      0x00000000     0x4f0c
 .debug_str     0x00000000      0xb2b build/main.o
                                0xc08 (size before relaxing)
 .debug_str     0x00000b2b       0xdb build/gpio.o
                                0x26e (size before relaxing)
 .debug_str     0x00000c06      0x604 build/tim.o
                                0xb0e (size before relaxing)
 .debug_str     0x0000120a       0xea build/stm32f3xx_it.o
                                0x429 (size before relaxing)
 .debug_str     0x000012f4       0x29 build/stm32f3xx_hal_msp.o
                                0x1eb (size before relaxing)
 .debug_str     0x0000131d      0xe66 build/stm32f3xx_hal_tim.o
                               0x16ea (size before relaxing)
 .debug_str     0x00002183      0x45a build/stm32f3xx_hal_tim_ex.o
                                0xf30 (size before relaxing)
 .debug_str     0x000025dd      0x615 build/stm32f3xx_hal.o
                                0x845 (size before relaxing)
 .debug_str     0x00002bf2      0x1ff build/stm32f3xx_hal_rcc.o
                                0x65b (size before relaxing)
 .debug_str     0x00002df1       0xc5 build/stm32f3xx_hal_rcc_ex.o
                                0x452 (size before relaxing)
 .debug_str     0x00002eb6      0x1db build/stm32f3xx_hal_gpio.o
                                0x480 (size before relaxing)
 .debug_str     0x00003091      0x205 build/stm32f3xx_hal_dma.o
                                0x5fb (size before relaxing)
 .debug_str     0x00003296      0x39a build/stm32f3xx_hal_cortex.o
                                0x8c8 (size before relaxing)
 .debug_str     0x00003630       0x52 build/system_stm32f3xx.o
                                0x2b3 (size before relaxing)
 .debug_str     0x00003682       0x7a build/sysmem.o
                                0x1fe (size before relaxing)
 .debug_str     0x000036fc      0x1f4 build/syscalls.o
                                0x3d2 (size before relaxing)
 .debug_str     0x000038f0      0x220 build/adc.o
                                0x80f (size before relaxing)
 .debug_str     0x00003b10       0x55 build/usart.o
                                0x74c (size before relaxing)
 .debug_str     0x00003b65      0x1f9 build/stm32f3xx_hal_adc.o
                                0x8a0 (size before relaxing)
 .debug_str     0x00003d5e      0x62a build/stm32f3xx_hal_adc_ex.o
                                0xef6 (size before relaxing)
 .debug_str     0x00004388      0x782 build/stm32f3xx_hal_uart.o
                                0xede (size before relaxing)
 .debug_str     0x00004b0a      0x142 build/app.o
                                0xb0c (size before relaxing)
 .debug_str     0x00004c4c      0x27f build/bldc.o
                                0xaf1 (size before relaxing)
 .debug_str     0x00004ecb        0xf build/dma.o
                                0x4f3 (size before relaxing)
 .debug_str     0x00004eda       0x32 build/startup_stm32f303x8.o
                                 0x5b (size before relaxing)

.comment        0x00000000       0x43
 .comment       0x00000000       0x43 build/main.o
                                 0x44 (size before relaxing)
 .comment       0x00000043       0x44 build/gpio.o
 .comment       0x00000043       0x44 build/tim.o
 .comment       0x00000043       0x44 build/stm32f3xx_it.o
 .comment       0x00000043       0x44 build/stm32f3xx_hal_msp.o
 .comment       0x00000043       0x44 build/stm32f3xx_hal_tim.o
 .comment       0x00000043       0x44 build/stm32f3xx_hal_tim_ex.o
 .comment       0x00000043       0x44 build/stm32f3xx_hal.o
 .comment       0x00000043       0x44 build/stm32f3xx_hal_rcc.o
 .comment       0x00000043       0x44 build/stm32f3xx_hal_rcc_ex.o
 .comment       0x00000043       0x44 build/stm32f3xx_hal_gpio.o
 .comment       0x00000043       0x44 build/stm32f3xx_hal_dma.o
 .comment       0x00000043       0x44 build/stm32f3xx_hal_cortex.o
 .comment       0x00000043       0x44 build/system_stm32f3xx.o
 .comment       0x00000043       0x44 build/sysmem.o
 .comment       0x00000043       0x44 build/syscalls.o
 .comment       0x00000043       0x44 build/adc.o
 .comment       0x00000043       0x44 build/usart.o
 .comment       0x00000043       0x44 build/stm32f3xx_hal_adc.o
 .comment       0x00000043       0x44 build/stm32f3xx_hal_adc_ex.o
 .comment       0x00000043       0x44 build/stm32f3xx_hal_uart.o
 .comment       0x00000043       0x44 build/app.o
 .comment       0x00000043       0x44 build/bldc.o
 .comment       0x00000043       0x44 build/dma.o

.debug_frame    0x00000000     0x36e4
 .debug_frame   0x00000000       0x70 build/main.o
 .debug_frame   0x00000070       0x2c build/gpio.o
 .debug_frame   0x0000009c       0xec build/tim.o
 .debug_frame   0x00000188       0xc0 build/stm32f3xx_it.o
 .debug_frame   0x00000248       0x28 build/stm32f3xx_hal_msp.o
 .debug_frame   0x00000270      0xb4c build/stm32f3xx_hal_tim.o
 .debug_frame   0x00000dbc      0x450 build/stm32f3xx_hal_tim_ex.o
 .debug_frame   0x0000120c      0x1cc build/stm32f3xx_hal.o
 .debug_frame   0x000013d8      0x170 build/stm32f3xx_hal_rcc.o
 .debug_frame   0x00001548       0x6c build/stm32f3xx_hal_rcc_ex.o
 .debug_frame   0x000015b4       0xd0 build/stm32f3xx_hal_gpio.o
 .debug_frame   0x00001684      0x160 build/stm32f3xx_hal_dma.o
 .debug_frame   0x000017e4      0x19c build/stm32f3xx_hal_cortex.o
 .debug_frame   0x00001980       0x30 build/system_stm32f3xx.o
 .debug_frame   0x000019b0       0x28 build/sysmem.o
 .debug_frame   0x000019d8      0x190 build/syscalls.o
 .debug_frame   0x00001b68       0x68 build/adc.o
 .debug_frame   0x00001bd0       0x78 build/usart.o
 .debug_frame   0x00001c48      0x170 build/stm32f3xx_hal_adc.o
 .debug_frame   0x00001db8      0x4d8 build/stm32f3xx_hal_adc_ex.o
 .debug_frame   0x00002290      0x600 build/stm32f3xx_hal_uart.o
 .debug_frame   0x00002890       0x58 build/app.o
 .debug_frame   0x000028e8      0x16c build/bldc.o
 .debug_frame   0x00002a54       0x2c build/dma.o
 .debug_frame   0x00002a80       0x20 /opt/ST/STM32CubeCLT_1.16.0/GNU-tools-for-STM32/bin/../lib/gcc/arm-none-eabi/12.3.1/../../../../arm-none-eabi/lib/thumb/v7e-m+fp/hard/libc_nano.a(libc_a-abs.o)
 .debug_frame   0x00002aa0       0x20 /opt/ST/STM32CubeCLT_1.16.0/GNU-tools-for-STM32/bin/../lib/gcc/arm-none-eabi/12.3.1/../../../../arm-none-eabi/lib/thumb/v7e-m+fp/hard/libc_nano.a(libc_a-setbuf.o)
 .debug_frame   0x00002ac0       0x38 /opt/ST/STM32CubeCLT_1.16.0/GNU-tools-for-STM32/bin/../lib/gcc/arm-none-eabi/12.3.1/../../../../arm-none-eabi/lib/thumb/v7e-m+fp/hard/libc_nano.a(libc_a-setvbuf.o)
 .debug_frame   0x00002af8      0x144 /opt/ST/STM32CubeCLT_1.16.0/GNU-tools-for-STM32/bin/../lib/gcc/arm-none-eabi/12.3.1/../../../../arm-none-eabi/lib/thumb/v7e-m+fp/hard/libc_nano.a(libc_a-findfp.o)
 .debug_frame   0x00002c3c       0x34 /opt/ST/STM32CubeCLT_1.16.0/GNU-tools-for-STM32/bin/../lib/gcc/arm-none-eabi/12.3.1/../../../../arm-none-eabi/lib/thumb/v7e-m+fp/hard/libc_nano.a(libc_a-fwalk.o)
 .debug_frame   0x00002c70       0x58 /opt/ST/STM32CubeCLT_1.16.0/GNU-tools-for-STM32/bin/../lib/gcc/arm-none-eabi/12.3.1/../../../../arm-none-eabi/lib/thumb/v7e-m+fp/hard/libc_nano.a(libc_a-makebuf.o)
 .debug_frame   0x00002cc8       0x6c /opt/ST/STM32CubeCLT_1.16.0/GNU-tools-for-STM32/bin/../lib/gcc/arm-none-eabi/12.3.1/../../../../arm-none-eabi/lib/thumb/v7e-m+fp/hard/libc_nano.a(libc_a-printf.o)
 .debug_frame   0x00002d34       0x3c /opt/ST/STM32CubeCLT_1.16.0/GNU-tools-for-STM32/bin/../lib/gcc/arm-none-eabi/12.3.1/../../../../arm-none-eabi/lib/thumb/v7e-m+fp/hard/libc_nano.a(libc_a-puts.o)
 .debug_frame   0x00002d70       0x20 /opt/ST/STM32CubeCLT_1.16.0/GNU-tools-for-STM32/bin/../lib/gcc/arm-none-eabi/12.3.1/../../../../arm-none-eabi/lib/thumb/v7e-m+fp/hard/libc_nano.a(libc_a-memset.o)
 .debug_frame   0x00002d90       0x2c /opt/ST/STM32CubeCLT_1.16.0/GNU-tools-for-STM32/bin/../lib/gcc/arm-none-eabi/12.3.1/../../../../arm-none-eabi/lib/thumb/v7e-m+fp/hard/libc_nano.a(libc_a-fstatr.o)
 .debug_frame   0x00002dbc       0x2c /opt/ST/STM32CubeCLT_1.16.0/GNU-tools-for-STM32/bin/../lib/gcc/arm-none-eabi/12.3.1/../../../../arm-none-eabi/lib/thumb/v7e-m+fp/hard/libc_nano.a(libc_a-isattyr.o)
 .debug_frame   0x00002de8       0x20 /opt/ST/STM32CubeCLT_1.16.0/GNU-tools-for-STM32/bin/../lib/gcc/arm-none-eabi/12.3.1/../../../../arm-none-eabi/lib/thumb/v7e-m+fp/hard/libc_nano.a(libc_a-errno.o)
 .debug_frame   0x00002e08       0x2c /opt/ST/STM32CubeCLT_1.16.0/GNU-tools-for-STM32/bin/../lib/gcc/arm-none-eabi/12.3.1/../../../../arm-none-eabi/lib/thumb/v7e-m+fp/hard/libc_nano.a(libc_a-init.o)
 .debug_frame   0x00002e34       0xb0 /opt/ST/STM32CubeCLT_1.16.0/GNU-tools-for-STM32/bin/../lib/gcc/arm-none-eabi/12.3.1/../../../../arm-none-eabi/lib/thumb/v7e-m+fp/hard/libc_nano.a(libc_a-lock.o)
 .debug_frame   0x00002ee4       0x38 /opt/ST/STM32CubeCLT_1.16.0/GNU-tools-for-STM32/bin/../lib/gcc/arm-none-eabi/12.3.1/../../../../arm-none-eabi/lib/thumb/v7e-m+fp/hard/libc_nano.a(libc_a-freer.o)
 .debug_frame   0x00002f1c       0xa8 /opt/ST/STM32CubeCLT_1.16.0/GNU-tools-for-STM32/bin/../lib/gcc/arm-none-eabi/12.3.1/../../../../arm-none-eabi/lib/thumb/v7e-m+fp/hard/libc_nano.a(libc_a-nano-vfprintf.o)
 .debug_frame   0x00002fc4       0x30 /opt/ST/STM32CubeCLT_1.16.0/GNU-tools-for-STM32/bin/../lib/gcc/arm-none-eabi/12.3.1/../../../../arm-none-eabi/lib/thumb/v7e-m+fp/hard/libc_nano.a(libc_a-malloc.o)
 .debug_frame   0x00002ff4       0x50 /opt/ST/STM32CubeCLT_1.16.0/GNU-tools-for-STM32/bin/../lib/gcc/arm-none-eabi/12.3.1/../../../../arm-none-eabi/lib/thumb/v7e-m+fp/hard/libc_nano.a(libc_a-mallocr.o)
 .debug_frame   0x00003044       0x60 /opt/ST/STM32CubeCLT_1.16.0/GNU-tools-for-STM32/bin/../lib/gcc/arm-none-eabi/12.3.1/../../../../arm-none-eabi/lib/thumb/v7e-m+fp/hard/libc_nano.a(libc_a-nano-vfprintf_i.o)
 .debug_frame   0x000030a4       0x5c /opt/ST/STM32CubeCLT_1.16.0/GNU-tools-for-STM32/bin/../lib/gcc/arm-none-eabi/12.3.1/../../../../arm-none-eabi/lib/thumb/v7e-m+fp/hard/libc_nano.a(libc_a-fflush.o)
 .debug_frame   0x00003100       0x30 /opt/ST/STM32CubeCLT_1.16.0/GNU-tools-for-STM32/bin/../lib/gcc/arm-none-eabi/12.3.1/../../../../arm-none-eabi/lib/thumb/v7e-m+fp/hard/libc_nano.a(libc_a-mlock.o)
 .debug_frame   0x00003130       0x88 /opt/ST/STM32CubeCLT_1.16.0/GNU-tools-for-STM32/bin/../lib/gcc/arm-none-eabi/12.3.1/../../../../arm-none-eabi/lib/thumb/v7e-m+fp/hard/libc_nano.a(libc_a-stdio.o)
 .debug_frame   0x000031b8       0x40 /opt/ST/STM32CubeCLT_1.16.0/GNU-tools-for-STM32/bin/../lib/gcc/arm-none-eabi/12.3.1/../../../../arm-none-eabi/lib/thumb/v7e-m+fp/hard/libc_nano.a(libc_a-wbuf.o)
 .debug_frame   0x000031f8       0x2c /opt/ST/STM32CubeCLT_1.16.0/GNU-tools-for-STM32/bin/../lib/gcc/arm-none-eabi/12.3.1/../../../../arm-none-eabi/lib/thumb/v7e-m+fp/hard/libc_nano.a(libc_a-wsetup.o)
 .debug_frame   0x00003224       0x2c /opt/ST/STM32CubeCLT_1.16.0/GNU-tools-for-STM32/bin/../lib/gcc/arm-none-eabi/12.3.1/../../../../arm-none-eabi/lib/thumb/v7e-m+fp/hard/libc_nano.a(libc_a-closer.o)
 .debug_frame   0x00003250       0x38 /opt/ST/STM32CubeCLT_1.16.0/GNU-tools-for-STM32/bin/../lib/gcc/arm-none-eabi/12.3.1/../../../../arm-none-eabi/lib/thumb/v7e-m+fp/hard/libc_nano.a(libc_a-reent.o)
 .debug_frame   0x00003288       0x2c /opt/ST/STM32CubeCLT_1.16.0/GNU-tools-for-STM32/bin/../lib/gcc/arm-none-eabi/12.3.1/../../../../arm-none-eabi/lib/thumb/v7e-m+fp/hard/libc_nano.a(libc_a-lseekr.o)
 .debug_frame   0x000032b4       0x2c /opt/ST/STM32CubeCLT_1.16.0/GNU-tools-for-STM32/bin/../lib/gcc/arm-none-eabi/12.3.1/../../../../arm-none-eabi/lib/thumb/v7e-m+fp/hard/libc_nano.a(libc_a-readr.o)
 .debug_frame   0x000032e0       0x2c /opt/ST/STM32CubeCLT_1.16.0/GNU-tools-for-STM32/bin/../lib/gcc/arm-none-eabi/12.3.1/../../../../arm-none-eabi/lib/thumb/v7e-m+fp/hard/libc_nano.a(libc_a-sbrkr.o)
 .debug_frame   0x0000330c       0x2c /opt/ST/STM32CubeCLT_1.16.0/GNU-tools-for-STM32/bin/../lib/gcc/arm-none-eabi/12.3.1/../../../../arm-none-eabi/lib/thumb/v7e-m+fp/hard/libc_nano.a(libc_a-writer.o)
 .debug_frame   0x00003338       0x38 /opt/ST/STM32CubeCLT_1.16.0/GNU-tools-for-STM32/bin/../lib/gcc/arm-none-eabi/12.3.1/../../../../arm-none-eabi/lib/thumb/v7e-m+fp/hard/libm.a(libm_a-s_sin.o)
 .debug_frame   0x00003370       0x40 /opt/ST/STM32CubeCLT_1.16.0/GNU-tools-for-STM32/bin/../lib/gcc/arm-none-eabi/12.3.1/../../../../arm-none-eabi/lib/thumb/v7e-m+fp/hard/libm.a(libm_a-e_rem_pio2.o)
 .debug_frame   0x000033b0       0x54 /opt/ST/STM32CubeCLT_1.16.0/GNU-tools-for-STM32/bin/../lib/gcc/arm-none-eabi/12.3.1/../../../../arm-none-eabi/lib/thumb/v7e-m+fp/hard/libm.a(libm_a-k_rem_pio2.o)
 .debug_frame   0x00003404       0x3c /opt/ST/STM32CubeCLT_1.16.0/GNU-tools-for-STM32/bin/../lib/gcc/arm-none-eabi/12.3.1/../../../../arm-none-eabi/lib/thumb/v7e-m+fp/hard/libm.a(libm_a-k_cos.o)
 .debug_frame   0x00003440       0x40 /opt/ST/STM32CubeCLT_1.16.0/GNU-tools-for-STM32/bin/../lib/gcc/arm-none-eabi/12.3.1/../../../../arm-none-eabi/lib/thumb/v7e-m+fp/hard/libm.a(libm_a-k_sin.o)
 .debug_frame   0x00003480       0x20 /opt/ST/STM32CubeCLT_1.16.0/GNU-tools-for-STM32/bin/../lib/gcc/arm-none-eabi/12.3.1/../../../../arm-none-eabi/lib/thumb/v7e-m+fp/hard/libm.a(libm_a-s_fabs.o)
 .debug_frame   0x000034a0       0x2c /opt/ST/STM32CubeCLT_1.16.0/GNU-tools-for-STM32/bin/../lib/gcc/arm-none-eabi/12.3.1/../../../../arm-none-eabi/lib/thumb/v7e-m+fp/hard/libm.a(libm_a-s_scalbn.o)
 .debug_frame   0x000034cc       0x30 /opt/ST/STM32CubeCLT_1.16.0/GNU-tools-for-STM32/bin/../lib/gcc/arm-none-eabi/12.3.1/../../../../arm-none-eabi/lib/thumb/v7e-m+fp/hard/libm.a(libm_a-s_floor.o)
 .debug_frame   0x000034fc       0x30 /opt/ST/STM32CubeCLT_1.16.0/GNU-tools-for-STM32/bin/../lib/gcc/arm-none-eabi/12.3.1/thumb/v7e-m+fp/hard/libgcc.a(_arm_muldf3.o)
 .debug_frame   0x0000352c       0xac /opt/ST/STM32CubeCLT_1.16.0/GNU-tools-for-STM32/bin/../lib/gcc/arm-none-eabi/12.3.1/thumb/v7e-m+fp/hard/libgcc.a(_arm_addsubdf3.o)
 .debug_frame   0x000035d8       0xc4 /opt/ST/STM32CubeCLT_1.16.0/GNU-tools-for-STM32/bin/../lib/gcc/arm-none-eabi/12.3.1/thumb/v7e-m+fp/hard/libgcc.a(_arm_cmpdf2.o)
 .debug_frame   0x0000369c       0x24 /opt/ST/STM32CubeCLT_1.16.0/GNU-tools-for-STM32/bin/../lib/gcc/arm-none-eabi/12.3.1/thumb/v7e-m+fp/hard/libgcc.a(_arm_fixdfsi.o)
 .debug_frame   0x000036c0       0x24 /opt/ST/STM32CubeCLT_1.16.0/GNU-tools-for-STM32/bin/../lib/gcc/arm-none-eabi/12.3.1/thumb/v7e-m+fp/hard/libgcc.a(_arm_truncdfsf2.o)

Cross Reference Table

Symbol                                            File
ADC1_2_IRQHandler                                 build/startup_stm32f303x8.o
AHBPrescTable                                     build/system_stm32f3xx.o
                                                  build/stm32f3xx_hal_rcc.o
APBPrescTable                                     build/system_stm32f3xx.o
                                                  build/stm32f3xx_hal_rcc.o
BLDC_Init                                         build/bldc.o
                                                  build/app.o
BLDC_OpenLoopDrive                                build/bldc.o
BLDC_PIDControl                                   build/bldc.o
BLDC_SensorlessVectorControlDrive                 build/bldc.o
                                                  build/app.o
BLDC_VectorControlInit                            build/bldc.o
                                                  build/app.o
BusFault_Handler                                  build/stm32f3xx_it.o
CAN_RX0_IRQHandler                                build/startup_stm32f303x8.o
CAN_RX1_IRQHandler                                build/startup_stm32f303x8.o
CAN_SCE_IRQHandler                                build/startup_stm32f303x8.o
CAN_TX_IRQHandler                                 build/startup_stm32f303x8.o
COMP2_IRQHandler                                  build/startup_stm32f303x8.o
COMP4_6_IRQHandler                                build/startup_stm32f303x8.o
DMA1_Channel1_IRQHandler                          build/startup_stm32f303x8.o
DMA1_Channel2_IRQHandler                          build/startup_stm32f303x8.o
DMA1_Channel3_IRQHandler                          build/startup_stm32f303x8.o
DMA1_Channel4_IRQHandler                          build/stm32f3xx_it.o
DMA1_Channel5_IRQHandler                          build/startup_stm32f303x8.o
DMA1_Channel6_IRQHandler                          build/startup_stm32f303x8.o
DMA1_Channel7_IRQHandler                          build/startup_stm32f303x8.o
DebugMon_Handler                                  build/stm32f3xx_it.o
Default_Handler                                   build/startup_stm32f303x8.o
EXTI0_IRQHandler                                  build/startup_stm32f303x8.o
EXTI15_10_IRQHandler                              build/startup_stm32f303x8.o
EXTI1_IRQHandler                                  build/startup_stm32f303x8.o
EXTI2_TSC_IRQHandler                              build/startup_stm32f303x8.o
EXTI3_IRQHandler                                  build/startup_stm32f303x8.o
EXTI4_IRQHandler                                  build/startup_stm32f303x8.o
EXTI9_5_IRQHandler                                build/startup_stm32f303x8.o
Error_Handler                                     build/main.o
                                                  build/usart.o
                                                  build/adc.o
                                                  build/tim.o
FLASH_IRQHandler                                  build/startup_stm32f303x8.o
FLASH_PageErase                                   build/stm32f3xx_hal_flash_ex.o
                                                  build/stm32f3xx_hal_flash.o
FLASH_WaitForLastOperation                        build/stm32f3xx_hal_flash.o
                                                  build/stm32f3xx_hal_flash_ex.o
FPU_IRQHandler                                    build/startup_stm32f303x8.o
HAL_ADCEx_Calibration_GetValue                    build/stm32f3xx_hal_adc_ex.o
HAL_ADCEx_Calibration_SetValue                    build/stm32f3xx_hal_adc_ex.o
HAL_ADCEx_Calibration_Start                       build/stm32f3xx_hal_adc_ex.o
HAL_ADCEx_InjectedConfigChannel                   build/stm32f3xx_hal_adc_ex.o
HAL_ADCEx_InjectedConvCpltCallback                build/stm32f3xx_hal_adc_ex.o
HAL_ADCEx_InjectedGetValue                        build/stm32f3xx_hal_adc_ex.o
HAL_ADCEx_InjectedPollForConversion               build/stm32f3xx_hal_adc_ex.o
HAL_ADCEx_InjectedQueueOverflowCallback           build/stm32f3xx_hal_adc_ex.o
HAL_ADCEx_InjectedStart                           build/stm32f3xx_hal_adc_ex.o
HAL_ADCEx_InjectedStart_IT                        build/stm32f3xx_hal_adc_ex.o
HAL_ADCEx_InjectedStop                            build/stm32f3xx_hal_adc_ex.o
HAL_ADCEx_InjectedStop_IT                         build/stm32f3xx_hal_adc_ex.o
HAL_ADCEx_LevelOutOfWindow2Callback               build/stm32f3xx_hal_adc_ex.o
HAL_ADCEx_LevelOutOfWindow3Callback               build/stm32f3xx_hal_adc_ex.o
HAL_ADCEx_MultiModeConfigChannel                  build/stm32f3xx_hal_adc_ex.o
HAL_ADCEx_MultiModeGetValue                       build/stm32f3xx_hal_adc_ex.o
HAL_ADCEx_MultiModeStart_DMA                      build/stm32f3xx_hal_adc_ex.o
HAL_ADCEx_MultiModeStop_DMA                       build/stm32f3xx_hal_adc_ex.o
HAL_ADCEx_RegularMultiModeStop_DMA                build/stm32f3xx_hal_adc_ex.o
HAL_ADCEx_RegularStop                             build/stm32f3xx_hal_adc_ex.o
HAL_ADCEx_RegularStop_DMA                         build/stm32f3xx_hal_adc_ex.o
HAL_ADCEx_RegularStop_IT                          build/stm32f3xx_hal_adc_ex.o
HAL_ADC_AnalogWDGConfig                           build/stm32f3xx_hal_adc_ex.o
                                                  build/stm32f3xx_hal_adc.o
HAL_ADC_ConfigChannel                             build/stm32f3xx_hal_adc_ex.o
                                                  build/stm32f3xx_hal_adc.o
                                                  build/adc.o
HAL_ADC_ConvCpltCallback                          build/stm32f3xx_hal_adc.o
                                                  build/stm32f3xx_hal_adc_ex.o
HAL_ADC_ConvHalfCpltCallback                      build/stm32f3xx_hal_adc.o
                                                  build/stm32f3xx_hal_adc_ex.o
HAL_ADC_DeInit                                    build/stm32f3xx_hal_adc_ex.o
                                                  build/stm32f3xx_hal_adc.o
HAL_ADC_ErrorCallback                             build/stm32f3xx_hal_adc.o
                                                  build/stm32f3xx_hal_adc_ex.o