ARM GAS  /var/folders/5c/srt4fy4j1pd641bjfx75k5000000gn/T//ccK2JBwB.s 			page 1


   1              		.cpu cortex-m4
   2              		.arch armv7e-m
   3              		.fpu fpv4-sp-d16
   4              		.eabi_attribute 27, 1
   5              		.eabi_attribute 28, 1
   6              		.eabi_attribute 20, 1
   7              		.eabi_attribute 21, 1
   8              		.eabi_attribute 23, 3
   9              		.eabi_attribute 24, 1
  10              		.eabi_attribute 25, 1
  11              		.eabi_attribute 26, 1
  12              		.eabi_attribute 30, 1
  13              		.eabi_attribute 34, 1
  14              		.eabi_attribute 18, 4
  15              		.file	"tim.c"
  16              		.text
  17              	.Ltext0:
  18              		.cfi_sections	.debug_frame
  19              		.file 1 "Core/Src/tim.c"
  20              		.section	.text.HAL_TIM_Base_MspInit,"ax",%progbits
  21              		.align	1
  22              		.global	HAL_TIM_Base_MspInit
  23              		.syntax unified
  24              		.thumb
  25              		.thumb_func
  27              	HAL_TIM_Base_MspInit:
  28              	.LVL0:
  29              	.LFB126:
   1:Core/Src/tim.c **** /* USER CODE BEGIN Header */
   2:Core/Src/tim.c **** /**
   3:Core/Src/tim.c ****   ******************************************************************************
   4:Core/Src/tim.c ****   * @file    tim.c
   5:Core/Src/tim.c ****   * @brief   This file provides code for the configuration
   6:Core/Src/tim.c ****   *          of the TIM instances.
   7:Core/Src/tim.c ****   ******************************************************************************
   8:Core/Src/tim.c ****   * @attention
   9:Core/Src/tim.c ****   *
  10:Core/Src/tim.c ****   * Copyright (c) 2025 STMicroelectronics.
  11:Core/Src/tim.c ****   * All rights reserved.
  12:Core/Src/tim.c ****   *
  13:Core/Src/tim.c ****   * This software is licensed under terms that can be found in the LICENSE file
  14:Core/Src/tim.c ****   * in the root directory of this software component.
  15:Core/Src/tim.c ****   * If no LICENSE file comes with this software, it is provided AS-IS.
  16:Core/Src/tim.c ****   *
  17:Core/Src/tim.c ****   ******************************************************************************
  18:Core/Src/tim.c ****   */
  19:Core/Src/tim.c **** /* USER CODE END Header */
  20:Core/Src/tim.c **** /* Includes ------------------------------------------------------------------*/
  21:Core/Src/tim.c **** #include "tim.h"
  22:Core/Src/tim.c **** 
  23:Core/Src/tim.c **** /* USER CODE BEGIN 0 */
  24:Core/Src/tim.c **** 
  25:Core/Src/tim.c **** /* USER CODE END 0 */
  26:Core/Src/tim.c **** 
  27:Core/Src/tim.c **** TIM_HandleTypeDef htim1;
  28:Core/Src/tim.c **** TIM_HandleTypeDef htim2;
  29:Core/Src/tim.c **** TIM_HandleTypeDef htim3;
ARM GAS  /var/folders/5c/srt4fy4j1pd641bjfx75k5000000gn/T//ccK2JBwB.s 			page 2


  30:Core/Src/tim.c **** 
  31:Core/Src/tim.c **** /* TIM1 init function */
  32:Core/Src/tim.c **** void MX_TIM1_Init(void)
  33:Core/Src/tim.c **** {
  34:Core/Src/tim.c **** 
  35:Core/Src/tim.c ****   /* USER CODE BEGIN TIM1_Init 0 */
  36:Core/Src/tim.c **** 
  37:Core/Src/tim.c ****   /* USER CODE END TIM1_Init 0 */
  38:Core/Src/tim.c **** 
  39:Core/Src/tim.c ****   TIM_ClockConfigTypeDef sClockSourceConfig = {0};
  40:Core/Src/tim.c ****   TIM_MasterConfigTypeDef sMasterConfig = {0};
  41:Core/Src/tim.c ****   TIM_OC_InitTypeDef sConfigOC = {0};
  42:Core/Src/tim.c ****   TIM_BreakDeadTimeConfigTypeDef sBreakDeadTimeConfig = {0};
  43:Core/Src/tim.c **** 
  44:Core/Src/tim.c ****   /* USER CODE BEGIN TIM1_Init 1 */
  45:Core/Src/tim.c **** 
  46:Core/Src/tim.c ****   /* USER CODE END TIM1_Init 1 */
  47:Core/Src/tim.c ****   htim1.Instance = TIM1;
  48:Core/Src/tim.c ****   htim1.Init.Prescaler = 1;
  49:Core/Src/tim.c ****   htim1.Init.CounterMode = TIM_COUNTERMODE_UP;
  50:Core/Src/tim.c ****   htim1.Init.Period = 299;
  51:Core/Src/tim.c ****   htim1.Init.ClockDivision = TIM_CLOCKDIVISION_DIV1;
  52:Core/Src/tim.c ****   htim1.Init.RepetitionCounter = 0;
  53:Core/Src/tim.c ****   htim1.Init.AutoReloadPreload = TIM_AUTORELOAD_PRELOAD_DISABLE;
  54:Core/Src/tim.c ****   if (HAL_TIM_Base_Init(&htim1) != HAL_OK)
  55:Core/Src/tim.c ****   {
  56:Core/Src/tim.c ****     Error_Handler();
  57:Core/Src/tim.c ****   }
  58:Core/Src/tim.c ****   sClockSourceConfig.ClockSource = TIM_CLOCKSOURCE_INTERNAL;
  59:Core/Src/tim.c ****   if (HAL_TIM_ConfigClockSource(&htim1, &sClockSourceConfig) != HAL_OK)
  60:Core/Src/tim.c ****   {
  61:Core/Src/tim.c ****     Error_Handler();
  62:Core/Src/tim.c ****   }
  63:Core/Src/tim.c ****   if (HAL_TIM_PWM_Init(&htim1) != HAL_OK)
  64:Core/Src/tim.c ****   {
  65:Core/Src/tim.c ****     Error_Handler();
  66:Core/Src/tim.c ****   }
  67:Core/Src/tim.c ****   sMasterConfig.MasterOutputTrigger = TIM_TRGO_RESET;
  68:Core/Src/tim.c ****   sMasterConfig.MasterOutputTrigger2 = TIM_TRGO2_RESET;
  69:Core/Src/tim.c ****   sMasterConfig.MasterSlaveMode = TIM_MASTERSLAVEMODE_DISABLE;
  70:Core/Src/tim.c ****   if (HAL_TIMEx_MasterConfigSynchronization(&htim1, &sMasterConfig) != HAL_OK)
  71:Core/Src/tim.c ****   {
  72:Core/Src/tim.c ****     Error_Handler();
  73:Core/Src/tim.c ****   }
  74:Core/Src/tim.c ****   sConfigOC.OCMode = TIM_OCMODE_PWM1;
  75:Core/Src/tim.c ****   sConfigOC.Pulse = 0;
  76:Core/Src/tim.c ****   sConfigOC.OCPolarity = TIM_OCPOLARITY_HIGH;
  77:Core/Src/tim.c ****   sConfigOC.OCNPolarity = TIM_OCNPOLARITY_HIGH;
  78:Core/Src/tim.c ****   sConfigOC.OCFastMode = TIM_OCFAST_DISABLE;
  79:Core/Src/tim.c ****   sConfigOC.OCIdleState = TIM_OCIDLESTATE_RESET;
  80:Core/Src/tim.c ****   sConfigOC.OCNIdleState = TIM_OCNIDLESTATE_RESET;
  81:Core/Src/tim.c ****   if (HAL_TIM_PWM_ConfigChannel(&htim1, &sConfigOC, TIM_CHANNEL_1) != HAL_OK)
  82:Core/Src/tim.c ****   {
  83:Core/Src/tim.c ****     Error_Handler();
  84:Core/Src/tim.c ****   }
  85:Core/Src/tim.c ****   if (HAL_TIM_PWM_ConfigChannel(&htim1, &sConfigOC, TIM_CHANNEL_2) != HAL_OK)
  86:Core/Src/tim.c ****   {
ARM GAS  /var/folders/5c/srt4fy4j1pd641bjfx75k5000000gn/T//ccK2JBwB.s 			page 3


  87:Core/Src/tim.c ****     Error_Handler();
  88:Core/Src/tim.c ****   }
  89:Core/Src/tim.c ****   if (HAL_TIM_PWM_ConfigChannel(&htim1, &sConfigOC, TIM_CHANNEL_3) != HAL_OK)
  90:Core/Src/tim.c ****   {
  91:Core/Src/tim.c ****     Error_Handler();
  92:Core/Src/tim.c ****   }
  93:Core/Src/tim.c ****   sBreakDeadTimeConfig.OffStateRunMode = TIM_OSSR_DISABLE;
  94:Core/Src/tim.c ****   sBreakDeadTimeConfig.OffStateIDLEMode = TIM_OSSI_DISABLE;
  95:Core/Src/tim.c ****   sBreakDeadTimeConfig.LockLevel = TIM_LOCKLEVEL_OFF;
  96:Core/Src/tim.c ****   sBreakDeadTimeConfig.DeadTime = 10;
  97:Core/Src/tim.c ****   sBreakDeadTimeConfig.BreakState = TIM_BREAK_DISABLE;
  98:Core/Src/tim.c ****   sBreakDeadTimeConfig.BreakPolarity = TIM_BREAKPOLARITY_HIGH;
  99:Core/Src/tim.c ****   sBreakDeadTimeConfig.BreakFilter = 0;
 100:Core/Src/tim.c ****   sBreakDeadTimeConfig.Break2State = TIM_BREAK2_DISABLE;
 101:Core/Src/tim.c ****   sBreakDeadTimeConfig.Break2Polarity = TIM_BREAK2POLARITY_HIGH;
 102:Core/Src/tim.c ****   sBreakDeadTimeConfig.Break2Filter = 0;
 103:Core/Src/tim.c ****   sBreakDeadTimeConfig.AutomaticOutput = TIM_AUTOMATICOUTPUT_DISABLE;
 104:Core/Src/tim.c ****   if (HAL_TIMEx_ConfigBreakDeadTime(&htim1, &sBreakDeadTimeConfig) != HAL_OK)
 105:Core/Src/tim.c ****   {
 106:Core/Src/tim.c ****     Error_Handler();
 107:Core/Src/tim.c ****   }
 108:Core/Src/tim.c ****   /* USER CODE BEGIN TIM1_Init 2 */
 109:Core/Src/tim.c **** 
 110:Core/Src/tim.c ****   /* USER CODE END TIM1_Init 2 */
 111:Core/Src/tim.c ****   HAL_TIM_MspPostInit(&htim1);
 112:Core/Src/tim.c **** 
 113:Core/Src/tim.c **** }
 114:Core/Src/tim.c **** /* TIM2 init function */
 115:Core/Src/tim.c **** void MX_TIM2_Init(void)
 116:Core/Src/tim.c **** {
 117:Core/Src/tim.c **** 
 118:Core/Src/tim.c ****   /* USER CODE BEGIN TIM2_Init 0 */
 119:Core/Src/tim.c **** 
 120:Core/Src/tim.c ****   /* USER CODE END TIM2_Init 0 */
 121:Core/Src/tim.c **** 
 122:Core/Src/tim.c ****   TIM_MasterConfigTypeDef sMasterConfig = {0};
 123:Core/Src/tim.c ****   TIM_OC_InitTypeDef sConfigOC = {0};
 124:Core/Src/tim.c **** 
 125:Core/Src/tim.c ****   /* USER CODE BEGIN TIM2_Init 1 */
 126:Core/Src/tim.c **** 
 127:Core/Src/tim.c ****   /* USER CODE END TIM2_Init 1 */
 128:Core/Src/tim.c ****   htim2.Instance = TIM2;
 129:Core/Src/tim.c ****   htim2.Init.Prescaler = 9;
 130:Core/Src/tim.c ****   htim2.Init.CounterMode = TIM_COUNTERMODE_UP;
 131:Core/Src/tim.c ****   htim2.Init.Period = 2999;
 132:Core/Src/tim.c ****   htim2.Init.ClockDivision = TIM_CLOCKDIVISION_DIV1;
 133:Core/Src/tim.c ****   htim2.Init.AutoReloadPreload = TIM_AUTORELOAD_PRELOAD_DISABLE;
 134:Core/Src/tim.c ****   if (HAL_TIM_PWM_Init(&htim2) != HAL_OK)
 135:Core/Src/tim.c ****   {
 136:Core/Src/tim.c ****     Error_Handler();
 137:Core/Src/tim.c ****   }
 138:Core/Src/tim.c ****   sMasterConfig.MasterOutputTrigger = TIM_TRGO_RESET;
 139:Core/Src/tim.c ****   sMasterConfig.MasterSlaveMode = TIM_MASTERSLAVEMODE_DISABLE;
 140:Core/Src/tim.c ****   if (HAL_TIMEx_MasterConfigSynchronization(&htim2, &sMasterConfig) != HAL_OK)
 141:Core/Src/tim.c ****   {
 142:Core/Src/tim.c ****     Error_Handler();
 143:Core/Src/tim.c ****   }
ARM GAS  /var/folders/5c/srt4fy4j1pd641bjfx75k5000000gn/T//ccK2JBwB.s 			page 4


 144:Core/Src/tim.c ****   sConfigOC.OCMode = TIM_OCMODE_PWM1;
 145:Core/Src/tim.c ****   sConfigOC.Pulse = 0;
 146:Core/Src/tim.c ****   sConfigOC.OCPolarity = TIM_OCPOLARITY_HIGH;
 147:Core/Src/tim.c ****   sConfigOC.OCFastMode = TIM_OCFAST_DISABLE;
 148:Core/Src/tim.c ****   if (HAL_TIM_PWM_ConfigChannel(&htim2, &sConfigOC, TIM_CHANNEL_1) != HAL_OK)
 149:Core/Src/tim.c ****   {
 150:Core/Src/tim.c ****     Error_Handler();
 151:Core/Src/tim.c ****   }
 152:Core/Src/tim.c ****   if (HAL_TIM_PWM_ConfigChannel(&htim2, &sConfigOC, TIM_CHANNEL_2) != HAL_OK)
 153:Core/Src/tim.c ****   {
 154:Core/Src/tim.c ****     Error_Handler();
 155:Core/Src/tim.c ****   }
 156:Core/Src/tim.c ****   /* USER CODE BEGIN TIM2_Init 2 */
 157:Core/Src/tim.c **** 
 158:Core/Src/tim.c ****   /* USER CODE END TIM2_Init 2 */
 159:Core/Src/tim.c ****   HAL_TIM_MspPostInit(&htim2);
 160:Core/Src/tim.c **** 
 161:Core/Src/tim.c **** }
 162:Core/Src/tim.c **** /* TIM3 init function */
 163:Core/Src/tim.c **** void MX_TIM3_Init(void)
 164:Core/Src/tim.c **** {
 165:Core/Src/tim.c **** 
 166:Core/Src/tim.c ****   /* USER CODE BEGIN TIM3_Init 0 */
 167:Core/Src/tim.c **** 
 168:Core/Src/tim.c ****   /* USER CODE END TIM3_Init 0 */
 169:Core/Src/tim.c **** 
 170:Core/Src/tim.c ****   TIM_MasterConfigTypeDef sMasterConfig = {0};
 171:Core/Src/tim.c ****   TIM_OC_InitTypeDef sConfigOC = {0};
 172:Core/Src/tim.c **** 
 173:Core/Src/tim.c ****   /* USER CODE BEGIN TIM3_Init 1 */
 174:Core/Src/tim.c **** 
 175:Core/Src/tim.c ****   /* USER CODE END TIM3_Init 1 */
 176:Core/Src/tim.c ****   htim3.Instance = TIM3;
 177:Core/Src/tim.c ****   htim3.Init.Prescaler = 9;
 178:Core/Src/tim.c ****   htim3.Init.CounterMode = TIM_COUNTERMODE_UP;
 179:Core/Src/tim.c ****   htim3.Init.Period = 2999;
 180:Core/Src/tim.c ****   htim3.Init.ClockDivision = TIM_CLOCKDIVISION_DIV1;
 181:Core/Src/tim.c ****   htim3.Init.AutoReloadPreload = TIM_AUTORELOAD_PRELOAD_DISABLE;
 182:Core/Src/tim.c ****   if (HAL_TIM_PWM_Init(&htim3) != HAL_OK)
 183:Core/Src/tim.c ****   {
 184:Core/Src/tim.c ****     Error_Handler();
 185:Core/Src/tim.c ****   }
 186:Core/Src/tim.c ****   sMasterConfig.MasterOutputTrigger = TIM_TRGO_RESET;
 187:Core/Src/tim.c ****   sMasterConfig.MasterSlaveMode = TIM_MASTERSLAVEMODE_DISABLE;
 188:Core/Src/tim.c ****   if (HAL_TIMEx_MasterConfigSynchronization(&htim3, &sMasterConfig) != HAL_OK)
 189:Core/Src/tim.c ****   {
 190:Core/Src/tim.c ****     Error_Handler();
 191:Core/Src/tim.c ****   }
 192:Core/Src/tim.c ****   sConfigOC.OCMode = TIM_OCMODE_PWM1;
 193:Core/Src/tim.c ****   sConfigOC.Pulse = 0;
 194:Core/Src/tim.c ****   sConfigOC.OCPolarity = TIM_OCPOLARITY_HIGH;
 195:Core/Src/tim.c ****   sConfigOC.OCFastMode = TIM_OCFAST_DISABLE;
 196:Core/Src/tim.c ****   if (HAL_TIM_PWM_ConfigChannel(&htim3, &sConfigOC, TIM_CHANNEL_1) != HAL_OK)
 197:Core/Src/tim.c ****   {
 198:Core/Src/tim.c ****     Error_Handler();
 199:Core/Src/tim.c ****   }
 200:Core/Src/tim.c ****   if (HAL_TIM_PWM_ConfigChannel(&htim3, &sConfigOC, TIM_CHANNEL_2) != HAL_OK)
ARM GAS  /var/folders/5c/srt4fy4j1pd641bjfx75k5000000gn/T//ccK2JBwB.s 			page 5


 201:Core/Src/tim.c ****   {
 202:Core/Src/tim.c ****     Error_Handler();
 203:Core/Src/tim.c ****   }
 204:Core/Src/tim.c ****   /* USER CODE BEGIN TIM3_Init 2 */
 205:Core/Src/tim.c **** 
 206:Core/Src/tim.c ****   /* USER CODE END TIM3_Init 2 */
 207:Core/Src/tim.c ****   HAL_TIM_MspPostInit(&htim3);
 208:Core/Src/tim.c **** 
 209:Core/Src/tim.c **** }
 210:Core/Src/tim.c **** 
 211:Core/Src/tim.c **** void HAL_TIM_Base_MspInit(TIM_HandleTypeDef* tim_baseHandle)
 212:Core/Src/tim.c **** {
  30              		.loc 1 212 1 view -0
  31              		.cfi_startproc
  32              		@ args = 0, pretend = 0, frame = 8
  33              		@ frame_needed = 0, uses_anonymous_args = 0
  34              		@ link register save eliminated.
 213:Core/Src/tim.c **** 
 214:Core/Src/tim.c ****   if(tim_baseHandle->Instance==TIM1)
  35              		.loc 1 214 3 view .LVU1
  36              		.loc 1 214 20 is_stmt 0 view .LVU2
  37 0000 0268     		ldr	r2, [r0]
  38              		.loc 1 214 5 view .LVU3
  39 0002 094B     		ldr	r3, .L8
  40 0004 9A42     		cmp	r2, r3
  41 0006 00D0     		beq	.L7
  42 0008 7047     		bx	lr
  43              	.L7:
 212:Core/Src/tim.c **** 
  44              		.loc 1 212 1 view .LVU4
  45 000a 82B0     		sub	sp, sp, #8
  46              	.LCFI0:
  47              		.cfi_def_cfa_offset 8
 215:Core/Src/tim.c ****   {
 216:Core/Src/tim.c ****   /* USER CODE BEGIN TIM1_MspInit 0 */
 217:Core/Src/tim.c **** 
 218:Core/Src/tim.c ****   /* USER CODE END TIM1_MspInit 0 */
 219:Core/Src/tim.c ****     /* TIM1 clock enable */
 220:Core/Src/tim.c ****     __HAL_RCC_TIM1_CLK_ENABLE();
  48              		.loc 1 220 5 is_stmt 1 view .LVU5
  49              	.LBB2:
  50              		.loc 1 220 5 view .LVU6
  51              		.loc 1 220 5 view .LVU7
  52 000c 03F56443 		add	r3, r3, #58368
  53 0010 9A69     		ldr	r2, [r3, #24]
  54 0012 42F40062 		orr	r2, r2, #2048
  55 0016 9A61     		str	r2, [r3, #24]
  56              		.loc 1 220 5 view .LVU8
  57 0018 9B69     		ldr	r3, [r3, #24]
  58 001a 03F40063 		and	r3, r3, #2048
  59 001e 0193     		str	r3, [sp, #4]
  60              		.loc 1 220 5 view .LVU9
  61 0020 019B     		ldr	r3, [sp, #4]
  62              	.LBE2:
  63              		.loc 1 220 5 view .LVU10
 221:Core/Src/tim.c ****   /* USER CODE BEGIN TIM1_MspInit 1 */
 222:Core/Src/tim.c **** 
ARM GAS  /var/folders/5c/srt4fy4j1pd641bjfx75k5000000gn/T//ccK2JBwB.s 			page 6


 223:Core/Src/tim.c ****   /* USER CODE END TIM1_MspInit 1 */
 224:Core/Src/tim.c ****   }
 225:Core/Src/tim.c **** }
  64              		.loc 1 225 1 is_stmt 0 view .LVU11
  65 0022 02B0     		add	sp, sp, #8
  66              	.LCFI1:
  67              		.cfi_def_cfa_offset 0
  68              		@ sp needed
  69 0024 7047     		bx	lr
  70              	.L9:
  71 0026 00BF     		.align	2
  72              	.L8:
  73 0028 002C0140 		.word	1073818624
  74              		.cfi_endproc
  75              	.LFE126:
  77              		.section	.text.HAL_TIM_PWM_MspInit,"ax",%progbits
  78              		.align	1
  79              		.global	HAL_TIM_PWM_MspInit
  80              		.syntax unified
  81              		.thumb
  82              		.thumb_func
  84              	HAL_TIM_PWM_MspInit:
  85              	.LVL1:
  86              	.LFB127:
 226:Core/Src/tim.c **** 
 227:Core/Src/tim.c **** void HAL_TIM_PWM_MspInit(TIM_HandleTypeDef* tim_pwmHandle)
 228:Core/Src/tim.c **** {
  87              		.loc 1 228 1 is_stmt 1 view -0
  88              		.cfi_startproc
  89              		@ args = 0, pretend = 0, frame = 8
  90              		@ frame_needed = 0, uses_anonymous_args = 0
  91              		@ link register save eliminated.
  92              		.loc 1 228 1 is_stmt 0 view .LVU13
  93 0000 82B0     		sub	sp, sp, #8
  94              	.LCFI2:
  95              		.cfi_def_cfa_offset 8
 229:Core/Src/tim.c **** 
 230:Core/Src/tim.c ****   if(tim_pwmHandle->Instance==TIM2)
  96              		.loc 1 230 3 is_stmt 1 view .LVU14
  97              		.loc 1 230 19 is_stmt 0 view .LVU15
  98 0002 0368     		ldr	r3, [r0]
  99              		.loc 1 230 5 view .LVU16
 100 0004 B3F1804F 		cmp	r3, #1073741824
 101 0008 04D0     		beq	.L14
 231:Core/Src/tim.c ****   {
 232:Core/Src/tim.c ****   /* USER CODE BEGIN TIM2_MspInit 0 */
 233:Core/Src/tim.c **** 
 234:Core/Src/tim.c ****   /* USER CODE END TIM2_MspInit 0 */
 235:Core/Src/tim.c ****     /* TIM2 clock enable */
 236:Core/Src/tim.c ****     __HAL_RCC_TIM2_CLK_ENABLE();
 237:Core/Src/tim.c ****   /* USER CODE BEGIN TIM2_MspInit 1 */
 238:Core/Src/tim.c **** 
 239:Core/Src/tim.c ****   /* USER CODE END TIM2_MspInit 1 */
 240:Core/Src/tim.c ****   }
 241:Core/Src/tim.c ****   else if(tim_pwmHandle->Instance==TIM3)
 102              		.loc 1 241 8 is_stmt 1 view .LVU17
 103              		.loc 1 241 10 is_stmt 0 view .LVU18
ARM GAS  /var/folders/5c/srt4fy4j1pd641bjfx75k5000000gn/T//ccK2JBwB.s 			page 7


 104 000a 0E4A     		ldr	r2, .L16
 105 000c 9342     		cmp	r3, r2
 106 000e 0DD0     		beq	.L15
 107              	.L10:
 242:Core/Src/tim.c ****   {
 243:Core/Src/tim.c ****   /* USER CODE BEGIN TIM3_MspInit 0 */
 244:Core/Src/tim.c **** 
 245:Core/Src/tim.c ****   /* USER CODE END TIM3_MspInit 0 */
 246:Core/Src/tim.c ****     /* TIM3 clock enable */
 247:Core/Src/tim.c ****     __HAL_RCC_TIM3_CLK_ENABLE();
 248:Core/Src/tim.c ****   /* USER CODE BEGIN TIM3_MspInit 1 */
 249:Core/Src/tim.c **** 
 250:Core/Src/tim.c ****   /* USER CODE END TIM3_MspInit 1 */
 251:Core/Src/tim.c ****   }
 252:Core/Src/tim.c **** }
 108              		.loc 1 252 1 view .LVU19
 109 0010 02B0     		add	sp, sp, #8
 110              	.LCFI3:
 111              		.cfi_remember_state
 112              		.cfi_def_cfa_offset 0
 113              		@ sp needed
 114 0012 7047     		bx	lr
 115              	.L14:
 116              	.LCFI4:
 117              		.cfi_restore_state
 236:Core/Src/tim.c ****   /* USER CODE BEGIN TIM2_MspInit 1 */
 118              		.loc 1 236 5 is_stmt 1 view .LVU20
 119              	.LBB3:
 236:Core/Src/tim.c ****   /* USER CODE BEGIN TIM2_MspInit 1 */
 120              		.loc 1 236 5 view .LVU21
 236:Core/Src/tim.c ****   /* USER CODE BEGIN TIM2_MspInit 1 */
 121              		.loc 1 236 5 view .LVU22
 122 0014 03F50433 		add	r3, r3, #135168
 123 0018 DA69     		ldr	r2, [r3, #28]
 124 001a 42F00102 		orr	r2, r2, #1
 125 001e DA61     		str	r2, [r3, #28]
 236:Core/Src/tim.c ****   /* USER CODE BEGIN TIM2_MspInit 1 */
 126              		.loc 1 236 5 view .LVU23
 127 0020 DB69     		ldr	r3, [r3, #28]
 128 0022 03F00103 		and	r3, r3, #1
 129 0026 0093     		str	r3, [sp]
 236:Core/Src/tim.c ****   /* USER CODE BEGIN TIM2_MspInit 1 */
 130              		.loc 1 236 5 view .LVU24
 131 0028 009B     		ldr	r3, [sp]
 132              	.LBE3:
 236:Core/Src/tim.c ****   /* USER CODE BEGIN TIM2_MspInit 1 */
 133              		.loc 1 236 5 view .LVU25
 134 002a F1E7     		b	.L10
 135              	.L15:
 247:Core/Src/tim.c ****   /* USER CODE BEGIN TIM3_MspInit 1 */
 136              		.loc 1 247 5 view .LVU26
 137              	.LBB4:
 247:Core/Src/tim.c ****   /* USER CODE BEGIN TIM3_MspInit 1 */
 138              		.loc 1 247 5 view .LVU27
 247:Core/Src/tim.c ****   /* USER CODE BEGIN TIM3_MspInit 1 */
 139              		.loc 1 247 5 view .LVU28
 140 002c 064B     		ldr	r3, .L16+4
ARM GAS  /var/folders/5c/srt4fy4j1pd641bjfx75k5000000gn/T//ccK2JBwB.s 			page 8


 141 002e DA69     		ldr	r2, [r3, #28]
 142 0030 42F00202 		orr	r2, r2, #2
 143 0034 DA61     		str	r2, [r3, #28]
 247:Core/Src/tim.c ****   /* USER CODE BEGIN TIM3_MspInit 1 */
 144              		.loc 1 247 5 view .LVU29
 145 0036 DB69     		ldr	r3, [r3, #28]
 146 0038 03F00203 		and	r3, r3, #2
 147 003c 0193     		str	r3, [sp, #4]
 247:Core/Src/tim.c ****   /* USER CODE BEGIN TIM3_MspInit 1 */
 148              		.loc 1 247 5 view .LVU30
 149 003e 019B     		ldr	r3, [sp, #4]
 150              	.LBE4:
 247:Core/Src/tim.c ****   /* USER CODE BEGIN TIM3_MspInit 1 */
 151              		.loc 1 247 5 view .LVU31
 152              		.loc 1 252 1 is_stmt 0 view .LVU32
 153 0040 E6E7     		b	.L10
 154              	.L17:
 155 0042 00BF     		.align	2
 156              	.L16:
 157 0044 00040040 		.word	1073742848
 158 0048 00100240 		.word	1073876992
 159              		.cfi_endproc
 160              	.LFE127:
 162              		.section	.text.HAL_TIM_MspPostInit,"ax",%progbits
 163              		.align	1
 164              		.global	HAL_TIM_MspPostInit
 165              		.syntax unified
 166              		.thumb
 167              		.thumb_func
 169              	HAL_TIM_MspPostInit:
 170              	.LVL2:
 171              	.LFB128:
 253:Core/Src/tim.c **** void HAL_TIM_MspPostInit(TIM_HandleTypeDef* timHandle)
 254:Core/Src/tim.c **** {
 172              		.loc 1 254 1 is_stmt 1 view -0
 173              		.cfi_startproc
 174              		@ args = 0, pretend = 0, frame = 40
 175              		@ frame_needed = 0, uses_anonymous_args = 0
 176              		.loc 1 254 1 is_stmt 0 view .LVU34
 177 0000 30B5     		push	{r4, r5, lr}
 178              	.LCFI5:
 179              		.cfi_def_cfa_offset 12
 180              		.cfi_offset 4, -12
 181              		.cfi_offset 5, -8
 182              		.cfi_offset 14, -4
 183 0002 8BB0     		sub	sp, sp, #44
 184              	.LCFI6:
 185              		.cfi_def_cfa_offset 56
 255:Core/Src/tim.c **** 
 256:Core/Src/tim.c ****   GPIO_InitTypeDef GPIO_InitStruct = {0};
 186              		.loc 1 256 3 is_stmt 1 view .LVU35
 187              		.loc 1 256 20 is_stmt 0 view .LVU36
 188 0004 0023     		movs	r3, #0
 189 0006 0593     		str	r3, [sp, #20]
 190 0008 0693     		str	r3, [sp, #24]
 191 000a 0793     		str	r3, [sp, #28]
 192 000c 0893     		str	r3, [sp, #32]
ARM GAS  /var/folders/5c/srt4fy4j1pd641bjfx75k5000000gn/T//ccK2JBwB.s 			page 9


 193 000e 0993     		str	r3, [sp, #36]
 257:Core/Src/tim.c ****   if(timHandle->Instance==TIM1)
 194              		.loc 1 257 3 is_stmt 1 view .LVU37
 195              		.loc 1 257 15 is_stmt 0 view .LVU38
 196 0010 0368     		ldr	r3, [r0]
 197              		.loc 1 257 5 view .LVU39
 198 0012 3B4A     		ldr	r2, .L26
 199 0014 9342     		cmp	r3, r2
 200 0016 07D0     		beq	.L23
 258:Core/Src/tim.c ****   {
 259:Core/Src/tim.c ****   /* USER CODE BEGIN TIM1_MspPostInit 0 */
 260:Core/Src/tim.c **** 
 261:Core/Src/tim.c ****   /* USER CODE END TIM1_MspPostInit 0 */
 262:Core/Src/tim.c ****     __HAL_RCC_GPIOA_CLK_ENABLE();
 263:Core/Src/tim.c ****     __HAL_RCC_GPIOB_CLK_ENABLE();
 264:Core/Src/tim.c ****     /**TIM1 GPIO Configuration
 265:Core/Src/tim.c ****     PA7     ------> TIM1_CH1N
 266:Core/Src/tim.c ****     PB0     ------> TIM1_CH2N
 267:Core/Src/tim.c ****     PB1     ------> TIM1_CH3N
 268:Core/Src/tim.c ****     PA8     ------> TIM1_CH1
 269:Core/Src/tim.c ****     PA9     ------> TIM1_CH2
 270:Core/Src/tim.c ****     PA10     ------> TIM1_CH3
 271:Core/Src/tim.c ****     */
 272:Core/Src/tim.c ****     GPIO_InitStruct.Pin = GPIO_PIN_7|GPIO_PIN_8|GPIO_PIN_9|GPIO_PIN_10;
 273:Core/Src/tim.c ****     GPIO_InitStruct.Mode = GPIO_MODE_AF_PP;
 274:Core/Src/tim.c ****     GPIO_InitStruct.Pull = GPIO_NOPULL;
 275:Core/Src/tim.c ****     GPIO_InitStruct.Speed = GPIO_SPEED_FREQ_LOW;
 276:Core/Src/tim.c ****     GPIO_InitStruct.Alternate = GPIO_AF6_TIM1;
 277:Core/Src/tim.c ****     HAL_GPIO_Init(GPIOA, &GPIO_InitStruct);
 278:Core/Src/tim.c **** 
 279:Core/Src/tim.c ****     GPIO_InitStruct.Pin = GPIO_PIN_0|GPIO_PIN_1;
 280:Core/Src/tim.c ****     GPIO_InitStruct.Mode = GPIO_MODE_AF_PP;
 281:Core/Src/tim.c ****     GPIO_InitStruct.Pull = GPIO_NOPULL;
 282:Core/Src/tim.c ****     GPIO_InitStruct.Speed = GPIO_SPEED_FREQ_LOW;
 283:Core/Src/tim.c ****     GPIO_InitStruct.Alternate = GPIO_AF6_TIM1;
 284:Core/Src/tim.c ****     HAL_GPIO_Init(GPIOB, &GPIO_InitStruct);
 285:Core/Src/tim.c **** 
 286:Core/Src/tim.c ****   /* USER CODE BEGIN TIM1_MspPostInit 1 */
 287:Core/Src/tim.c **** 
 288:Core/Src/tim.c ****   /* USER CODE END TIM1_MspPostInit 1 */
 289:Core/Src/tim.c ****   }
 290:Core/Src/tim.c ****   else if(timHandle->Instance==TIM2)
 201              		.loc 1 290 8 is_stmt 1 view .LVU40
 202              		.loc 1 290 10 is_stmt 0 view .LVU41
 203 0018 B3F1804F 		cmp	r3, #1073741824
 204 001c 2FD0     		beq	.L24
 291:Core/Src/tim.c ****   {
 292:Core/Src/tim.c ****   /* USER CODE BEGIN TIM2_MspPostInit 0 */
 293:Core/Src/tim.c **** 
 294:Core/Src/tim.c ****   /* USER CODE END TIM2_MspPostInit 0 */
 295:Core/Src/tim.c **** 
 296:Core/Src/tim.c ****     __HAL_RCC_GPIOA_CLK_ENABLE();
 297:Core/Src/tim.c ****     __HAL_RCC_GPIOB_CLK_ENABLE();
 298:Core/Src/tim.c ****     /**TIM2 GPIO Configuration
 299:Core/Src/tim.c ****     PA15     ------> TIM2_CH1
 300:Core/Src/tim.c ****     PB3     ------> TIM2_CH2
 301:Core/Src/tim.c ****     */
ARM GAS  /var/folders/5c/srt4fy4j1pd641bjfx75k5000000gn/T//ccK2JBwB.s 			page 10


 302:Core/Src/tim.c ****     GPIO_InitStruct.Pin = LED1_Pin;
 303:Core/Src/tim.c ****     GPIO_InitStruct.Mode = GPIO_MODE_AF_PP;
 304:Core/Src/tim.c ****     GPIO_InitStruct.Pull = GPIO_NOPULL;
 305:Core/Src/tim.c ****     GPIO_InitStruct.Speed = GPIO_SPEED_FREQ_LOW;
 306:Core/Src/tim.c ****     GPIO_InitStruct.Alternate = GPIO_AF1_TIM2;
 307:Core/Src/tim.c ****     HAL_GPIO_Init(LED1_GPIO_Port, &GPIO_InitStruct);
 308:Core/Src/tim.c **** 
 309:Core/Src/tim.c ****     GPIO_InitStruct.Pin = LED2_Pin;
 310:Core/Src/tim.c ****     GPIO_InitStruct.Mode = GPIO_MODE_AF_PP;
 311:Core/Src/tim.c ****     GPIO_InitStruct.Pull = GPIO_NOPULL;
 312:Core/Src/tim.c ****     GPIO_InitStruct.Speed = GPIO_SPEED_FREQ_LOW;
 313:Core/Src/tim.c ****     GPIO_InitStruct.Alternate = GPIO_AF1_TIM2;
 314:Core/Src/tim.c ****     HAL_GPIO_Init(LED2_GPIO_Port, &GPIO_InitStruct);
 315:Core/Src/tim.c **** 
 316:Core/Src/tim.c ****   /* USER CODE BEGIN TIM2_MspPostInit 1 */
 317:Core/Src/tim.c **** 
 318:Core/Src/tim.c ****   /* USER CODE END TIM2_MspPostInit 1 */
 319:Core/Src/tim.c ****   }
 320:Core/Src/tim.c ****   else if(timHandle->Instance==TIM3)
 205              		.loc 1 320 8 is_stmt 1 view .LVU42
 206              		.loc 1 320 10 is_stmt 0 view .LVU43
 207 001e 394A     		ldr	r2, .L26+4
 208 0020 9342     		cmp	r3, r2
 209 0022 58D0     		beq	.L25
 210              	.LVL3:
 211              	.L18:
 321:Core/Src/tim.c ****   {
 322:Core/Src/tim.c ****   /* USER CODE BEGIN TIM3_MspPostInit 0 */
 323:Core/Src/tim.c **** 
 324:Core/Src/tim.c ****   /* USER CODE END TIM3_MspPostInit 0 */
 325:Core/Src/tim.c **** 
 326:Core/Src/tim.c ****     __HAL_RCC_GPIOB_CLK_ENABLE();
 327:Core/Src/tim.c ****     /**TIM3 GPIO Configuration
 328:Core/Src/tim.c ****     PB4     ------> TIM3_CH1
 329:Core/Src/tim.c ****     PB5     ------> TIM3_CH2
 330:Core/Src/tim.c ****     */
 331:Core/Src/tim.c ****     GPIO_InitStruct.Pin = LED3_Pin|LED4_Pin;
 332:Core/Src/tim.c ****     GPIO_InitStruct.Mode = GPIO_MODE_AF_PP;
 333:Core/Src/tim.c ****     GPIO_InitStruct.Pull = GPIO_NOPULL;
 334:Core/Src/tim.c ****     GPIO_InitStruct.Speed = GPIO_SPEED_FREQ_LOW;
 335:Core/Src/tim.c ****     GPIO_InitStruct.Alternate = GPIO_AF2_TIM3;
 336:Core/Src/tim.c ****     HAL_GPIO_Init(GPIOB, &GPIO_InitStruct);
 337:Core/Src/tim.c **** 
 338:Core/Src/tim.c ****   /* USER CODE BEGIN TIM3_MspPostInit 1 */
 339:Core/Src/tim.c **** 
 340:Core/Src/tim.c ****   /* USER CODE END TIM3_MspPostInit 1 */
 341:Core/Src/tim.c ****   }
 342:Core/Src/tim.c **** 
 343:Core/Src/tim.c **** }
 212              		.loc 1 343 1 view .LVU44
 213 0024 0BB0     		add	sp, sp, #44
 214              	.LCFI7:
 215              		.cfi_remember_state
 216              		.cfi_def_cfa_offset 12
 217              		@ sp needed
 218 0026 30BD     		pop	{r4, r5, pc}
 219              	.LVL4:
ARM GAS  /var/folders/5c/srt4fy4j1pd641bjfx75k5000000gn/T//ccK2JBwB.s 			page 11


 220              	.L23:
 221              	.LCFI8:
 222              		.cfi_restore_state
 262:Core/Src/tim.c ****     __HAL_RCC_GPIOB_CLK_ENABLE();
 223              		.loc 1 262 5 is_stmt 1 view .LVU45
 224              	.LBB5:
 262:Core/Src/tim.c ****     __HAL_RCC_GPIOB_CLK_ENABLE();
 225              		.loc 1 262 5 view .LVU46
 262:Core/Src/tim.c ****     __HAL_RCC_GPIOB_CLK_ENABLE();
 226              		.loc 1 262 5 view .LVU47
 227 0028 374B     		ldr	r3, .L26+8
 228 002a 5A69     		ldr	r2, [r3, #20]
 229 002c 42F40032 		orr	r2, r2, #131072
 230 0030 5A61     		str	r2, [r3, #20]
 262:Core/Src/tim.c ****     __HAL_RCC_GPIOB_CLK_ENABLE();
 231              		.loc 1 262 5 view .LVU48
 232 0032 5A69     		ldr	r2, [r3, #20]
 233 0034 02F40032 		and	r2, r2, #131072
 234 0038 0092     		str	r2, [sp]
 262:Core/Src/tim.c ****     __HAL_RCC_GPIOB_CLK_ENABLE();
 235              		.loc 1 262 5 view .LVU49
 236 003a 009A     		ldr	r2, [sp]
 237              	.LBE5:
 262:Core/Src/tim.c ****     __HAL_RCC_GPIOB_CLK_ENABLE();
 238              		.loc 1 262 5 view .LVU50
 263:Core/Src/tim.c ****     /**TIM1 GPIO Configuration
 239              		.loc 1 263 5 view .LVU51
 240              	.LBB6:
 263:Core/Src/tim.c ****     /**TIM1 GPIO Configuration
 241              		.loc 1 263 5 view .LVU52
 263:Core/Src/tim.c ****     /**TIM1 GPIO Configuration
 242              		.loc 1 263 5 view .LVU53
 243 003c 5A69     		ldr	r2, [r3, #20]
 244 003e 42F48022 		orr	r2, r2, #262144
 245 0042 5A61     		str	r2, [r3, #20]
 263:Core/Src/tim.c ****     /**TIM1 GPIO Configuration
 246              		.loc 1 263 5 view .LVU54
 247 0044 5B69     		ldr	r3, [r3, #20]
 248 0046 03F48023 		and	r3, r3, #262144
 249 004a 0193     		str	r3, [sp, #4]
 263:Core/Src/tim.c ****     /**TIM1 GPIO Configuration
 250              		.loc 1 263 5 view .LVU55
 251 004c 019B     		ldr	r3, [sp, #4]
 252              	.LBE6:
 263:Core/Src/tim.c ****     /**TIM1 GPIO Configuration
 253              		.loc 1 263 5 view .LVU56
 272:Core/Src/tim.c ****     GPIO_InitStruct.Mode = GPIO_MODE_AF_PP;
 254              		.loc 1 272 5 view .LVU57
 272:Core/Src/tim.c ****     GPIO_InitStruct.Mode = GPIO_MODE_AF_PP;
 255              		.loc 1 272 25 is_stmt 0 view .LVU58
 256 004e 4FF4F063 		mov	r3, #1920
 257 0052 0593     		str	r3, [sp, #20]
 273:Core/Src/tim.c ****     GPIO_InitStruct.Pull = GPIO_NOPULL;
 258              		.loc 1 273 5 is_stmt 1 view .LVU59
 273:Core/Src/tim.c ****     GPIO_InitStruct.Pull = GPIO_NOPULL;
 259              		.loc 1 273 26 is_stmt 0 view .LVU60
 260 0054 0225     		movs	r5, #2
ARM GAS  /var/folders/5c/srt4fy4j1pd641bjfx75k5000000gn/T//ccK2JBwB.s 			page 12


 261 0056 0695     		str	r5, [sp, #24]
 274:Core/Src/tim.c ****     GPIO_InitStruct.Speed = GPIO_SPEED_FREQ_LOW;
 262              		.loc 1 274 5 is_stmt 1 view .LVU61
 275:Core/Src/tim.c ****     GPIO_InitStruct.Alternate = GPIO_AF6_TIM1;
 263              		.loc 1 275 5 view .LVU62
 276:Core/Src/tim.c ****     HAL_GPIO_Init(GPIOA, &GPIO_InitStruct);
 264              		.loc 1 276 5 view .LVU63
 276:Core/Src/tim.c ****     HAL_GPIO_Init(GPIOA, &GPIO_InitStruct);
 265              		.loc 1 276 31 is_stmt 0 view .LVU64
 266 0058 0624     		movs	r4, #6
 267 005a 0994     		str	r4, [sp, #36]
 277:Core/Src/tim.c **** 
 268              		.loc 1 277 5 is_stmt 1 view .LVU65
 269 005c 05A9     		add	r1, sp, #20
 270 005e 4FF09040 		mov	r0, #1207959552
 271              	.LVL5:
 277:Core/Src/tim.c **** 
 272              		.loc 1 277 5 is_stmt 0 view .LVU66
 273 0062 FFF7FEFF 		bl	HAL_GPIO_Init
 274              	.LVL6:
 279:Core/Src/tim.c ****     GPIO_InitStruct.Mode = GPIO_MODE_AF_PP;
 275              		.loc 1 279 5 is_stmt 1 view .LVU67
 279:Core/Src/tim.c ****     GPIO_InitStruct.Mode = GPIO_MODE_AF_PP;
 276              		.loc 1 279 25 is_stmt 0 view .LVU68
 277 0066 0323     		movs	r3, #3
 278 0068 0593     		str	r3, [sp, #20]
 280:Core/Src/tim.c ****     GPIO_InitStruct.Pull = GPIO_NOPULL;
 279              		.loc 1 280 5 is_stmt 1 view .LVU69
 280:Core/Src/tim.c ****     GPIO_InitStruct.Pull = GPIO_NOPULL;
 280              		.loc 1 280 26 is_stmt 0 view .LVU70
 281 006a 0695     		str	r5, [sp, #24]
 281:Core/Src/tim.c ****     GPIO_InitStruct.Speed = GPIO_SPEED_FREQ_LOW;
 282              		.loc 1 281 5 is_stmt 1 view .LVU71
 281:Core/Src/tim.c ****     GPIO_InitStruct.Speed = GPIO_SPEED_FREQ_LOW;
 283              		.loc 1 281 26 is_stmt 0 view .LVU72
 284 006c 0023     		movs	r3, #0
 285 006e 0793     		str	r3, [sp, #28]
 282:Core/Src/tim.c ****     GPIO_InitStruct.Alternate = GPIO_AF6_TIM1;
 286              		.loc 1 282 5 is_stmt 1 view .LVU73
 282:Core/Src/tim.c ****     GPIO_InitStruct.Alternate = GPIO_AF6_TIM1;
 287              		.loc 1 282 27 is_stmt 0 view .LVU74
 288 0070 0893     		str	r3, [sp, #32]
 283:Core/Src/tim.c ****     HAL_GPIO_Init(GPIOB, &GPIO_InitStruct);
 289              		.loc 1 283 5 is_stmt 1 view .LVU75
 283:Core/Src/tim.c ****     HAL_GPIO_Init(GPIOB, &GPIO_InitStruct);
 290              		.loc 1 283 31 is_stmt 0 view .LVU76
 291 0072 0994     		str	r4, [sp, #36]
 284:Core/Src/tim.c **** 
 292              		.loc 1 284 5 is_stmt 1 view .LVU77
 293 0074 05A9     		add	r1, sp, #20
 294 0076 2548     		ldr	r0, .L26+12
 295 0078 FFF7FEFF 		bl	HAL_GPIO_Init
 296              	.LVL7:
 297 007c D2E7     		b	.L18
 298              	.LVL8:
 299              	.L24:
 296:Core/Src/tim.c ****     __HAL_RCC_GPIOB_CLK_ENABLE();
ARM GAS  /var/folders/5c/srt4fy4j1pd641bjfx75k5000000gn/T//ccK2JBwB.s 			page 13


 300              		.loc 1 296 5 view .LVU78
 301              	.LBB7:
 296:Core/Src/tim.c ****     __HAL_RCC_GPIOB_CLK_ENABLE();
 302              		.loc 1 296 5 view .LVU79
 296:Core/Src/tim.c ****     __HAL_RCC_GPIOB_CLK_ENABLE();
 303              		.loc 1 296 5 view .LVU80
 304 007e 03F50433 		add	r3, r3, #135168
 305 0082 5A69     		ldr	r2, [r3, #20]
 306 0084 42F40032 		orr	r2, r2, #131072
 307 0088 5A61     		str	r2, [r3, #20]
 296:Core/Src/tim.c ****     __HAL_RCC_GPIOB_CLK_ENABLE();
 308              		.loc 1 296 5 view .LVU81
 309 008a 5A69     		ldr	r2, [r3, #20]
 310 008c 02F40032 		and	r2, r2, #131072
 311 0090 0292     		str	r2, [sp, #8]
 296:Core/Src/tim.c ****     __HAL_RCC_GPIOB_CLK_ENABLE();
 312              		.loc 1 296 5 view .LVU82
 313 0092 029A     		ldr	r2, [sp, #8]
 314              	.LBE7:
 296:Core/Src/tim.c ****     __HAL_RCC_GPIOB_CLK_ENABLE();
 315              		.loc 1 296 5 view .LVU83
 297:Core/Src/tim.c ****     /**TIM2 GPIO Configuration
 316              		.loc 1 297 5 view .LVU84
 317              	.LBB8:
 297:Core/Src/tim.c ****     /**TIM2 GPIO Configuration
 318              		.loc 1 297 5 view .LVU85
 297:Core/Src/tim.c ****     /**TIM2 GPIO Configuration
 319              		.loc 1 297 5 view .LVU86
 320 0094 5A69     		ldr	r2, [r3, #20]
 321 0096 42F48022 		orr	r2, r2, #262144
 322 009a 5A61     		str	r2, [r3, #20]
 297:Core/Src/tim.c ****     /**TIM2 GPIO Configuration
 323              		.loc 1 297 5 view .LVU87
 324 009c 5B69     		ldr	r3, [r3, #20]
 325 009e 03F48023 		and	r3, r3, #262144
 326 00a2 0393     		str	r3, [sp, #12]
 297:Core/Src/tim.c ****     /**TIM2 GPIO Configuration
 327              		.loc 1 297 5 view .LVU88
 328 00a4 039B     		ldr	r3, [sp, #12]
 329              	.LBE8:
 297:Core/Src/tim.c ****     /**TIM2 GPIO Configuration
 330              		.loc 1 297 5 view .LVU89
 302:Core/Src/tim.c ****     GPIO_InitStruct.Mode = GPIO_MODE_AF_PP;
 331              		.loc 1 302 5 view .LVU90
 302:Core/Src/tim.c ****     GPIO_InitStruct.Mode = GPIO_MODE_AF_PP;
 332              		.loc 1 302 25 is_stmt 0 view .LVU91
 333 00a6 4FF40043 		mov	r3, #32768
 334 00aa 0593     		str	r3, [sp, #20]
 303:Core/Src/tim.c ****     GPIO_InitStruct.Pull = GPIO_NOPULL;
 335              		.loc 1 303 5 is_stmt 1 view .LVU92
 303:Core/Src/tim.c ****     GPIO_InitStruct.Pull = GPIO_NOPULL;
 336              		.loc 1 303 26 is_stmt 0 view .LVU93
 337 00ac 0225     		movs	r5, #2
 338 00ae 0695     		str	r5, [sp, #24]
 304:Core/Src/tim.c ****     GPIO_InitStruct.Speed = GPIO_SPEED_FREQ_LOW;
 339              		.loc 1 304 5 is_stmt 1 view .LVU94
 305:Core/Src/tim.c ****     GPIO_InitStruct.Alternate = GPIO_AF1_TIM2;
ARM GAS  /var/folders/5c/srt4fy4j1pd641bjfx75k5000000gn/T//ccK2JBwB.s 			page 14


 340              		.loc 1 305 5 view .LVU95
 306:Core/Src/tim.c ****     HAL_GPIO_Init(LED1_GPIO_Port, &GPIO_InitStruct);
 341              		.loc 1 306 5 view .LVU96
 306:Core/Src/tim.c ****     HAL_GPIO_Init(LED1_GPIO_Port, &GPIO_InitStruct);
 342              		.loc 1 306 31 is_stmt 0 view .LVU97
 343 00b0 0124     		movs	r4, #1
 344 00b2 0994     		str	r4, [sp, #36]
 307:Core/Src/tim.c **** 
 345              		.loc 1 307 5 is_stmt 1 view .LVU98
 346 00b4 05A9     		add	r1, sp, #20
 347 00b6 4FF09040 		mov	r0, #1207959552
 348              	.LVL9:
 307:Core/Src/tim.c **** 
 349              		.loc 1 307 5 is_stmt 0 view .LVU99
 350 00ba FFF7FEFF 		bl	HAL_GPIO_Init
 351              	.LVL10:
 309:Core/Src/tim.c ****     GPIO_InitStruct.Mode = GPIO_MODE_AF_PP;
 352              		.loc 1 309 5 is_stmt 1 view .LVU100
 309:Core/Src/tim.c ****     GPIO_InitStruct.Mode = GPIO_MODE_AF_PP;
 353              		.loc 1 309 25 is_stmt 0 view .LVU101
 354 00be 0823     		movs	r3, #8
 355 00c0 0593     		str	r3, [sp, #20]
 310:Core/Src/tim.c ****     GPIO_InitStruct.Pull = GPIO_NOPULL;
 356              		.loc 1 310 5 is_stmt 1 view .LVU102
 310:Core/Src/tim.c ****     GPIO_InitStruct.Pull = GPIO_NOPULL;
 357              		.loc 1 310 26 is_stmt 0 view .LVU103
 358 00c2 0695     		str	r5, [sp, #24]
 311:Core/Src/tim.c ****     GPIO_InitStruct.Speed = GPIO_SPEED_FREQ_LOW;
 359              		.loc 1 311 5 is_stmt 1 view .LVU104
 311:Core/Src/tim.c ****     GPIO_InitStruct.Speed = GPIO_SPEED_FREQ_LOW;
 360              		.loc 1 311 26 is_stmt 0 view .LVU105
 361 00c4 0023     		movs	r3, #0
 362 00c6 0793     		str	r3, [sp, #28]
 312:Core/Src/tim.c ****     GPIO_InitStruct.Alternate = GPIO_AF1_TIM2;
 363              		.loc 1 312 5 is_stmt 1 view .LVU106
 312:Core/Src/tim.c ****     GPIO_InitStruct.Alternate = GPIO_AF1_TIM2;
 364              		.loc 1 312 27 is_stmt 0 view .LVU107
 365 00c8 0893     		str	r3, [sp, #32]
 313:Core/Src/tim.c ****     HAL_GPIO_Init(LED2_GPIO_Port, &GPIO_InitStruct);
 366              		.loc 1 313 5 is_stmt 1 view .LVU108
 313:Core/Src/tim.c ****     HAL_GPIO_Init(LED2_GPIO_Port, &GPIO_InitStruct);
 367              		.loc 1 313 31 is_stmt 0 view .LVU109
 368 00ca 0994     		str	r4, [sp, #36]
 314:Core/Src/tim.c **** 
 369              		.loc 1 314 5 is_stmt 1 view .LVU110
 370 00cc 05A9     		add	r1, sp, #20
 371 00ce 0F48     		ldr	r0, .L26+12
 372 00d0 FFF7FEFF 		bl	HAL_GPIO_Init
 373              	.LVL11:
 374 00d4 A6E7     		b	.L18
 375              	.LVL12:
 376              	.L25:
 326:Core/Src/tim.c ****     /**TIM3 GPIO Configuration
 377              		.loc 1 326 5 view .LVU111
 378              	.LBB9:
 326:Core/Src/tim.c ****     /**TIM3 GPIO Configuration
 379              		.loc 1 326 5 view .LVU112
ARM GAS  /var/folders/5c/srt4fy4j1pd641bjfx75k5000000gn/T//ccK2JBwB.s 			page 15


 326:Core/Src/tim.c ****     /**TIM3 GPIO Configuration
 380              		.loc 1 326 5 view .LVU113
 381 00d6 0C4B     		ldr	r3, .L26+8
 382 00d8 5A69     		ldr	r2, [r3, #20]
 383 00da 42F48022 		orr	r2, r2, #262144
 384 00de 5A61     		str	r2, [r3, #20]
 326:Core/Src/tim.c ****     /**TIM3 GPIO Configuration
 385              		.loc 1 326 5 view .LVU114
 386 00e0 5B69     		ldr	r3, [r3, #20]
 387 00e2 03F48023 		and	r3, r3, #262144
 388 00e6 0493     		str	r3, [sp, #16]
 326:Core/Src/tim.c ****     /**TIM3 GPIO Configuration
 389              		.loc 1 326 5 view .LVU115
 390 00e8 049B     		ldr	r3, [sp, #16]
 391              	.LBE9:
 326:Core/Src/tim.c ****     /**TIM3 GPIO Configuration
 392              		.loc 1 326 5 view .LVU116
 331:Core/Src/tim.c ****     GPIO_InitStruct.Mode = GPIO_MODE_AF_PP;
 393              		.loc 1 331 5 view .LVU117
 331:Core/Src/tim.c ****     GPIO_InitStruct.Mode = GPIO_MODE_AF_PP;
 394              		.loc 1 331 25 is_stmt 0 view .LVU118
 395 00ea 3023     		movs	r3, #48
 396 00ec 0593     		str	r3, [sp, #20]
 332:Core/Src/tim.c ****     GPIO_InitStruct.Pull = GPIO_NOPULL;
 397              		.loc 1 332 5 is_stmt 1 view .LVU119
 332:Core/Src/tim.c ****     GPIO_InitStruct.Pull = GPIO_NOPULL;
 398              		.loc 1 332 26 is_stmt 0 view .LVU120
 399 00ee 0223     		movs	r3, #2
 400 00f0 0693     		str	r3, [sp, #24]
 333:Core/Src/tim.c ****     GPIO_InitStruct.Speed = GPIO_SPEED_FREQ_LOW;
 401              		.loc 1 333 5 is_stmt 1 view .LVU121
 334:Core/Src/tim.c ****     GPIO_InitStruct.Alternate = GPIO_AF2_TIM3;
 402              		.loc 1 334 5 view .LVU122
 335:Core/Src/tim.c ****     HAL_GPIO_Init(GPIOB, &GPIO_InitStruct);
 403              		.loc 1 335 5 view .LVU123
 335:Core/Src/tim.c ****     HAL_GPIO_Init(GPIOB, &GPIO_InitStruct);
 404              		.loc 1 335 31 is_stmt 0 view .LVU124
 405 00f2 0993     		str	r3, [sp, #36]
 336:Core/Src/tim.c **** 
 406              		.loc 1 336 5 is_stmt 1 view .LVU125
 407 00f4 05A9     		add	r1, sp, #20
 408 00f6 0548     		ldr	r0, .L26+12
 409              	.LVL13:
 336:Core/Src/tim.c **** 
 410              		.loc 1 336 5 is_stmt 0 view .LVU126
 411 00f8 FFF7FEFF 		bl	HAL_GPIO_Init
 412              	.LVL14:
 413              		.loc 1 343 1 view .LVU127
 414 00fc 92E7     		b	.L18
 415              	.L27:
 416 00fe 00BF     		.align	2
 417              	.L26:
 418 0100 002C0140 		.word	1073818624
 419 0104 00040040 		.word	1073742848
 420 0108 00100240 		.word	1073876992
 421 010c 00040048 		.word	1207960576
 422              		.cfi_endproc
ARM GAS  /var/folders/5c/srt4fy4j1pd641bjfx75k5000000gn/T//ccK2JBwB.s 			page 16


 423              	.LFE128:
 425              		.section	.text.MX_TIM1_Init,"ax",%progbits
 426              		.align	1
 427              		.global	MX_TIM1_Init
 428              		.syntax unified
 429              		.thumb
 430              		.thumb_func
 432              	MX_TIM1_Init:
 433              	.LFB123:
  33:Core/Src/tim.c **** 
 434              		.loc 1 33 1 is_stmt 1 view -0
 435              		.cfi_startproc
 436              		@ args = 0, pretend = 0, frame = 104
 437              		@ frame_needed = 0, uses_anonymous_args = 0
 438 0000 10B5     		push	{r4, lr}
 439              	.LCFI9:
 440              		.cfi_def_cfa_offset 8
 441              		.cfi_offset 4, -8
 442              		.cfi_offset 14, -4
 443 0002 9AB0     		sub	sp, sp, #104
 444              	.LCFI10:
 445              		.cfi_def_cfa_offset 112
  39:Core/Src/tim.c ****   TIM_MasterConfigTypeDef sMasterConfig = {0};
 446              		.loc 1 39 3 view .LVU129
  39:Core/Src/tim.c ****   TIM_MasterConfigTypeDef sMasterConfig = {0};
 447              		.loc 1 39 26 is_stmt 0 view .LVU130
 448 0004 0024     		movs	r4, #0
 449 0006 1694     		str	r4, [sp, #88]
 450 0008 1794     		str	r4, [sp, #92]
 451 000a 1894     		str	r4, [sp, #96]
 452 000c 1994     		str	r4, [sp, #100]
  40:Core/Src/tim.c ****   TIM_OC_InitTypeDef sConfigOC = {0};
 453              		.loc 1 40 3 is_stmt 1 view .LVU131
  40:Core/Src/tim.c ****   TIM_OC_InitTypeDef sConfigOC = {0};
 454              		.loc 1 40 27 is_stmt 0 view .LVU132
 455 000e 1394     		str	r4, [sp, #76]
 456 0010 1494     		str	r4, [sp, #80]
 457 0012 1594     		str	r4, [sp, #84]
  41:Core/Src/tim.c ****   TIM_BreakDeadTimeConfigTypeDef sBreakDeadTimeConfig = {0};
 458              		.loc 1 41 3 is_stmt 1 view .LVU133
  41:Core/Src/tim.c ****   TIM_BreakDeadTimeConfigTypeDef sBreakDeadTimeConfig = {0};
 459              		.loc 1 41 22 is_stmt 0 view .LVU134
 460 0014 0C94     		str	r4, [sp, #48]
 461 0016 0D94     		str	r4, [sp, #52]
 462 0018 0E94     		str	r4, [sp, #56]
 463 001a 0F94     		str	r4, [sp, #60]
 464 001c 1094     		str	r4, [sp, #64]
 465 001e 1194     		str	r4, [sp, #68]
 466 0020 1294     		str	r4, [sp, #72]
  42:Core/Src/tim.c **** 
 467              		.loc 1 42 3 is_stmt 1 view .LVU135
  42:Core/Src/tim.c **** 
 468              		.loc 1 42 34 is_stmt 0 view .LVU136
 469 0022 2C22     		movs	r2, #44
 470 0024 2146     		mov	r1, r4
 471 0026 01A8     		add	r0, sp, #4
 472 0028 FFF7FEFF 		bl	memset
ARM GAS  /var/folders/5c/srt4fy4j1pd641bjfx75k5000000gn/T//ccK2JBwB.s 			page 17


 473              	.LVL15:
  47:Core/Src/tim.c ****   htim1.Init.Prescaler = 1;
 474              		.loc 1 47 3 is_stmt 1 view .LVU137
  47:Core/Src/tim.c ****   htim1.Init.Prescaler = 1;
 475              		.loc 1 47 18 is_stmt 0 view .LVU138
 476 002c 3B48     		ldr	r0, .L46
 477 002e 3C4B     		ldr	r3, .L46+4
 478 0030 0360     		str	r3, [r0]
  48:Core/Src/tim.c ****   htim1.Init.CounterMode = TIM_COUNTERMODE_UP;
 479              		.loc 1 48 3 is_stmt 1 view .LVU139
  48:Core/Src/tim.c ****   htim1.Init.CounterMode = TIM_COUNTERMODE_UP;
 480              		.loc 1 48 24 is_stmt 0 view .LVU140
 481 0032 0123     		movs	r3, #1
 482 0034 4360     		str	r3, [r0, #4]
  49:Core/Src/tim.c ****   htim1.Init.Period = 299;
 483              		.loc 1 49 3 is_stmt 1 view .LVU141
  49:Core/Src/tim.c ****   htim1.Init.Period = 299;
 484              		.loc 1 49 26 is_stmt 0 view .LVU142
 485 0036 8460     		str	r4, [r0, #8]
  50:Core/Src/tim.c ****   htim1.Init.ClockDivision = TIM_CLOCKDIVISION_DIV1;
 486              		.loc 1 50 3 is_stmt 1 view .LVU143
  50:Core/Src/tim.c ****   htim1.Init.ClockDivision = TIM_CLOCKDIVISION_DIV1;
 487              		.loc 1 50 21 is_stmt 0 view .LVU144
 488 0038 40F22B13 		movw	r3, #299
 489 003c C360     		str	r3, [r0, #12]
  51:Core/Src/tim.c ****   htim1.Init.RepetitionCounter = 0;
 490              		.loc 1 51 3 is_stmt 1 view .LVU145
  51:Core/Src/tim.c ****   htim1.Init.RepetitionCounter = 0;
 491              		.loc 1 51 28 is_stmt 0 view .LVU146
 492 003e 0461     		str	r4, [r0, #16]
  52:Core/Src/tim.c ****   htim1.Init.AutoReloadPreload = TIM_AUTORELOAD_PRELOAD_DISABLE;
 493              		.loc 1 52 3 is_stmt 1 view .LVU147
  52:Core/Src/tim.c ****   htim1.Init.AutoReloadPreload = TIM_AUTORELOAD_PRELOAD_DISABLE;
 494              		.loc 1 52 32 is_stmt 0 view .LVU148
 495 0040 4461     		str	r4, [r0, #20]
  53:Core/Src/tim.c ****   if (HAL_TIM_Base_Init(&htim1) != HAL_OK)
 496              		.loc 1 53 3 is_stmt 1 view .LVU149
  53:Core/Src/tim.c ****   if (HAL_TIM_Base_Init(&htim1) != HAL_OK)
 497              		.loc 1 53 32 is_stmt 0 view .LVU150
 498 0042 8461     		str	r4, [r0, #24]
  54:Core/Src/tim.c ****   {
 499              		.loc 1 54 3 is_stmt 1 view .LVU151
  54:Core/Src/tim.c ****   {
 500              		.loc 1 54 7 is_stmt 0 view .LVU152
 501 0044 FFF7FEFF 		bl	HAL_TIM_Base_Init
 502              	.LVL16:
  54:Core/Src/tim.c ****   {
 503              		.loc 1 54 6 view .LVU153
 504 0048 0028     		cmp	r0, #0
 505 004a 4ED1     		bne	.L38
 506              	.L29:
  58:Core/Src/tim.c ****   if (HAL_TIM_ConfigClockSource(&htim1, &sClockSourceConfig) != HAL_OK)
 507              		.loc 1 58 3 is_stmt 1 view .LVU154
  58:Core/Src/tim.c ****   if (HAL_TIM_ConfigClockSource(&htim1, &sClockSourceConfig) != HAL_OK)
 508              		.loc 1 58 34 is_stmt 0 view .LVU155
 509 004c 4FF48053 		mov	r3, #4096
 510 0050 1693     		str	r3, [sp, #88]
ARM GAS  /var/folders/5c/srt4fy4j1pd641bjfx75k5000000gn/T//ccK2JBwB.s 			page 18


  59:Core/Src/tim.c ****   {
 511              		.loc 1 59 3 is_stmt 1 view .LVU156
  59:Core/Src/tim.c ****   {
 512              		.loc 1 59 7 is_stmt 0 view .LVU157
 513 0052 16A9     		add	r1, sp, #88
 514 0054 3148     		ldr	r0, .L46
 515 0056 FFF7FEFF 		bl	HAL_TIM_ConfigClockSource
 516              	.LVL17:
  59:Core/Src/tim.c ****   {
 517              		.loc 1 59 6 view .LVU158
 518 005a 0028     		cmp	r0, #0
 519 005c 48D1     		bne	.L39
 520              	.L30:
  63:Core/Src/tim.c ****   {
 521              		.loc 1 63 3 is_stmt 1 view .LVU159
  63:Core/Src/tim.c ****   {
 522              		.loc 1 63 7 is_stmt 0 view .LVU160
 523 005e 2F48     		ldr	r0, .L46
 524 0060 FFF7FEFF 		bl	HAL_TIM_PWM_Init
 525              	.LVL18:
  63:Core/Src/tim.c ****   {
 526              		.loc 1 63 6 view .LVU161
 527 0064 0028     		cmp	r0, #0
 528 0066 46D1     		bne	.L40
 529              	.L31:
  67:Core/Src/tim.c ****   sMasterConfig.MasterOutputTrigger2 = TIM_TRGO2_RESET;
 530              		.loc 1 67 3 is_stmt 1 view .LVU162
  67:Core/Src/tim.c ****   sMasterConfig.MasterOutputTrigger2 = TIM_TRGO2_RESET;
 531              		.loc 1 67 37 is_stmt 0 view .LVU163
 532 0068 0023     		movs	r3, #0
 533 006a 1393     		str	r3, [sp, #76]
  68:Core/Src/tim.c ****   sMasterConfig.MasterSlaveMode = TIM_MASTERSLAVEMODE_DISABLE;
 534              		.loc 1 68 3 is_stmt 1 view .LVU164
  68:Core/Src/tim.c ****   sMasterConfig.MasterSlaveMode = TIM_MASTERSLAVEMODE_DISABLE;
 535              		.loc 1 68 38 is_stmt 0 view .LVU165
 536 006c 1493     		str	r3, [sp, #80]
  69:Core/Src/tim.c ****   if (HAL_TIMEx_MasterConfigSynchronization(&htim1, &sMasterConfig) != HAL_OK)
 537              		.loc 1 69 3 is_stmt 1 view .LVU166
  69:Core/Src/tim.c ****   if (HAL_TIMEx_MasterConfigSynchronization(&htim1, &sMasterConfig) != HAL_OK)
 538              		.loc 1 69 33 is_stmt 0 view .LVU167
 539 006e 1593     		str	r3, [sp, #84]
  70:Core/Src/tim.c ****   {
 540              		.loc 1 70 3 is_stmt 1 view .LVU168
  70:Core/Src/tim.c ****   {
 541              		.loc 1 70 7 is_stmt 0 view .LVU169
 542 0070 13A9     		add	r1, sp, #76
 543 0072 2A48     		ldr	r0, .L46
 544 0074 FFF7FEFF 		bl	HAL_TIMEx_MasterConfigSynchronization
 545              	.LVL19:
  70:Core/Src/tim.c ****   {
 546              		.loc 1 70 6 view .LVU170
 547 0078 0028     		cmp	r0, #0
 548 007a 3FD1     		bne	.L41
 549              	.L32:
  74:Core/Src/tim.c ****   sConfigOC.Pulse = 0;
 550              		.loc 1 74 3 is_stmt 1 view .LVU171
  74:Core/Src/tim.c ****   sConfigOC.Pulse = 0;
ARM GAS  /var/folders/5c/srt4fy4j1pd641bjfx75k5000000gn/T//ccK2JBwB.s 			page 19


 551              		.loc 1 74 20 is_stmt 0 view .LVU172
 552 007c 6023     		movs	r3, #96
 553 007e 0C93     		str	r3, [sp, #48]
  75:Core/Src/tim.c ****   sConfigOC.OCPolarity = TIM_OCPOLARITY_HIGH;
 554              		.loc 1 75 3 is_stmt 1 view .LVU173
  75:Core/Src/tim.c ****   sConfigOC.OCPolarity = TIM_OCPOLARITY_HIGH;
 555              		.loc 1 75 19 is_stmt 0 view .LVU174
 556 0080 0022     		movs	r2, #0
 557 0082 0D92     		str	r2, [sp, #52]
  76:Core/Src/tim.c ****   sConfigOC.OCNPolarity = TIM_OCNPOLARITY_HIGH;
 558              		.loc 1 76 3 is_stmt 1 view .LVU175
  76:Core/Src/tim.c ****   sConfigOC.OCNPolarity = TIM_OCNPOLARITY_HIGH;
 559              		.loc 1 76 24 is_stmt 0 view .LVU176
 560 0084 0E92     		str	r2, [sp, #56]
  77:Core/Src/tim.c ****   sConfigOC.OCFastMode = TIM_OCFAST_DISABLE;
 561              		.loc 1 77 3 is_stmt 1 view .LVU177
  77:Core/Src/tim.c ****   sConfigOC.OCFastMode = TIM_OCFAST_DISABLE;
 562              		.loc 1 77 25 is_stmt 0 view .LVU178
 563 0086 0F92     		str	r2, [sp, #60]
  78:Core/Src/tim.c ****   sConfigOC.OCIdleState = TIM_OCIDLESTATE_RESET;
 564              		.loc 1 78 3 is_stmt 1 view .LVU179
  78:Core/Src/tim.c ****   sConfigOC.OCIdleState = TIM_OCIDLESTATE_RESET;
 565              		.loc 1 78 24 is_stmt 0 view .LVU180
 566 0088 1092     		str	r2, [sp, #64]
  79:Core/Src/tim.c ****   sConfigOC.OCNIdleState = TIM_OCNIDLESTATE_RESET;
 567              		.loc 1 79 3 is_stmt 1 view .LVU181
  79:Core/Src/tim.c ****   sConfigOC.OCNIdleState = TIM_OCNIDLESTATE_RESET;
 568              		.loc 1 79 25 is_stmt 0 view .LVU182
 569 008a 1192     		str	r2, [sp, #68]
  80:Core/Src/tim.c ****   if (HAL_TIM_PWM_ConfigChannel(&htim1, &sConfigOC, TIM_CHANNEL_1) != HAL_OK)
 570              		.loc 1 80 3 is_stmt 1 view .LVU183
  80:Core/Src/tim.c ****   if (HAL_TIM_PWM_ConfigChannel(&htim1, &sConfigOC, TIM_CHANNEL_1) != HAL_OK)
 571              		.loc 1 80 26 is_stmt 0 view .LVU184
 572 008c 1292     		str	r2, [sp, #72]
  81:Core/Src/tim.c ****   {
 573              		.loc 1 81 3 is_stmt 1 view .LVU185
  81:Core/Src/tim.c ****   {
 574              		.loc 1 81 7 is_stmt 0 view .LVU186
 575 008e 0CA9     		add	r1, sp, #48
 576 0090 2248     		ldr	r0, .L46
 577 0092 FFF7FEFF 		bl	HAL_TIM_PWM_ConfigChannel
 578              	.LVL20:
  81:Core/Src/tim.c ****   {
 579              		.loc 1 81 6 view .LVU187
 580 0096 0028     		cmp	r0, #0
 581 0098 33D1     		bne	.L42
 582              	.L33:
  85:Core/Src/tim.c ****   {
 583              		.loc 1 85 3 is_stmt 1 view .LVU188
  85:Core/Src/tim.c ****   {
 584              		.loc 1 85 7 is_stmt 0 view .LVU189
 585 009a 0422     		movs	r2, #4
 586 009c 0CA9     		add	r1, sp, #48
 587 009e 1F48     		ldr	r0, .L46
 588 00a0 FFF7FEFF 		bl	HAL_TIM_PWM_ConfigChannel
 589              	.LVL21:
  85:Core/Src/tim.c ****   {
ARM GAS  /var/folders/5c/srt4fy4j1pd641bjfx75k5000000gn/T//ccK2JBwB.s 			page 20


 590              		.loc 1 85 6 view .LVU190
 591 00a4 0028     		cmp	r0, #0
 592 00a6 2FD1     		bne	.L43
 593              	.L34:
  89:Core/Src/tim.c ****   {
 594              		.loc 1 89 3 is_stmt 1 view .LVU191
  89:Core/Src/tim.c ****   {
 595              		.loc 1 89 7 is_stmt 0 view .LVU192
 596 00a8 0822     		movs	r2, #8
 597 00aa 0CA9     		add	r1, sp, #48
 598 00ac 1B48     		ldr	r0, .L46
 599 00ae FFF7FEFF 		bl	HAL_TIM_PWM_ConfigChannel
 600              	.LVL22:
  89:Core/Src/tim.c ****   {
 601              		.loc 1 89 6 view .LVU193
 602 00b2 60BB     		cbnz	r0, .L44
 603              	.L35:
  93:Core/Src/tim.c ****   sBreakDeadTimeConfig.OffStateIDLEMode = TIM_OSSI_DISABLE;
 604              		.loc 1 93 3 is_stmt 1 view .LVU194
  93:Core/Src/tim.c ****   sBreakDeadTimeConfig.OffStateIDLEMode = TIM_OSSI_DISABLE;
 605              		.loc 1 93 40 is_stmt 0 view .LVU195
 606 00b4 0023     		movs	r3, #0
 607 00b6 0193     		str	r3, [sp, #4]
  94:Core/Src/tim.c ****   sBreakDeadTimeConfig.LockLevel = TIM_LOCKLEVEL_OFF;
 608              		.loc 1 94 3 is_stmt 1 view .LVU196
  94:Core/Src/tim.c ****   sBreakDeadTimeConfig.LockLevel = TIM_LOCKLEVEL_OFF;
 609              		.loc 1 94 41 is_stmt 0 view .LVU197
 610 00b8 0293     		str	r3, [sp, #8]
  95:Core/Src/tim.c ****   sBreakDeadTimeConfig.DeadTime = 10;
 611              		.loc 1 95 3 is_stmt 1 view .LVU198
  95:Core/Src/tim.c ****   sBreakDeadTimeConfig.DeadTime = 10;
 612              		.loc 1 95 34 is_stmt 0 view .LVU199
 613 00ba 0393     		str	r3, [sp, #12]
  96:Core/Src/tim.c ****   sBreakDeadTimeConfig.BreakState = TIM_BREAK_DISABLE;
 614              		.loc 1 96 3 is_stmt 1 view .LVU200
  96:Core/Src/tim.c ****   sBreakDeadTimeConfig.BreakState = TIM_BREAK_DISABLE;
 615              		.loc 1 96 33 is_stmt 0 view .LVU201
 616 00bc 0A22     		movs	r2, #10
 617 00be 0492     		str	r2, [sp, #16]
  97:Core/Src/tim.c ****   sBreakDeadTimeConfig.BreakPolarity = TIM_BREAKPOLARITY_HIGH;
 618              		.loc 1 97 3 is_stmt 1 view .LVU202
  97:Core/Src/tim.c ****   sBreakDeadTimeConfig.BreakPolarity = TIM_BREAKPOLARITY_HIGH;
 619              		.loc 1 97 35 is_stmt 0 view .LVU203
 620 00c0 0593     		str	r3, [sp, #20]
  98:Core/Src/tim.c ****   sBreakDeadTimeConfig.BreakFilter = 0;
 621              		.loc 1 98 3 is_stmt 1 view .LVU204
  98:Core/Src/tim.c ****   sBreakDeadTimeConfig.BreakFilter = 0;
 622              		.loc 1 98 38 is_stmt 0 view .LVU205
 623 00c2 4FF40052 		mov	r2, #8192
 624 00c6 0692     		str	r2, [sp, #24]
  99:Core/Src/tim.c ****   sBreakDeadTimeConfig.Break2State = TIM_BREAK2_DISABLE;
 625              		.loc 1 99 3 is_stmt 1 view .LVU206
  99:Core/Src/tim.c ****   sBreakDeadTimeConfig.Break2State = TIM_BREAK2_DISABLE;
 626              		.loc 1 99 36 is_stmt 0 view .LVU207
 627 00c8 0793     		str	r3, [sp, #28]
 100:Core/Src/tim.c ****   sBreakDeadTimeConfig.Break2Polarity = TIM_BREAK2POLARITY_HIGH;
 628              		.loc 1 100 3 is_stmt 1 view .LVU208
ARM GAS  /var/folders/5c/srt4fy4j1pd641bjfx75k5000000gn/T//ccK2JBwB.s 			page 21


 100:Core/Src/tim.c ****   sBreakDeadTimeConfig.Break2Polarity = TIM_BREAK2POLARITY_HIGH;
 629              		.loc 1 100 36 is_stmt 0 view .LVU209
 630 00ca 0893     		str	r3, [sp, #32]
 101:Core/Src/tim.c ****   sBreakDeadTimeConfig.Break2Filter = 0;
 631              		.loc 1 101 3 is_stmt 1 view .LVU210
 101:Core/Src/tim.c ****   sBreakDeadTimeConfig.Break2Filter = 0;
 632              		.loc 1 101 39 is_stmt 0 view .LVU211
 633 00cc 4FF00072 		mov	r2, #33554432
 634 00d0 0992     		str	r2, [sp, #36]
 102:Core/Src/tim.c ****   sBreakDeadTimeConfig.AutomaticOutput = TIM_AUTOMATICOUTPUT_DISABLE;
 635              		.loc 1 102 3 is_stmt 1 view .LVU212
 102:Core/Src/tim.c ****   sBreakDeadTimeConfig.AutomaticOutput = TIM_AUTOMATICOUTPUT_DISABLE;
 636              		.loc 1 102 37 is_stmt 0 view .LVU213
 637 00d2 0A93     		str	r3, [sp, #40]
 103:Core/Src/tim.c ****   if (HAL_TIMEx_ConfigBreakDeadTime(&htim1, &sBreakDeadTimeConfig) != HAL_OK)
 638              		.loc 1 103 3 is_stmt 1 view .LVU214
 103:Core/Src/tim.c ****   if (HAL_TIMEx_ConfigBreakDeadTime(&htim1, &sBreakDeadTimeConfig) != HAL_OK)
 639              		.loc 1 103 40 is_stmt 0 view .LVU215
 640 00d4 0B93     		str	r3, [sp, #44]
 104:Core/Src/tim.c ****   {
 641              		.loc 1 104 3 is_stmt 1 view .LVU216
 104:Core/Src/tim.c ****   {
 642              		.loc 1 104 7 is_stmt 0 view .LVU217
 643 00d6 01A9     		add	r1, sp, #4
 644 00d8 1048     		ldr	r0, .L46
 645 00da FFF7FEFF 		bl	HAL_TIMEx_ConfigBreakDeadTime
 646              	.LVL23:
 104:Core/Src/tim.c ****   {
 647              		.loc 1 104 6 view .LVU218
 648 00de C8B9     		cbnz	r0, .L45
 649              	.L36:
 111:Core/Src/tim.c **** 
 650              		.loc 1 111 3 is_stmt 1 view .LVU219
 651 00e0 0E48     		ldr	r0, .L46
 652 00e2 FFF7FEFF 		bl	HAL_TIM_MspPostInit
 653              	.LVL24:
 113:Core/Src/tim.c **** /* TIM2 init function */
 654              		.loc 1 113 1 is_stmt 0 view .LVU220
 655 00e6 1AB0     		add	sp, sp, #104
 656              	.LCFI11:
 657              		.cfi_remember_state
 658              		.cfi_def_cfa_offset 8
 659              		@ sp needed
 660 00e8 10BD     		pop	{r4, pc}
 661              	.L38:
 662              	.LCFI12:
 663              		.cfi_restore_state
  56:Core/Src/tim.c ****   }
 664              		.loc 1 56 5 is_stmt 1 view .LVU221
 665 00ea FFF7FEFF 		bl	Error_Handler
 666              	.LVL25:
 667 00ee ADE7     		b	.L29
 668              	.L39:
  61:Core/Src/tim.c ****   }
 669              		.loc 1 61 5 view .LVU222
 670 00f0 FFF7FEFF 		bl	Error_Handler
 671              	.LVL26:
ARM GAS  /var/folders/5c/srt4fy4j1pd641bjfx75k5000000gn/T//ccK2JBwB.s 			page 22


 672 00f4 B3E7     		b	.L30
 673              	.L40:
  65:Core/Src/tim.c ****   }
 674              		.loc 1 65 5 view .LVU223
 675 00f6 FFF7FEFF 		bl	Error_Handler
 676              	.LVL27:
 677 00fa B5E7     		b	.L31
 678              	.L41:
  72:Core/Src/tim.c ****   }
 679              		.loc 1 72 5 view .LVU224
 680 00fc FFF7FEFF 		bl	Error_Handler
 681              	.LVL28:
 682 0100 BCE7     		b	.L32
 683              	.L42:
  83:Core/Src/tim.c ****   }
 684              		.loc 1 83 5 view .LVU225
 685 0102 FFF7FEFF 		bl	Error_Handler
 686              	.LVL29:
 687 0106 C8E7     		b	.L33
 688              	.L43:
  87:Core/Src/tim.c ****   }
 689              		.loc 1 87 5 view .LVU226
 690 0108 FFF7FEFF 		bl	Error_Handler
 691              	.LVL30:
 692 010c CCE7     		b	.L34
 693              	.L44:
  91:Core/Src/tim.c ****   }
 694              		.loc 1 91 5 view .LVU227
 695 010e FFF7FEFF 		bl	Error_Handler
 696              	.LVL31:
 697 0112 CFE7     		b	.L35
 698              	.L45:
 106:Core/Src/tim.c ****   }
 699              		.loc 1 106 5 view .LVU228
 700 0114 FFF7FEFF 		bl	Error_Handler
 701              	.LVL32:
 702 0118 E2E7     		b	.L36
 703              	.L47:
 704 011a 00BF     		.align	2
 705              	.L46:
 706 011c 00000000 		.word	htim1
 707 0120 002C0140 		.word	1073818624
 708              		.cfi_endproc
 709              	.LFE123:
 711              		.section	.text.MX_TIM2_Init,"ax",%progbits
 712              		.align	1
 713              		.global	MX_TIM2_Init
 714              		.syntax unified
 715              		.thumb
 716              		.thumb_func
 718              	MX_TIM2_Init:
 719              	.LFB124:
 116:Core/Src/tim.c **** 
 720              		.loc 1 116 1 view -0
 721              		.cfi_startproc
 722              		@ args = 0, pretend = 0, frame = 40
 723              		@ frame_needed = 0, uses_anonymous_args = 0
ARM GAS  /var/folders/5c/srt4fy4j1pd641bjfx75k5000000gn/T//ccK2JBwB.s 			page 23


 724 0000 00B5     		push	{lr}
 725              	.LCFI13:
 726              		.cfi_def_cfa_offset 4
 727              		.cfi_offset 14, -4
 728 0002 8BB0     		sub	sp, sp, #44
 729              	.LCFI14:
 730              		.cfi_def_cfa_offset 48
 122:Core/Src/tim.c ****   TIM_OC_InitTypeDef sConfigOC = {0};
 731              		.loc 1 122 3 view .LVU230
 122:Core/Src/tim.c ****   TIM_OC_InitTypeDef sConfigOC = {0};
 732              		.loc 1 122 27 is_stmt 0 view .LVU231
 733 0004 0023     		movs	r3, #0
 734 0006 0793     		str	r3, [sp, #28]
 735 0008 0893     		str	r3, [sp, #32]
 736 000a 0993     		str	r3, [sp, #36]
 123:Core/Src/tim.c **** 
 737              		.loc 1 123 3 is_stmt 1 view .LVU232
 123:Core/Src/tim.c **** 
 738              		.loc 1 123 22 is_stmt 0 view .LVU233
 739 000c 0093     		str	r3, [sp]
 740 000e 0193     		str	r3, [sp, #4]
 741 0010 0293     		str	r3, [sp, #8]
 742 0012 0393     		str	r3, [sp, #12]
 743 0014 0493     		str	r3, [sp, #16]
 744 0016 0593     		str	r3, [sp, #20]
 745 0018 0693     		str	r3, [sp, #24]
 128:Core/Src/tim.c ****   htim2.Init.Prescaler = 9;
 746              		.loc 1 128 3 is_stmt 1 view .LVU234
 128:Core/Src/tim.c ****   htim2.Init.Prescaler = 9;
 747              		.loc 1 128 18 is_stmt 0 view .LVU235
 748 001a 1D48     		ldr	r0, .L58
 749 001c 4FF08042 		mov	r2, #1073741824
 750 0020 0260     		str	r2, [r0]
 129:Core/Src/tim.c ****   htim2.Init.CounterMode = TIM_COUNTERMODE_UP;
 751              		.loc 1 129 3 is_stmt 1 view .LVU236
 129:Core/Src/tim.c ****   htim2.Init.CounterMode = TIM_COUNTERMODE_UP;
 752              		.loc 1 129 24 is_stmt 0 view .LVU237
 753 0022 0922     		movs	r2, #9
 754 0024 4260     		str	r2, [r0, #4]
 130:Core/Src/tim.c ****   htim2.Init.Period = 2999;
 755              		.loc 1 130 3 is_stmt 1 view .LVU238
 130:Core/Src/tim.c ****   htim2.Init.Period = 2999;
 756              		.loc 1 130 26 is_stmt 0 view .LVU239
 757 0026 8360     		str	r3, [r0, #8]
 131:Core/Src/tim.c ****   htim2.Init.ClockDivision = TIM_CLOCKDIVISION_DIV1;
 758              		.loc 1 131 3 is_stmt 1 view .LVU240
 131:Core/Src/tim.c ****   htim2.Init.ClockDivision = TIM_CLOCKDIVISION_DIV1;
 759              		.loc 1 131 21 is_stmt 0 view .LVU241
 760 0028 40F6B732 		movw	r2, #2999
 761 002c C260     		str	r2, [r0, #12]
 132:Core/Src/tim.c ****   htim2.Init.AutoReloadPreload = TIM_AUTORELOAD_PRELOAD_DISABLE;
 762              		.loc 1 132 3 is_stmt 1 view .LVU242
 132:Core/Src/tim.c ****   htim2.Init.AutoReloadPreload = TIM_AUTORELOAD_PRELOAD_DISABLE;
 763              		.loc 1 132 28 is_stmt 0 view .LVU243
 764 002e 0361     		str	r3, [r0, #16]
 133:Core/Src/tim.c ****   if (HAL_TIM_PWM_Init(&htim2) != HAL_OK)
 765              		.loc 1 133 3 is_stmt 1 view .LVU244
ARM GAS  /var/folders/5c/srt4fy4j1pd641bjfx75k5000000gn/T//ccK2JBwB.s 			page 24


 133:Core/Src/tim.c ****   if (HAL_TIM_PWM_Init(&htim2) != HAL_OK)
 766              		.loc 1 133 32 is_stmt 0 view .LVU245
 767 0030 8361     		str	r3, [r0, #24]
 134:Core/Src/tim.c ****   {
 768              		.loc 1 134 3 is_stmt 1 view .LVU246
 134:Core/Src/tim.c ****   {
 769              		.loc 1 134 7 is_stmt 0 view .LVU247
 770 0032 FFF7FEFF 		bl	HAL_TIM_PWM_Init
 771              	.LVL33:
 134:Core/Src/tim.c ****   {
 772              		.loc 1 134 6 view .LVU248
 773 0036 F0B9     		cbnz	r0, .L54
 774              	.L49:
 138:Core/Src/tim.c ****   sMasterConfig.MasterSlaveMode = TIM_MASTERSLAVEMODE_DISABLE;
 775              		.loc 1 138 3 is_stmt 1 view .LVU249
 138:Core/Src/tim.c ****   sMasterConfig.MasterSlaveMode = TIM_MASTERSLAVEMODE_DISABLE;
 776              		.loc 1 138 37 is_stmt 0 view .LVU250
 777 0038 0023     		movs	r3, #0
 778 003a 0793     		str	r3, [sp, #28]
 139:Core/Src/tim.c ****   if (HAL_TIMEx_MasterConfigSynchronization(&htim2, &sMasterConfig) != HAL_OK)
 779              		.loc 1 139 3 is_stmt 1 view .LVU251
 139:Core/Src/tim.c ****   if (HAL_TIMEx_MasterConfigSynchronization(&htim2, &sMasterConfig) != HAL_OK)
 780              		.loc 1 139 33 is_stmt 0 view .LVU252
 781 003c 0993     		str	r3, [sp, #36]
 140:Core/Src/tim.c ****   {
 782              		.loc 1 140 3 is_stmt 1 view .LVU253
 140:Core/Src/tim.c ****   {
 783              		.loc 1 140 7 is_stmt 0 view .LVU254
 784 003e 07A9     		add	r1, sp, #28
 785 0040 1348     		ldr	r0, .L58
 786 0042 FFF7FEFF 		bl	HAL_TIMEx_MasterConfigSynchronization
 787              	.LVL34:
 140:Core/Src/tim.c ****   {
 788              		.loc 1 140 6 view .LVU255
 789 0046 C8B9     		cbnz	r0, .L55
 790              	.L50:
 144:Core/Src/tim.c ****   sConfigOC.Pulse = 0;
 791              		.loc 1 144 3 is_stmt 1 view .LVU256
 144:Core/Src/tim.c ****   sConfigOC.Pulse = 0;
 792              		.loc 1 144 20 is_stmt 0 view .LVU257
 793 0048 6023     		movs	r3, #96
 794 004a 0093     		str	r3, [sp]
 145:Core/Src/tim.c ****   sConfigOC.OCPolarity = TIM_OCPOLARITY_HIGH;
 795              		.loc 1 145 3 is_stmt 1 view .LVU258
 145:Core/Src/tim.c ****   sConfigOC.OCPolarity = TIM_OCPOLARITY_HIGH;
 796              		.loc 1 145 19 is_stmt 0 view .LVU259
 797 004c 0022     		movs	r2, #0
 798 004e 0192     		str	r2, [sp, #4]
 146:Core/Src/tim.c ****   sConfigOC.OCFastMode = TIM_OCFAST_DISABLE;
 799              		.loc 1 146 3 is_stmt 1 view .LVU260
 146:Core/Src/tim.c ****   sConfigOC.OCFastMode = TIM_OCFAST_DISABLE;
 800              		.loc 1 146 24 is_stmt 0 view .LVU261
 801 0050 0292     		str	r2, [sp, #8]
 147:Core/Src/tim.c ****   if (HAL_TIM_PWM_ConfigChannel(&htim2, &sConfigOC, TIM_CHANNEL_1) != HAL_OK)
 802              		.loc 1 147 3 is_stmt 1 view .LVU262
 147:Core/Src/tim.c ****   if (HAL_TIM_PWM_ConfigChannel(&htim2, &sConfigOC, TIM_CHANNEL_1) != HAL_OK)
 803              		.loc 1 147 24 is_stmt 0 view .LVU263
ARM GAS  /var/folders/5c/srt4fy4j1pd641bjfx75k5000000gn/T//ccK2JBwB.s 			page 25


 804 0052 0492     		str	r2, [sp, #16]
 148:Core/Src/tim.c ****   {
 805              		.loc 1 148 3 is_stmt 1 view .LVU264
 148:Core/Src/tim.c ****   {
 806              		.loc 1 148 7 is_stmt 0 view .LVU265
 807 0054 6946     		mov	r1, sp
 808 0056 0E48     		ldr	r0, .L58
 809 0058 FFF7FEFF 		bl	HAL_TIM_PWM_ConfigChannel
 810              	.LVL35:
 148:Core/Src/tim.c ****   {
 811              		.loc 1 148 6 view .LVU266
 812 005c 88B9     		cbnz	r0, .L56
 813              	.L51:
 152:Core/Src/tim.c ****   {
 814              		.loc 1 152 3 is_stmt 1 view .LVU267
 152:Core/Src/tim.c ****   {
 815              		.loc 1 152 7 is_stmt 0 view .LVU268
 816 005e 0422     		movs	r2, #4
 817 0060 6946     		mov	r1, sp
 818 0062 0B48     		ldr	r0, .L58
 819 0064 FFF7FEFF 		bl	HAL_TIM_PWM_ConfigChannel
 820              	.LVL36:
 152:Core/Src/tim.c ****   {
 821              		.loc 1 152 6 view .LVU269
 822 0068 70B9     		cbnz	r0, .L57
 823              	.L52:
 159:Core/Src/tim.c **** 
 824              		.loc 1 159 3 is_stmt 1 view .LVU270
 825 006a 0948     		ldr	r0, .L58
 826 006c FFF7FEFF 		bl	HAL_TIM_MspPostInit
 827              	.LVL37:
 161:Core/Src/tim.c **** /* TIM3 init function */
 828              		.loc 1 161 1 is_stmt 0 view .LVU271
 829 0070 0BB0     		add	sp, sp, #44
 830              	.LCFI15:
 831              		.cfi_remember_state
 832              		.cfi_def_cfa_offset 4
 833              		@ sp needed
 834 0072 5DF804FB 		ldr	pc, [sp], #4
 835              	.L54:
 836              	.LCFI16:
 837              		.cfi_restore_state
 136:Core/Src/tim.c ****   }
 838              		.loc 1 136 5 is_stmt 1 view .LVU272
 839 0076 FFF7FEFF 		bl	Error_Handler
 840              	.LVL38:
 841 007a DDE7     		b	.L49
 842              	.L55:
 142:Core/Src/tim.c ****   }
 843              		.loc 1 142 5 view .LVU273
 844 007c FFF7FEFF 		bl	Error_Handler
 845              	.LVL39:
 846 0080 E2E7     		b	.L50
 847              	.L56:
 150:Core/Src/tim.c ****   }
 848              		.loc 1 150 5 view .LVU274
 849 0082 FFF7FEFF 		bl	Error_Handler
ARM GAS  /var/folders/5c/srt4fy4j1pd641bjfx75k5000000gn/T//ccK2JBwB.s 			page 26


 850              	.LVL40:
 851 0086 EAE7     		b	.L51
 852              	.L57:
 154:Core/Src/tim.c ****   }
 853              		.loc 1 154 5 view .LVU275
 854 0088 FFF7FEFF 		bl	Error_Handler
 855              	.LVL41:
 856 008c EDE7     		b	.L52
 857              	.L59:
 858 008e 00BF     		.align	2
 859              	.L58:
 860 0090 00000000 		.word	htim2
 861              		.cfi_endproc
 862              	.LFE124:
 864              		.section	.text.MX_TIM3_Init,"ax",%progbits
 865              		.align	1
 866              		.global	MX_TIM3_Init
 867              		.syntax unified
 868              		.thumb
 869              		.thumb_func
 871              	MX_TIM3_Init:
 872              	.LFB125:
 164:Core/Src/tim.c **** 
 873              		.loc 1 164 1 view -0
 874              		.cfi_startproc
 875              		@ args = 0, pretend = 0, frame = 40
 876              		@ frame_needed = 0, uses_anonymous_args = 0
 877 0000 00B5     		push	{lr}
 878              	.LCFI17:
 879              		.cfi_def_cfa_offset 4
 880              		.cfi_offset 14, -4
 881 0002 8BB0     		sub	sp, sp, #44
 882              	.LCFI18:
 883              		.cfi_def_cfa_offset 48
 170:Core/Src/tim.c ****   TIM_OC_InitTypeDef sConfigOC = {0};
 884              		.loc 1 170 3 view .LVU277
 170:Core/Src/tim.c ****   TIM_OC_InitTypeDef sConfigOC = {0};
 885              		.loc 1 170 27 is_stmt 0 view .LVU278
 886 0004 0023     		movs	r3, #0
 887 0006 0793     		str	r3, [sp, #28]
 888 0008 0893     		str	r3, [sp, #32]
 889 000a 0993     		str	r3, [sp, #36]
 171:Core/Src/tim.c **** 
 890              		.loc 1 171 3 is_stmt 1 view .LVU279
 171:Core/Src/tim.c **** 
 891              		.loc 1 171 22 is_stmt 0 view .LVU280
 892 000c 0093     		str	r3, [sp]
 893 000e 0193     		str	r3, [sp, #4]
 894 0010 0293     		str	r3, [sp, #8]
 895 0012 0393     		str	r3, [sp, #12]
 896 0014 0493     		str	r3, [sp, #16]
 897 0016 0593     		str	r3, [sp, #20]
 898 0018 0693     		str	r3, [sp, #24]
 176:Core/Src/tim.c ****   htim3.Init.Prescaler = 9;
 899              		.loc 1 176 3 is_stmt 1 view .LVU281
 176:Core/Src/tim.c ****   htim3.Init.Prescaler = 9;
 900              		.loc 1 176 18 is_stmt 0 view .LVU282
ARM GAS  /var/folders/5c/srt4fy4j1pd641bjfx75k5000000gn/T//ccK2JBwB.s 			page 27


 901 001a 1C48     		ldr	r0, .L70
 902 001c 1C4A     		ldr	r2, .L70+4
 903 001e 0260     		str	r2, [r0]
 177:Core/Src/tim.c ****   htim3.Init.CounterMode = TIM_COUNTERMODE_UP;
 904              		.loc 1 177 3 is_stmt 1 view .LVU283
 177:Core/Src/tim.c ****   htim3.Init.CounterMode = TIM_COUNTERMODE_UP;
 905              		.loc 1 177 24 is_stmt 0 view .LVU284
 906 0020 0922     		movs	r2, #9
 907 0022 4260     		str	r2, [r0, #4]
 178:Core/Src/tim.c ****   htim3.Init.Period = 2999;
 908              		.loc 1 178 3 is_stmt 1 view .LVU285
 178:Core/Src/tim.c ****   htim3.Init.Period = 2999;
 909              		.loc 1 178 26 is_stmt 0 view .LVU286
 910 0024 8360     		str	r3, [r0, #8]
 179:Core/Src/tim.c ****   htim3.Init.ClockDivision = TIM_CLOCKDIVISION_DIV1;
 911              		.loc 1 179 3 is_stmt 1 view .LVU287
 179:Core/Src/tim.c ****   htim3.Init.ClockDivision = TIM_CLOCKDIVISION_DIV1;
 912              		.loc 1 179 21 is_stmt 0 view .LVU288
 913 0026 40F6B732 		movw	r2, #2999
 914 002a C260     		str	r2, [r0, #12]
 180:Core/Src/tim.c ****   htim3.Init.AutoReloadPreload = TIM_AUTORELOAD_PRELOAD_DISABLE;
 915              		.loc 1 180 3 is_stmt 1 view .LVU289
 180:Core/Src/tim.c ****   htim3.Init.AutoReloadPreload = TIM_AUTORELOAD_PRELOAD_DISABLE;
 916              		.loc 1 180 28 is_stmt 0 view .LVU290
 917 002c 0361     		str	r3, [r0, #16]
 181:Core/Src/tim.c ****   if (HAL_TIM_PWM_Init(&htim3) != HAL_OK)
 918              		.loc 1 181 3 is_stmt 1 view .LVU291
 181:Core/Src/tim.c ****   if (HAL_TIM_PWM_Init(&htim3) != HAL_OK)
 919              		.loc 1 181 32 is_stmt 0 view .LVU292
 920 002e 8361     		str	r3, [r0, #24]
 182:Core/Src/tim.c ****   {
 921              		.loc 1 182 3 is_stmt 1 view .LVU293
 182:Core/Src/tim.c ****   {
 922              		.loc 1 182 7 is_stmt 0 view .LVU294
 923 0030 FFF7FEFF 		bl	HAL_TIM_PWM_Init
 924              	.LVL42:
 182:Core/Src/tim.c ****   {
 925              		.loc 1 182 6 view .LVU295
 926 0034 F0B9     		cbnz	r0, .L66
 927              	.L61:
 186:Core/Src/tim.c ****   sMasterConfig.MasterSlaveMode = TIM_MASTERSLAVEMODE_DISABLE;
 928              		.loc 1 186 3 is_stmt 1 view .LVU296
 186:Core/Src/tim.c ****   sMasterConfig.MasterSlaveMode = TIM_MASTERSLAVEMODE_DISABLE;
 929              		.loc 1 186 37 is_stmt 0 view .LVU297
 930 0036 0023     		movs	r3, #0
 931 0038 0793     		str	r3, [sp, #28]
 187:Core/Src/tim.c ****   if (HAL_TIMEx_MasterConfigSynchronization(&htim3, &sMasterConfig) != HAL_OK)
 932              		.loc 1 187 3 is_stmt 1 view .LVU298
 187:Core/Src/tim.c ****   if (HAL_TIMEx_MasterConfigSynchronization(&htim3, &sMasterConfig) != HAL_OK)
 933              		.loc 1 187 33 is_stmt 0 view .LVU299
 934 003a 0993     		str	r3, [sp, #36]
 188:Core/Src/tim.c ****   {
 935              		.loc 1 188 3 is_stmt 1 view .LVU300
 188:Core/Src/tim.c ****   {
 936              		.loc 1 188 7 is_stmt 0 view .LVU301
 937 003c 07A9     		add	r1, sp, #28
 938 003e 1348     		ldr	r0, .L70
ARM GAS  /var/folders/5c/srt4fy4j1pd641bjfx75k5000000gn/T//ccK2JBwB.s 			page 28


 939 0040 FFF7FEFF 		bl	HAL_TIMEx_MasterConfigSynchronization
 940              	.LVL43:
 188:Core/Src/tim.c ****   {
 941              		.loc 1 188 6 view .LVU302
 942 0044 C8B9     		cbnz	r0, .L67
 943              	.L62:
 192:Core/Src/tim.c ****   sConfigOC.Pulse = 0;
 944              		.loc 1 192 3 is_stmt 1 view .LVU303
 192:Core/Src/tim.c ****   sConfigOC.Pulse = 0;
 945              		.loc 1 192 20 is_stmt 0 view .LVU304
 946 0046 6023     		movs	r3, #96
 947 0048 0093     		str	r3, [sp]
 193:Core/Src/tim.c ****   sConfigOC.OCPolarity = TIM_OCPOLARITY_HIGH;
 948              		.loc 1 193 3 is_stmt 1 view .LVU305
 193:Core/Src/tim.c ****   sConfigOC.OCPolarity = TIM_OCPOLARITY_HIGH;
 949              		.loc 1 193 19 is_stmt 0 view .LVU306
 950 004a 0022     		movs	r2, #0
 951 004c 0192     		str	r2, [sp, #4]
 194:Core/Src/tim.c ****   sConfigOC.OCFastMode = TIM_OCFAST_DISABLE;
 952              		.loc 1 194 3 is_stmt 1 view .LVU307
 194:Core/Src/tim.c ****   sConfigOC.OCFastMode = TIM_OCFAST_DISABLE;
 953              		.loc 1 194 24 is_stmt 0 view .LVU308
 954 004e 0292     		str	r2, [sp, #8]
 195:Core/Src/tim.c ****   if (HAL_TIM_PWM_ConfigChannel(&htim3, &sConfigOC, TIM_CHANNEL_1) != HAL_OK)
 955              		.loc 1 195 3 is_stmt 1 view .LVU309
 195:Core/Src/tim.c ****   if (HAL_TIM_PWM_ConfigChannel(&htim3, &sConfigOC, TIM_CHANNEL_1) != HAL_OK)
 956              		.loc 1 195 24 is_stmt 0 view .LVU310
 957 0050 0492     		str	r2, [sp, #16]
 196:Core/Src/tim.c ****   {
 958              		.loc 1 196 3 is_stmt 1 view .LVU311
 196:Core/Src/tim.c ****   {
 959              		.loc 1 196 7 is_stmt 0 view .LVU312
 960 0052 6946     		mov	r1, sp
 961 0054 0D48     		ldr	r0, .L70
 962 0056 FFF7FEFF 		bl	HAL_TIM_PWM_ConfigChannel
 963              	.LVL44:
 196:Core/Src/tim.c ****   {
 964              		.loc 1 196 6 view .LVU313
 965 005a 88B9     		cbnz	r0, .L68
 966              	.L63:
 200:Core/Src/tim.c ****   {
 967              		.loc 1 200 3 is_stmt 1 view .LVU314
 200:Core/Src/tim.c ****   {
 968              		.loc 1 200 7 is_stmt 0 view .LVU315
 969 005c 0422     		movs	r2, #4
 970 005e 6946     		mov	r1, sp
 971 0060 0A48     		ldr	r0, .L70
 972 0062 FFF7FEFF 		bl	HAL_TIM_PWM_ConfigChannel
 973              	.LVL45:
 200:Core/Src/tim.c ****   {
 974              		.loc 1 200 6 view .LVU316
 975 0066 70B9     		cbnz	r0, .L69
 976              	.L64:
 207:Core/Src/tim.c **** 
 977              		.loc 1 207 3 is_stmt 1 view .LVU317
 978 0068 0848     		ldr	r0, .L70
 979 006a FFF7FEFF 		bl	HAL_TIM_MspPostInit
ARM GAS  /var/folders/5c/srt4fy4j1pd641bjfx75k5000000gn/T//ccK2JBwB.s 			page 29


 980              	.LVL46:
 209:Core/Src/tim.c **** 
 981              		.loc 1 209 1 is_stmt 0 view .LVU318
 982 006e 0BB0     		add	sp, sp, #44
 983              	.LCFI19:
 984              		.cfi_remember_state
 985              		.cfi_def_cfa_offset 4
 986              		@ sp needed
 987 0070 5DF804FB 		ldr	pc, [sp], #4
 988              	.L66:
 989              	.LCFI20:
 990              		.cfi_restore_state
 184:Core/Src/tim.c ****   }
 991              		.loc 1 184 5 is_stmt 1 view .LVU319
 992 0074 FFF7FEFF 		bl	Error_Handler
 993              	.LVL47:
 994 0078 DDE7     		b	.L61
 995              	.L67:
 190:Core/Src/tim.c ****   }
 996              		.loc 1 190 5 view .LVU320
 997 007a FFF7FEFF 		bl	Error_Handler
 998              	.LVL48:
 999 007e E2E7     		b	.L62
 1000              	.L68:
 198:Core/Src/tim.c ****   }
 1001              		.loc 1 198 5 view .LVU321
 1002 0080 FFF7FEFF 		bl	Error_Handler
 1003              	.LVL49:
 1004 0084 EAE7     		b	.L63
 1005              	.L69:
 202:Core/Src/tim.c ****   }
 1006              		.loc 1 202 5 view .LVU322
 1007 0086 FFF7FEFF 		bl	Error_Handler
 1008              	.LVL50:
 1009 008a EDE7     		b	.L64
 1010              	.L71:
 1011              		.align	2
 1012              	.L70:
 1013 008c 00000000 		.word	htim3
 1014 0090 00040040 		.word	1073742848
 1015              		.cfi_endproc
 1016              	.LFE125:
 1018              		.section	.text.HAL_TIM_Base_MspDeInit,"ax",%progbits
 1019              		.align	1
 1020              		.global	HAL_TIM_Base_MspDeInit
 1021              		.syntax unified
 1022              		.thumb
 1023              		.thumb_func
 1025              	HAL_TIM_Base_MspDeInit:
 1026              	.LVL51:
 1027              	.LFB129:
 344:Core/Src/tim.c **** 
 345:Core/Src/tim.c **** void HAL_TIM_Base_MspDeInit(TIM_HandleTypeDef* tim_baseHandle)
 346:Core/Src/tim.c **** {
 1028              		.loc 1 346 1 view -0
 1029              		.cfi_startproc
 1030              		@ args = 0, pretend = 0, frame = 0
ARM GAS  /var/folders/5c/srt4fy4j1pd641bjfx75k5000000gn/T//ccK2JBwB.s 			page 30


 1031              		@ frame_needed = 0, uses_anonymous_args = 0
 1032              		@ link register save eliminated.
 347:Core/Src/tim.c **** 
 348:Core/Src/tim.c ****   if(tim_baseHandle->Instance==TIM1)
 1033              		.loc 1 348 3 view .LVU324
 1034              		.loc 1 348 20 is_stmt 0 view .LVU325
 1035 0000 0268     		ldr	r2, [r0]
 1036              		.loc 1 348 5 view .LVU326
 1037 0002 054B     		ldr	r3, .L75
 1038 0004 9A42     		cmp	r2, r3
 1039 0006 00D0     		beq	.L74
 1040              	.L72:
 349:Core/Src/tim.c ****   {
 350:Core/Src/tim.c ****   /* USER CODE BEGIN TIM1_MspDeInit 0 */
 351:Core/Src/tim.c **** 
 352:Core/Src/tim.c ****   /* USER CODE END TIM1_MspDeInit 0 */
 353:Core/Src/tim.c ****     /* Peripheral clock disable */
 354:Core/Src/tim.c ****     __HAL_RCC_TIM1_CLK_DISABLE();
 355:Core/Src/tim.c ****   /* USER CODE BEGIN TIM1_MspDeInit 1 */
 356:Core/Src/tim.c **** 
 357:Core/Src/tim.c ****   /* USER CODE END TIM1_MspDeInit 1 */
 358:Core/Src/tim.c ****   }
 359:Core/Src/tim.c **** }
 1041              		.loc 1 359 1 view .LVU327
 1042 0008 7047     		bx	lr
 1043              	.L74:
 354:Core/Src/tim.c ****   /* USER CODE BEGIN TIM1_MspDeInit 1 */
 1044              		.loc 1 354 5 is_stmt 1 view .LVU328
 1045 000a 044A     		ldr	r2, .L75+4
 1046 000c 9369     		ldr	r3, [r2, #24]
 1047 000e 23F40063 		bic	r3, r3, #2048
 1048 0012 9361     		str	r3, [r2, #24]
 1049              		.loc 1 359 1 is_stmt 0 view .LVU329
 1050 0014 F8E7     		b	.L72
 1051              	.L76:
 1052 0016 00BF     		.align	2
 1053              	.L75:
 1054 0018 002C0140 		.word	1073818624
 1055 001c 00100240 		.word	1073876992
 1056              		.cfi_endproc
 1057              	.LFE129:
 1059              		.section	.text.HAL_TIM_PWM_MspDeInit,"ax",%progbits
 1060              		.align	1
 1061              		.global	HAL_TIM_PWM_MspDeInit
 1062              		.syntax unified
 1063              		.thumb
 1064              		.thumb_func
 1066              	HAL_TIM_PWM_MspDeInit:
 1067              	.LVL52:
 1068              	.LFB130:
 360:Core/Src/tim.c **** 
 361:Core/Src/tim.c **** void HAL_TIM_PWM_MspDeInit(TIM_HandleTypeDef* tim_pwmHandle)
 362:Core/Src/tim.c **** {
 1069              		.loc 1 362 1 is_stmt 1 view -0
 1070              		.cfi_startproc
 1071              		@ args = 0, pretend = 0, frame = 0
 1072              		@ frame_needed = 0, uses_anonymous_args = 0
ARM GAS  /var/folders/5c/srt4fy4j1pd641bjfx75k5000000gn/T//ccK2JBwB.s 			page 31


 1073              		@ link register save eliminated.
 363:Core/Src/tim.c **** 
 364:Core/Src/tim.c ****   if(tim_pwmHandle->Instance==TIM2)
 1074              		.loc 1 364 3 view .LVU331
 1075              		.loc 1 364 19 is_stmt 0 view .LVU332
 1076 0000 0368     		ldr	r3, [r0]
 1077              		.loc 1 364 5 view .LVU333
 1078 0002 B3F1804F 		cmp	r3, #1073741824
 1079 0006 03D0     		beq	.L80
 365:Core/Src/tim.c ****   {
 366:Core/Src/tim.c ****   /* USER CODE BEGIN TIM2_MspDeInit 0 */
 367:Core/Src/tim.c **** 
 368:Core/Src/tim.c ****   /* USER CODE END TIM2_MspDeInit 0 */
 369:Core/Src/tim.c ****     /* Peripheral clock disable */
 370:Core/Src/tim.c ****     __HAL_RCC_TIM2_CLK_DISABLE();
 371:Core/Src/tim.c ****   /* USER CODE BEGIN TIM2_MspDeInit 1 */
 372:Core/Src/tim.c **** 
 373:Core/Src/tim.c ****   /* USER CODE END TIM2_MspDeInit 1 */
 374:Core/Src/tim.c ****   }
 375:Core/Src/tim.c ****   else if(tim_pwmHandle->Instance==TIM3)
 1080              		.loc 1 375 8 is_stmt 1 view .LVU334
 1081              		.loc 1 375 10 is_stmt 0 view .LVU335
 1082 0008 084A     		ldr	r2, .L82
 1083 000a 9342     		cmp	r3, r2
 1084 000c 06D0     		beq	.L81
 1085              	.L77:
 376:Core/Src/tim.c ****   {
 377:Core/Src/tim.c ****   /* USER CODE BEGIN TIM3_MspDeInit 0 */
 378:Core/Src/tim.c **** 
 379:Core/Src/tim.c ****   /* USER CODE END TIM3_MspDeInit 0 */
 380:Core/Src/tim.c ****     /* Peripheral clock disable */
 381:Core/Src/tim.c ****     __HAL_RCC_TIM3_CLK_DISABLE();
 382:Core/Src/tim.c ****   /* USER CODE BEGIN TIM3_MspDeInit 1 */
 383:Core/Src/tim.c **** 
 384:Core/Src/tim.c ****   /* USER CODE END TIM3_MspDeInit 1 */
 385:Core/Src/tim.c ****   }
 386:Core/Src/tim.c **** }
 1086              		.loc 1 386 1 view .LVU336
 1087 000e 7047     		bx	lr
 1088              	.L80:
 370:Core/Src/tim.c ****   /* USER CODE BEGIN TIM2_MspDeInit 1 */
 1089              		.loc 1 370 5 is_stmt 1 view .LVU337
 1090 0010 074A     		ldr	r2, .L82+4
 1091 0012 D369     		ldr	r3, [r2, #28]
 1092 0014 23F00103 		bic	r3, r3, #1
 1093 0018 D361     		str	r3, [r2, #28]
 1094 001a 7047     		bx	lr
 1095              	.L81:
 381:Core/Src/tim.c ****   /* USER CODE BEGIN TIM3_MspDeInit 1 */
 1096              		.loc 1 381 5 view .LVU338
 1097 001c 02F50332 		add	r2, r2, #134144
 1098 0020 D369     		ldr	r3, [r2, #28]
 1099 0022 23F00203 		bic	r3, r3, #2
 1100 0026 D361     		str	r3, [r2, #28]
 1101              		.loc 1 386 1 is_stmt 0 view .LVU339
 1102 0028 F1E7     		b	.L77
 1103              	.L83:
ARM GAS  /var/folders/5c/srt4fy4j1pd641bjfx75k5000000gn/T//ccK2JBwB.s 			page 32


 1104 002a 00BF     		.align	2
 1105              	.L82:
 1106 002c 00040040 		.word	1073742848
 1107 0030 00100240 		.word	1073876992
 1108              		.cfi_endproc
 1109              	.LFE130:
 1111              		.global	htim3
 1112              		.section	.bss.htim3,"aw",%nobits
 1113              		.align	2
 1116              	htim3:
 1117 0000 00000000 		.space	76
 1117      00000000 
 1117      00000000 
 1117      00000000 
 1117      00000000 
 1118              		.global	htim2
 1119              		.section	.bss.htim2,"aw",%nobits
 1120              		.align	2
 1123              	htim2:
 1124 0000 00000000 		.space	76
 1124      00000000 
 1124      00000000 
 1124      00000000 
 1124      00000000 
 1125              		.global	htim1
 1126              		.section	.bss.htim1,"aw",%nobits
 1127              		.align	2
 1130              	htim1:
 1131 0000 00000000 		.space	76
 1131      00000000 
 1131      00000000 
 1131      00000000 
 1131      00000000 
 1132              		.text
 1133              	.Letext0:
 1134              		.file 2 "/opt/ST/STM32CubeCLT_1.16.0/GNU-tools-for-STM32/arm-none-eabi/include/machine/_default_ty
 1135              		.file 3 "/opt/ST/STM32CubeCLT_1.16.0/GNU-tools-for-STM32/arm-none-eabi/include/sys/_stdint.h"
 1136              		.file 4 "Drivers/CMSIS/Device/ST/STM32F3xx/Include/stm32f303x8.h"
 1137              		.file 5 "Drivers/STM32F3xx_HAL_Driver/Inc/stm32f3xx_hal_def.h"
 1138              		.file 6 "Drivers/STM32F3xx_HAL_Driver/Inc/stm32f3xx_hal_gpio.h"
 1139              		.file 7 "Drivers/STM32F3xx_HAL_Driver/Inc/stm32f3xx_hal_dma.h"
 1140              		.file 8 "Drivers/STM32F3xx_HAL_Driver/Inc/stm32f3xx_hal_tim.h"
 1141              		.file 9 "Core/Inc/tim.h"
 1142              		.file 10 "Drivers/STM32F3xx_HAL_Driver/Inc/stm32f3xx_hal_tim_ex.h"
 1143              		.file 11 "Core/Inc/main.h"
 1144              		.file 12 "<built-in>"
ARM GAS  /var/folders/5c/srt4fy4j1pd641bjfx75k5000000gn/T//ccK2JBwB.s 			page 33


DEFINED SYMBOLS
                            *ABS*:00000000 tim.c
/var/folders/5c/srt4fy4j1pd641bjfx75k5000000gn/T//ccK2JBwB.s:21     .text.HAL_TIM_Base_MspInit:00000000 $t
/var/folders/5c/srt4fy4j1pd641bjfx75k5000000gn/T//ccK2JBwB.s:27     .text.HAL_TIM_Base_MspInit:00000000 HAL_TIM_Base_MspInit
/var/folders/5c/srt4fy4j1pd641bjfx75k5000000gn/T//ccK2JBwB.s:73     .text.HAL_TIM_Base_MspInit:00000028 $d
/var/folders/5c/srt4fy4j1pd641bjfx75k5000000gn/T//ccK2JBwB.s:78     .text.HAL_TIM_PWM_MspInit:00000000 $t
/var/folders/5c/srt4fy4j1pd641bjfx75k5000000gn/T//ccK2JBwB.s:84     .text.HAL_TIM_PWM_MspInit:00000000 HAL_TIM_PWM_MspInit
/var/folders/5c/srt4fy4j1pd641bjfx75k5000000gn/T//ccK2JBwB.s:157    .text.HAL_TIM_PWM_MspInit:00000044 $d
/var/folders/5c/srt4fy4j1pd641bjfx75k5000000gn/T//ccK2JBwB.s:163    .text.HAL_TIM_MspPostInit:00000000 $t
/var/folders/5c/srt4fy4j1pd641bjfx75k5000000gn/T//ccK2JBwB.s:169    .text.HAL_TIM_MspPostInit:00000000 HAL_TIM_MspPostInit
/var/folders/5c/srt4fy4j1pd641bjfx75k5000000gn/T//ccK2JBwB.s:418    .text.HAL_TIM_MspPostInit:00000100 $d
/var/folders/5c/srt4fy4j1pd641bjfx75k5000000gn/T//ccK2JBwB.s:426    .text.MX_TIM1_Init:00000000 $t
/var/folders/5c/srt4fy4j1pd641bjfx75k5000000gn/T//ccK2JBwB.s:432    .text.MX_TIM1_Init:00000000 MX_TIM1_Init
/var/folders/5c/srt4fy4j1pd641bjfx75k5000000gn/T//ccK2JBwB.s:706    .text.MX_TIM1_Init:0000011c $d
/var/folders/5c/srt4fy4j1pd641bjfx75k5000000gn/T//ccK2JBwB.s:1130   .bss.htim1:00000000 htim1
/var/folders/5c/srt4fy4j1pd641bjfx75k5000000gn/T//ccK2JBwB.s:712    .text.MX_TIM2_Init:00000000 $t
/var/folders/5c/srt4fy4j1pd641bjfx75k5000000gn/T//ccK2JBwB.s:718    .text.MX_TIM2_Init:00000000 MX_TIM2_Init
/var/folders/5c/srt4fy4j1pd641bjfx75k5000000gn/T//ccK2JBwB.s:860    .text.MX_TIM2_Init:00000090 $d
/var/folders/5c/srt4fy4j1pd641bjfx75k5000000gn/T//ccK2JBwB.s:1123   .bss.htim2:00000000 htim2
/var/folders/5c/srt4fy4j1pd641bjfx75k5000000gn/T//ccK2JBwB.s:865    .text.MX_TIM3_Init:00000000 $t
/var/folders/5c/srt4fy4j1pd641bjfx75k5000000gn/T//ccK2JBwB.s:871    .text.MX_TIM3_Init:00000000 MX_TIM3_Init
/var/folders/5c/srt4fy4j1pd641bjfx75k5000000gn/T//ccK2JBwB.s:1013   .text.MX_TIM3_Init:0000008c $d
/var/folders/5c/srt4fy4j1pd641bjfx75k5000000gn/T//ccK2JBwB.s:1116   .bss.htim3:00000000 htim3
/var/folders/5c/srt4fy4j1pd641bjfx75k5000000gn/T//ccK2JBwB.s:1019   .text.HAL_TIM_Base_MspDeInit:00000000 $t
/var/folders/5c/srt4fy4j1pd641bjfx75k5000000gn/T//ccK2JBwB.s:1025   .text.HAL_TIM_Base_MspDeInit:00000000 HAL_TIM_Base_MspDeInit
/var/folders/5c/srt4fy4j1pd641bjfx75k5000000gn/T//ccK2JBwB.s:1054   .text.HAL_TIM_Base_MspDeInit:00000018 $d
/var/folders/5c/srt4fy4j1pd641bjfx75k5000000gn/T//ccK2JBwB.s:1060   .text.HAL_TIM_PWM_MspDeInit:00000000 $t
/var/folders/5c/srt4fy4j1pd641bjfx75k5000000gn/T//ccK2JBwB.s:1066   .text.HAL_TIM_PWM_MspDeInit:00000000 HAL_TIM_PWM_MspDeInit
/var/folders/5c/srt4fy4j1pd641bjfx75k5000000gn/T//ccK2JBwB.s:1106   .text.HAL_TIM_PWM_MspDeInit:0000002c $d
/var/folders/5c/srt4fy4j1pd641bjfx75k5000000gn/T//ccK2JBwB.s:1113   .bss.htim3:00000000 $d
/var/folders/5c/srt4fy4j1pd641bjfx75k5000000gn/T//ccK2JBwB.s:1120   .bss.htim2:00000000 $d
/var/folders/5c/srt4fy4j1pd641bjfx75k5000000gn/T//ccK2JBwB.s:1127   .bss.htim1:00000000 $d

UNDEFINED SYMBOLS
HAL_GPIO_Init
memset
HAL_TIM_Base_Init
HAL_TIM_ConfigClockSource
HAL_TIM_PWM_Init
HAL_TIMEx_MasterConfigSynchronization
HAL_TIM_PWM_ConfigChannel
HAL_TIMEx_ConfigBreakDeadTime
Error_Handler
